Nov 08 17:21:46 nsimon kernel: Linux version 6.6.0 (root@nsimon) (gcc (GCC) 11.3.1 20221121 (Red Hat 11.3.1-4), GNU ld version 2.35.2-37.el9) #5 SMP PREEMPT_DYNAMIC Wed Nov  8 17:04:39 CET 2023
Nov 08 17:21:46 nsimon kernel: Command line: BOOT_IMAGE=(hd0,msdos1)/vmlinuz-6.6.0 root=/dev/mapper/rl-root ro crashkernel=1G-4G:192M,4G-64G:256M,64G-:512M resume=/dev/mapper/rl-swap rd.lvm.lv=rl/root rd.lvm.lv=rl/swap
Nov 08 17:21:46 nsimon kernel: Disabled fast string operations
Nov 08 17:21:46 nsimon kernel: BIOS-provided physical RAM map:
Nov 08 17:21:46 nsimon kernel: BIOS-e820: [mem 0x0000000000000000-0x0000000000097bff] usable
Nov 08 17:21:46 nsimon kernel: BIOS-e820: [mem 0x0000000000097c00-0x000000000009ffff] reserved
Nov 08 17:21:46 nsimon kernel: BIOS-e820: [mem 0x00000000000ce000-0x00000000000cffff] reserved
Nov 08 17:21:46 nsimon kernel: BIOS-e820: [mem 0x00000000000dc000-0x00000000000fffff] reserved
Nov 08 17:21:46 nsimon kernel: BIOS-e820: [mem 0x0000000000100000-0x00000000bfecffff] usable
Nov 08 17:21:46 nsimon kernel: BIOS-e820: [mem 0x00000000bfed0000-0x00000000bfefefff] ACPI data
Nov 08 17:21:46 nsimon kernel: BIOS-e820: [mem 0x00000000bfeff000-0x00000000bfefffff] ACPI NVS
Nov 08 17:21:46 nsimon kernel: BIOS-e820: [mem 0x00000000bff00000-0x00000000bfffffff] usable
Nov 08 17:21:46 nsimon kernel: BIOS-e820: [mem 0x00000000f0000000-0x00000000f7ffffff] reserved
Nov 08 17:21:46 nsimon kernel: BIOS-e820: [mem 0x00000000fec00000-0x00000000fec0ffff] reserved
Nov 08 17:21:46 nsimon kernel: BIOS-e820: [mem 0x00000000fee00000-0x00000000fee00fff] reserved
Nov 08 17:21:46 nsimon kernel: BIOS-e820: [mem 0x00000000fffe0000-0x00000000ffffffff] reserved
Nov 08 17:21:46 nsimon kernel: BIOS-e820: [mem 0x0000000100000000-0x000000013fffffff] usable
Nov 08 17:21:46 nsimon kernel: NX (Execute Disable) protection: active
Nov 08 17:21:46 nsimon kernel: APIC: Static calls initialized
Nov 08 17:21:46 nsimon kernel: SMBIOS 2.7 present.
Nov 08 17:21:46 nsimon kernel: DMI: VMware, Inc. VMware Virtual Platform/440BX Desktop Reference Platform, BIOS 6.00 11/12/2020
Nov 08 17:21:46 nsimon kernel: vmware: hypercall mode: 0x02
Nov 08 17:21:46 nsimon kernel: Hypervisor detected: VMware
Nov 08 17:21:46 nsimon kernel: vmware: TSC freq read from hypervisor : 2304.000 MHz
Nov 08 17:21:46 nsimon kernel: vmware: Host bus clock speed read from hypervisor : 66000000 Hz
Nov 08 17:21:46 nsimon kernel: vmware: using clock offset of 17303928587 ns
Nov 08 17:21:46 nsimon kernel: tsc: Detected 2304.000 MHz processor
Nov 08 17:21:46 nsimon kernel: e820: update [mem 0x00000000-0x00000fff] usable ==> reserved
Nov 08 17:21:46 nsimon kernel: e820: remove [mem 0x000a0000-0x000fffff] usable
Nov 08 17:21:46 nsimon kernel: last_pfn = 0x140000 max_arch_pfn = 0x400000000
Nov 08 17:21:46 nsimon kernel: total RAM covered: 130048M
Nov 08 17:21:46 nsimon kernel: Found optimal setting for mtrr clean up
Nov 08 17:21:46 nsimon kernel:  gran_size: 64K         chunk_size: 64K         num_reg: 7          lose cover RAM: 0G
Nov 08 17:21:46 nsimon kernel: MTRR map: 7 entries (5 fixed + 2 variable; max 21), built from 8 variable MTRRs
Nov 08 17:21:46 nsimon kernel: x86/PAT: Configuration [0-7]: WB  WC  UC- UC  WB  WP  UC- WT  
Nov 08 17:21:46 nsimon kernel: e820: update [mem 0xc0000000-0xffffffff] usable ==> reserved
Nov 08 17:21:46 nsimon kernel: last_pfn = 0xc0000 max_arch_pfn = 0x400000000
Nov 08 17:21:46 nsimon kernel: found SMP MP-table at [mem 0x000f6a70-0x000f6a7f]
Nov 08 17:21:46 nsimon kernel: Using GB pages for direct mapping
Nov 08 17:21:46 nsimon kernel: RAMDISK: [mem 0x2cc1b000-0x32605fff]
Nov 08 17:21:46 nsimon kernel: ACPI: Early table checksum verification disabled
Nov 08 17:21:46 nsimon kernel: ACPI: RSDP 0x00000000000F6A00 000024 (v02 PTLTD )
Nov 08 17:21:46 nsimon kernel: ACPI: XSDT 0x00000000BFEDC633 00005C (v01 INTEL  440BX    06040000 VMW  01324272)
Nov 08 17:21:46 nsimon kernel: ACPI: FACP 0x00000000BFEFEE73 0000F4 (v04 INTEL  440BX    06040000 PTL  000F4240)
Nov 08 17:21:46 nsimon kernel: ACPI: DSDT 0x00000000BFEDD9E8 02148B (v01 PTLTD  Custom   06040000 MSFT 03000001)
Nov 08 17:21:46 nsimon kernel: ACPI: FACS 0x00000000BFEFFFC0 000040
Nov 08 17:21:46 nsimon kernel: ACPI: FACS 0x00000000BFEFFFC0 000040
Nov 08 17:21:46 nsimon kernel: ACPI: BOOT 0x00000000BFEDD9C0 000028 (v01 PTLTD  $SBFTBL$ 06040000  LTP 00000001)
Nov 08 17:21:46 nsimon kernel: ACPI: APIC 0x00000000BFEDD27E 000742 (v01 PTLTD  ? APIC   06040000  LTP 00000000)
Nov 08 17:21:46 nsimon kernel: ACPI: MCFG 0x00000000BFEDD242 00003C (v01 PTLTD  $PCITBL$ 06040000  LTP 00000001)
Nov 08 17:21:46 nsimon kernel: ACPI: SRAT 0x00000000BFEDC72F 0008D0 (v02 VMWARE MEMPLUG  06040000 VMW  00000001)
Nov 08 17:21:46 nsimon kernel: ACPI: HPET 0x00000000BFEDC6F7 000038 (v01 VMWARE VMW HPET 06040000 VMW  00000001)
Nov 08 17:21:46 nsimon kernel: ACPI: WAET 0x00000000BFEDC6CF 000028 (v01 VMWARE VMW WAET 06040000 VMW  00000001)
Nov 08 17:21:46 nsimon kernel: ACPI: Reserving FACP table memory at [mem 0xbfefee73-0xbfefef66]
Nov 08 17:21:46 nsimon kernel: ACPI: Reserving DSDT table memory at [mem 0xbfedd9e8-0xbfefee72]
Nov 08 17:21:46 nsimon kernel: ACPI: Reserving FACS table memory at [mem 0xbfefffc0-0xbfefffff]
Nov 08 17:21:46 nsimon kernel: ACPI: Reserving FACS table memory at [mem 0xbfefffc0-0xbfefffff]
Nov 08 17:21:46 nsimon kernel: ACPI: Reserving BOOT table memory at [mem 0xbfedd9c0-0xbfedd9e7]
Nov 08 17:21:46 nsimon kernel: ACPI: Reserving APIC table memory at [mem 0xbfedd27e-0xbfedd9bf]
Nov 08 17:21:46 nsimon kernel: ACPI: Reserving MCFG table memory at [mem 0xbfedd242-0xbfedd27d]
Nov 08 17:21:46 nsimon kernel: ACPI: Reserving SRAT table memory at [mem 0xbfedc72f-0xbfedcffe]
Nov 08 17:21:46 nsimon kernel: ACPI: Reserving HPET table memory at [mem 0xbfedc6f7-0xbfedc72e]
Nov 08 17:21:46 nsimon kernel: ACPI: Reserving WAET table memory at [mem 0xbfedc6cf-0xbfedc6f6]
Nov 08 17:21:46 nsimon kernel: system APIC only can use physical flat
Nov 08 17:21:46 nsimon kernel: APIC: Switched APIC routing to: physical flat
Nov 08 17:21:46 nsimon kernel: SRAT: PXM 0 -> APIC 0x00 -> Node 0
Nov 08 17:21:46 nsimon kernel: SRAT: PXM 0 -> APIC 0x02 -> Node 0
Nov 08 17:21:46 nsimon kernel: SRAT: PXM 0 -> APIC 0x04 -> Node 0
Nov 08 17:21:46 nsimon kernel: SRAT: PXM 0 -> APIC 0x06 -> Node 0
Nov 08 17:21:46 nsimon kernel: SRAT: PXM 0 -> APIC 0x08 -> Node 0
Nov 08 17:21:46 nsimon kernel: SRAT: PXM 0 -> APIC 0x0a -> Node 0
Nov 08 17:21:46 nsimon kernel: SRAT: PXM 0 -> APIC 0x0c -> Node 0
Nov 08 17:21:46 nsimon kernel: SRAT: PXM 0 -> APIC 0x0e -> Node 0
Nov 08 17:21:46 nsimon kernel: SRAT: PXM 0 -> APIC 0x10 -> Node 0
Nov 08 17:21:46 nsimon kernel: SRAT: PXM 0 -> APIC 0x12 -> Node 0
Nov 08 17:21:46 nsimon kernel: SRAT: PXM 0 -> APIC 0x14 -> Node 0
Nov 08 17:21:46 nsimon kernel: SRAT: PXM 0 -> APIC 0x16 -> Node 0
Nov 08 17:21:46 nsimon kernel: SRAT: PXM 0 -> APIC 0x18 -> Node 0
Nov 08 17:21:46 nsimon kernel: SRAT: PXM 0 -> APIC 0x1a -> Node 0
Nov 08 17:21:46 nsimon kernel: SRAT: PXM 0 -> APIC 0x1c -> Node 0
Nov 08 17:21:46 nsimon kernel: SRAT: PXM 0 -> APIC 0x1e -> Node 0
Nov 08 17:21:46 nsimon kernel: SRAT: PXM 0 -> APIC 0x20 -> Node 0
Nov 08 17:21:46 nsimon kernel: SRAT: PXM 0 -> APIC 0x22 -> Node 0
Nov 08 17:21:46 nsimon kernel: SRAT: PXM 0 -> APIC 0x24 -> Node 0
Nov 08 17:21:46 nsimon kernel: SRAT: PXM 0 -> APIC 0x26 -> Node 0
Nov 08 17:21:46 nsimon kernel: SRAT: PXM 0 -> APIC 0x28 -> Node 0
Nov 08 17:21:46 nsimon kernel: SRAT: PXM 0 -> APIC 0x2a -> Node 0
Nov 08 17:21:46 nsimon kernel: SRAT: PXM 0 -> APIC 0x2c -> Node 0
Nov 08 17:21:46 nsimon kernel: SRAT: PXM 0 -> APIC 0x2e -> Node 0
Nov 08 17:21:46 nsimon kernel: SRAT: PXM 0 -> APIC 0x30 -> Node 0
Nov 08 17:21:46 nsimon kernel: SRAT: PXM 0 -> APIC 0x32 -> Node 0
Nov 08 17:21:46 nsimon kernel: SRAT: PXM 0 -> APIC 0x34 -> Node 0
Nov 08 17:21:46 nsimon kernel: SRAT: PXM 0 -> APIC 0x36 -> Node 0
Nov 08 17:21:46 nsimon kernel: SRAT: PXM 0 -> APIC 0x38 -> Node 0
Nov 08 17:21:46 nsimon kernel: SRAT: PXM 0 -> APIC 0x3a -> Node 0
Nov 08 17:21:46 nsimon kernel: SRAT: PXM 0 -> APIC 0x3c -> Node 0
Nov 08 17:21:46 nsimon kernel: SRAT: PXM 0 -> APIC 0x3e -> Node 0
Nov 08 17:21:46 nsimon kernel: SRAT: PXM 0 -> APIC 0x40 -> Node 0
Nov 08 17:21:46 nsimon kernel: SRAT: PXM 0 -> APIC 0x42 -> Node 0
Nov 08 17:21:46 nsimon kernel: SRAT: PXM 0 -> APIC 0x44 -> Node 0
Nov 08 17:21:46 nsimon kernel: SRAT: PXM 0 -> APIC 0x46 -> Node 0
Nov 08 17:21:46 nsimon kernel: SRAT: PXM 0 -> APIC 0x48 -> Node 0
Nov 08 17:21:46 nsimon kernel: SRAT: PXM 0 -> APIC 0x4a -> Node 0
Nov 08 17:21:46 nsimon kernel: SRAT: PXM 0 -> APIC 0x4c -> Node 0
Nov 08 17:21:46 nsimon kernel: SRAT: PXM 0 -> APIC 0x4e -> Node 0
Nov 08 17:21:46 nsimon kernel: SRAT: PXM 0 -> APIC 0x50 -> Node 0
Nov 08 17:21:46 nsimon kernel: SRAT: PXM 0 -> APIC 0x52 -> Node 0
Nov 08 17:21:46 nsimon kernel: SRAT: PXM 0 -> APIC 0x54 -> Node 0
Nov 08 17:21:46 nsimon kernel: SRAT: PXM 0 -> APIC 0x56 -> Node 0
Nov 08 17:21:46 nsimon kernel: SRAT: PXM 0 -> APIC 0x58 -> Node 0
Nov 08 17:21:46 nsimon kernel: SRAT: PXM 0 -> APIC 0x5a -> Node 0
Nov 08 17:21:46 nsimon kernel: SRAT: PXM 0 -> APIC 0x5c -> Node 0
Nov 08 17:21:46 nsimon kernel: SRAT: PXM 0 -> APIC 0x5e -> Node 0
Nov 08 17:21:46 nsimon kernel: SRAT: PXM 0 -> APIC 0x60 -> Node 0
Nov 08 17:21:46 nsimon kernel: SRAT: PXM 0 -> APIC 0x62 -> Node 0
Nov 08 17:21:46 nsimon kernel: SRAT: PXM 0 -> APIC 0x64 -> Node 0
Nov 08 17:21:46 nsimon kernel: SRAT: PXM 0 -> APIC 0x66 -> Node 0
Nov 08 17:21:46 nsimon kernel: SRAT: PXM 0 -> APIC 0x68 -> Node 0
Nov 08 17:21:46 nsimon kernel: SRAT: PXM 0 -> APIC 0x6a -> Node 0
Nov 08 17:21:46 nsimon kernel: SRAT: PXM 0 -> APIC 0x6c -> Node 0
Nov 08 17:21:46 nsimon kernel: SRAT: PXM 0 -> APIC 0x6e -> Node 0
Nov 08 17:21:46 nsimon kernel: SRAT: PXM 0 -> APIC 0x70 -> Node 0
Nov 08 17:21:46 nsimon kernel: SRAT: PXM 0 -> APIC 0x72 -> Node 0
Nov 08 17:21:46 nsimon kernel: SRAT: PXM 0 -> APIC 0x74 -> Node 0
Nov 08 17:21:46 nsimon kernel: SRAT: PXM 0 -> APIC 0x76 -> Node 0
Nov 08 17:21:46 nsimon kernel: SRAT: PXM 0 -> APIC 0x78 -> Node 0
Nov 08 17:21:46 nsimon kernel: SRAT: PXM 0 -> APIC 0x7a -> Node 0
Nov 08 17:21:46 nsimon kernel: SRAT: PXM 0 -> APIC 0x7c -> Node 0
Nov 08 17:21:46 nsimon kernel: SRAT: PXM 0 -> APIC 0x7e -> Node 0
Nov 08 17:21:46 nsimon kernel: SRAT: PXM 0 -> APIC 0x80 -> Node 0
Nov 08 17:21:46 nsimon kernel: SRAT: PXM 0 -> APIC 0x82 -> Node 0
Nov 08 17:21:46 nsimon kernel: SRAT: PXM 0 -> APIC 0x84 -> Node 0
Nov 08 17:21:46 nsimon kernel: SRAT: PXM 0 -> APIC 0x86 -> Node 0
Nov 08 17:21:46 nsimon kernel: SRAT: PXM 0 -> APIC 0x88 -> Node 0
Nov 08 17:21:46 nsimon kernel: SRAT: PXM 0 -> APIC 0x8a -> Node 0
Nov 08 17:21:46 nsimon kernel: SRAT: PXM 0 -> APIC 0x8c -> Node 0
Nov 08 17:21:46 nsimon kernel: SRAT: PXM 0 -> APIC 0x8e -> Node 0
Nov 08 17:21:46 nsimon kernel: SRAT: PXM 0 -> APIC 0x90 -> Node 0
Nov 08 17:21:46 nsimon kernel: SRAT: PXM 0 -> APIC 0x92 -> Node 0
Nov 08 17:21:46 nsimon kernel: SRAT: PXM 0 -> APIC 0x94 -> Node 0
Nov 08 17:21:46 nsimon kernel: SRAT: PXM 0 -> APIC 0x96 -> Node 0
Nov 08 17:21:46 nsimon kernel: SRAT: PXM 0 -> APIC 0x98 -> Node 0
Nov 08 17:21:46 nsimon kernel: SRAT: PXM 0 -> APIC 0x9a -> Node 0
Nov 08 17:21:46 nsimon kernel: SRAT: PXM 0 -> APIC 0x9c -> Node 0
Nov 08 17:21:46 nsimon kernel: SRAT: PXM 0 -> APIC 0x9e -> Node 0
Nov 08 17:21:46 nsimon kernel: SRAT: PXM 0 -> APIC 0xa0 -> Node 0
Nov 08 17:21:46 nsimon kernel: SRAT: PXM 0 -> APIC 0xa2 -> Node 0
Nov 08 17:21:46 nsimon kernel: SRAT: PXM 0 -> APIC 0xa4 -> Node 0
Nov 08 17:21:46 nsimon kernel: SRAT: PXM 0 -> APIC 0xa6 -> Node 0
Nov 08 17:21:46 nsimon kernel: SRAT: PXM 0 -> APIC 0xa8 -> Node 0
Nov 08 17:21:46 nsimon kernel: SRAT: PXM 0 -> APIC 0xaa -> Node 0
Nov 08 17:21:46 nsimon kernel: SRAT: PXM 0 -> APIC 0xac -> Node 0
Nov 08 17:21:46 nsimon kernel: SRAT: PXM 0 -> APIC 0xae -> Node 0
Nov 08 17:21:46 nsimon kernel: SRAT: PXM 0 -> APIC 0xb0 -> Node 0
Nov 08 17:21:46 nsimon kernel: SRAT: PXM 0 -> APIC 0xb2 -> Node 0
Nov 08 17:21:46 nsimon kernel: SRAT: PXM 0 -> APIC 0xb4 -> Node 0
Nov 08 17:21:46 nsimon kernel: SRAT: PXM 0 -> APIC 0xb6 -> Node 0
Nov 08 17:21:46 nsimon kernel: SRAT: PXM 0 -> APIC 0xb8 -> Node 0
Nov 08 17:21:46 nsimon kernel: SRAT: PXM 0 -> APIC 0xba -> Node 0
Nov 08 17:21:46 nsimon kernel: SRAT: PXM 0 -> APIC 0xbc -> Node 0
Nov 08 17:21:46 nsimon kernel: SRAT: PXM 0 -> APIC 0xbe -> Node 0
Nov 08 17:21:46 nsimon kernel: SRAT: PXM 0 -> APIC 0xc0 -> Node 0
Nov 08 17:21:46 nsimon kernel: SRAT: PXM 0 -> APIC 0xc2 -> Node 0
Nov 08 17:21:46 nsimon kernel: SRAT: PXM 0 -> APIC 0xc4 -> Node 0
Nov 08 17:21:46 nsimon kernel: SRAT: PXM 0 -> APIC 0xc6 -> Node 0
Nov 08 17:21:46 nsimon kernel: SRAT: PXM 0 -> APIC 0xc8 -> Node 0
Nov 08 17:21:46 nsimon kernel: SRAT: PXM 0 -> APIC 0xca -> Node 0
Nov 08 17:21:46 nsimon kernel: SRAT: PXM 0 -> APIC 0xcc -> Node 0
Nov 08 17:21:46 nsimon kernel: SRAT: PXM 0 -> APIC 0xce -> Node 0
Nov 08 17:21:46 nsimon kernel: SRAT: PXM 0 -> APIC 0xd0 -> Node 0
Nov 08 17:21:46 nsimon kernel: SRAT: PXM 0 -> APIC 0xd2 -> Node 0
Nov 08 17:21:46 nsimon kernel: SRAT: PXM 0 -> APIC 0xd4 -> Node 0
Nov 08 17:21:46 nsimon kernel: SRAT: PXM 0 -> APIC 0xd6 -> Node 0
Nov 08 17:21:46 nsimon kernel: SRAT: PXM 0 -> APIC 0xd8 -> Node 0
Nov 08 17:21:46 nsimon kernel: SRAT: PXM 0 -> APIC 0xda -> Node 0
Nov 08 17:21:46 nsimon kernel: SRAT: PXM 0 -> APIC 0xdc -> Node 0
Nov 08 17:21:46 nsimon kernel: SRAT: PXM 0 -> APIC 0xde -> Node 0
Nov 08 17:21:46 nsimon kernel: SRAT: PXM 0 -> APIC 0xe0 -> Node 0
Nov 08 17:21:46 nsimon kernel: SRAT: PXM 0 -> APIC 0xe2 -> Node 0
Nov 08 17:21:46 nsimon kernel: SRAT: PXM 0 -> APIC 0xe4 -> Node 0
Nov 08 17:21:46 nsimon kernel: SRAT: PXM 0 -> APIC 0xe6 -> Node 0
Nov 08 17:21:46 nsimon kernel: SRAT: PXM 0 -> APIC 0xe8 -> Node 0
Nov 08 17:21:46 nsimon kernel: SRAT: PXM 0 -> APIC 0xea -> Node 0
Nov 08 17:21:46 nsimon kernel: SRAT: PXM 0 -> APIC 0xec -> Node 0
Nov 08 17:21:46 nsimon kernel: SRAT: PXM 0 -> APIC 0xee -> Node 0
Nov 08 17:21:46 nsimon kernel: SRAT: PXM 0 -> APIC 0xf0 -> Node 0
Nov 08 17:21:46 nsimon kernel: SRAT: PXM 0 -> APIC 0xf2 -> Node 0
Nov 08 17:21:46 nsimon kernel: SRAT: PXM 0 -> APIC 0xf4 -> Node 0
Nov 08 17:21:46 nsimon kernel: SRAT: PXM 0 -> APIC 0xf6 -> Node 0
Nov 08 17:21:46 nsimon kernel: SRAT: PXM 0 -> APIC 0xf8 -> Node 0
Nov 08 17:21:46 nsimon kernel: SRAT: PXM 0 -> APIC 0xfa -> Node 0
Nov 08 17:21:46 nsimon kernel: SRAT: PXM 0 -> APIC 0xfc -> Node 0
Nov 08 17:21:46 nsimon kernel: SRAT: PXM 0 -> APIC 0xfe -> Node 0
Nov 08 17:21:46 nsimon kernel: ACPI: SRAT: Node 0 PXM 0 [mem 0x00000000-0x0009ffff]
Nov 08 17:21:46 nsimon kernel: ACPI: SRAT: Node 0 PXM 0 [mem 0x00100000-0xbfffffff]
Nov 08 17:21:46 nsimon kernel: ACPI: SRAT: Node 0 PXM 0 [mem 0x100000000-0x13fffffff]
Nov 08 17:21:46 nsimon kernel: ACPI: SRAT: Node 0 PXM 0 [mem 0x140000000-0x103fffffff] hotplug
Nov 08 17:21:46 nsimon kernel: NUMA: Node 0 [mem 0x00000000-0x0009ffff] + [mem 0x00100000-0xbfffffff] -> [mem 0x00000000-0xbfffffff]
Nov 08 17:21:46 nsimon kernel: NUMA: Node 0 [mem 0x00000000-0xbfffffff] + [mem 0x100000000-0x13fffffff] -> [mem 0x00000000-0x13fffffff]
Nov 08 17:21:46 nsimon kernel: NODE_DATA(0) allocated [mem 0x13ffd3000-0x13fffdfff]
Nov 08 17:21:46 nsimon kernel: Reserving 256MB of memory at 2800MB for crashkernel (System RAM: 4095MB)
Nov 08 17:21:46 nsimon kernel: Zone ranges:
Nov 08 17:21:46 nsimon kernel:   DMA      [mem 0x0000000000001000-0x0000000000ffffff]
Nov 08 17:21:46 nsimon kernel:   DMA32    [mem 0x0000000001000000-0x00000000ffffffff]
Nov 08 17:21:46 nsimon kernel:   Normal   [mem 0x0000000100000000-0x000000013fffffff]
Nov 08 17:21:46 nsimon kernel:   Device   empty
Nov 08 17:21:46 nsimon kernel: Movable zone start for each node
Nov 08 17:21:46 nsimon kernel: Early memory node ranges
Nov 08 17:21:46 nsimon kernel:   node   0: [mem 0x0000000000001000-0x0000000000096fff]
Nov 08 17:21:46 nsimon kernel:   node   0: [mem 0x0000000000100000-0x00000000bfecffff]
Nov 08 17:21:46 nsimon kernel:   node   0: [mem 0x00000000bff00000-0x00000000bfffffff]
Nov 08 17:21:46 nsimon kernel:   node   0: [mem 0x0000000100000000-0x000000013fffffff]
Nov 08 17:21:46 nsimon kernel: Initmem setup node 0 [mem 0x0000000000001000-0x000000013fffffff]
Nov 08 17:21:46 nsimon kernel: On node 0, zone DMA: 1 pages in unavailable ranges
Nov 08 17:21:46 nsimon kernel: On node 0, zone DMA: 105 pages in unavailable ranges
Nov 08 17:21:46 nsimon kernel: On node 0, zone DMA32: 48 pages in unavailable ranges
Nov 08 17:21:46 nsimon kernel: ACPI: PM-Timer IO Port: 0x1008
Nov 08 17:21:46 nsimon kernel: system APIC only can use physical flat
Nov 08 17:21:46 nsimon kernel: ACPI: LAPIC_NMI (acpi_id[0x00] high edge lint[0x1])
Nov 08 17:21:46 nsimon kernel: ACPI: LAPIC_NMI (acpi_id[0x01] high edge lint[0x1])
Nov 08 17:21:46 nsimon kernel: ACPI: LAPIC_NMI (acpi_id[0x02] high edge lint[0x1])
Nov 08 17:21:46 nsimon kernel: ACPI: LAPIC_NMI (acpi_id[0x03] high edge lint[0x1])
Nov 08 17:21:46 nsimon kernel: ACPI: LAPIC_NMI (acpi_id[0x04] high edge lint[0x1])
Nov 08 17:21:46 nsimon kernel: ACPI: LAPIC_NMI (acpi_id[0x05] high edge lint[0x1])
Nov 08 17:21:46 nsimon kernel: ACPI: LAPIC_NMI (acpi_id[0x06] high edge lint[0x1])
Nov 08 17:21:46 nsimon kernel: ACPI: LAPIC_NMI (acpi_id[0x07] high edge lint[0x1])
Nov 08 17:21:46 nsimon kernel: ACPI: LAPIC_NMI (acpi_id[0x08] high edge lint[0x1])
Nov 08 17:21:46 nsimon kernel: ACPI: LAPIC_NMI (acpi_id[0x09] high edge lint[0x1])
Nov 08 17:21:46 nsimon kernel: ACPI: LAPIC_NMI (acpi_id[0x0a] high edge lint[0x1])
Nov 08 17:21:46 nsimon kernel: ACPI: LAPIC_NMI (acpi_id[0x0b] high edge lint[0x1])
Nov 08 17:21:46 nsimon kernel: ACPI: LAPIC_NMI (acpi_id[0x0c] high edge lint[0x1])
Nov 08 17:21:46 nsimon kernel: ACPI: LAPIC_NMI (acpi_id[0x0d] high edge lint[0x1])
Nov 08 17:21:46 nsimon kernel: ACPI: LAPIC_NMI (acpi_id[0x0e] high edge lint[0x1])
Nov 08 17:21:46 nsimon kernel: ACPI: LAPIC_NMI (acpi_id[0x0f] high edge lint[0x1])
Nov 08 17:21:46 nsimon kernel: ACPI: LAPIC_NMI (acpi_id[0x10] high edge lint[0x1])
Nov 08 17:21:46 nsimon kernel: ACPI: LAPIC_NMI (acpi_id[0x11] high edge lint[0x1])
Nov 08 17:21:46 nsimon kernel: ACPI: LAPIC_NMI (acpi_id[0x12] high edge lint[0x1])
Nov 08 17:21:46 nsimon kernel: ACPI: LAPIC_NMI (acpi_id[0x13] high edge lint[0x1])
Nov 08 17:21:46 nsimon kernel: ACPI: LAPIC_NMI (acpi_id[0x14] high edge lint[0x1])
Nov 08 17:21:46 nsimon kernel: ACPI: LAPIC_NMI (acpi_id[0x15] high edge lint[0x1])
Nov 08 17:21:46 nsimon kernel: ACPI: LAPIC_NMI (acpi_id[0x16] high edge lint[0x1])
Nov 08 17:21:46 nsimon kernel: ACPI: LAPIC_NMI (acpi_id[0x17] high edge lint[0x1])
Nov 08 17:21:46 nsimon kernel: ACPI: LAPIC_NMI (acpi_id[0x18] high edge lint[0x1])
Nov 08 17:21:46 nsimon kernel: ACPI: LAPIC_NMI (acpi_id[0x19] high edge lint[0x1])
Nov 08 17:21:46 nsimon kernel: ACPI: LAPIC_NMI (acpi_id[0x1a] high edge lint[0x1])
Nov 08 17:21:46 nsimon kernel: ACPI: LAPIC_NMI (acpi_id[0x1b] high edge lint[0x1])
Nov 08 17:21:46 nsimon kernel: ACPI: LAPIC_NMI (acpi_id[0x1c] high edge lint[0x1])
Nov 08 17:21:46 nsimon kernel: ACPI: LAPIC_NMI (acpi_id[0x1d] high edge lint[0x1])
Nov 08 17:21:46 nsimon kernel: ACPI: LAPIC_NMI (acpi_id[0x1e] high edge lint[0x1])
Nov 08 17:21:46 nsimon kernel: ACPI: LAPIC_NMI (acpi_id[0x1f] high edge lint[0x1])
Nov 08 17:21:46 nsimon kernel: ACPI: LAPIC_NMI (acpi_id[0x20] high edge lint[0x1])
Nov 08 17:21:46 nsimon kernel: ACPI: LAPIC_NMI (acpi_id[0x21] high edge lint[0x1])
Nov 08 17:21:46 nsimon kernel: ACPI: LAPIC_NMI (acpi_id[0x22] high edge lint[0x1])
Nov 08 17:21:46 nsimon kernel: ACPI: LAPIC_NMI (acpi_id[0x23] high edge lint[0x1])
Nov 08 17:21:46 nsimon kernel: ACPI: LAPIC_NMI (acpi_id[0x24] high edge lint[0x1])
Nov 08 17:21:46 nsimon kernel: ACPI: LAPIC_NMI (acpi_id[0x25] high edge lint[0x1])
Nov 08 17:21:46 nsimon kernel: ACPI: LAPIC_NMI (acpi_id[0x26] high edge lint[0x1])
Nov 08 17:21:46 nsimon kernel: ACPI: LAPIC_NMI (acpi_id[0x27] high edge lint[0x1])
Nov 08 17:21:46 nsimon kernel: ACPI: LAPIC_NMI (acpi_id[0x28] high edge lint[0x1])
Nov 08 17:21:46 nsimon kernel: ACPI: LAPIC_NMI (acpi_id[0x29] high edge lint[0x1])
Nov 08 17:21:46 nsimon kernel: ACPI: LAPIC_NMI (acpi_id[0x2a] high edge lint[0x1])
Nov 08 17:21:46 nsimon kernel: ACPI: LAPIC_NMI (acpi_id[0x2b] high edge lint[0x1])
Nov 08 17:21:46 nsimon kernel: ACPI: LAPIC_NMI (acpi_id[0x2c] high edge lint[0x1])
Nov 08 17:21:46 nsimon kernel: ACPI: LAPIC_NMI (acpi_id[0x2d] high edge lint[0x1])
Nov 08 17:21:46 nsimon kernel: ACPI: LAPIC_NMI (acpi_id[0x2e] high edge lint[0x1])
Nov 08 17:21:46 nsimon kernel: ACPI: LAPIC_NMI (acpi_id[0x2f] high edge lint[0x1])
Nov 08 17:21:46 nsimon kernel: ACPI: LAPIC_NMI (acpi_id[0x30] high edge lint[0x1])
Nov 08 17:21:46 nsimon kernel: ACPI: LAPIC_NMI (acpi_id[0x31] high edge lint[0x1])
Nov 08 17:21:46 nsimon kernel: ACPI: LAPIC_NMI (acpi_id[0x32] high edge lint[0x1])
Nov 08 17:21:46 nsimon kernel: ACPI: LAPIC_NMI (acpi_id[0x33] high edge lint[0x1])
Nov 08 17:21:46 nsimon kernel: ACPI: LAPIC_NMI (acpi_id[0x34] high edge lint[0x1])
Nov 08 17:21:46 nsimon kernel: ACPI: LAPIC_NMI (acpi_id[0x35] high edge lint[0x1])
Nov 08 17:21:46 nsimon kernel: ACPI: LAPIC_NMI (acpi_id[0x36] high edge lint[0x1])
Nov 08 17:21:46 nsimon kernel: ACPI: LAPIC_NMI (acpi_id[0x37] high edge lint[0x1])
Nov 08 17:21:46 nsimon kernel: ACPI: LAPIC_NMI (acpi_id[0x38] high edge lint[0x1])
Nov 08 17:21:46 nsimon kernel: ACPI: LAPIC_NMI (acpi_id[0x39] high edge lint[0x1])
Nov 08 17:21:46 nsimon kernel: ACPI: LAPIC_NMI (acpi_id[0x3a] high edge lint[0x1])
Nov 08 17:21:46 nsimon kernel: ACPI: LAPIC_NMI (acpi_id[0x3b] high edge lint[0x1])
Nov 08 17:21:46 nsimon kernel: ACPI: LAPIC_NMI (acpi_id[0x3c] high edge lint[0x1])
Nov 08 17:21:46 nsimon kernel: ACPI: LAPIC_NMI (acpi_id[0x3d] high edge lint[0x1])
Nov 08 17:21:46 nsimon kernel: ACPI: LAPIC_NMI (acpi_id[0x3e] high edge lint[0x1])
Nov 08 17:21:46 nsimon kernel: ACPI: LAPIC_NMI (acpi_id[0x3f] high edge lint[0x1])
Nov 08 17:21:46 nsimon kernel: ACPI: LAPIC_NMI (acpi_id[0x40] high edge lint[0x1])
Nov 08 17:21:46 nsimon kernel: ACPI: LAPIC_NMI (acpi_id[0x41] high edge lint[0x1])
Nov 08 17:21:46 nsimon kernel: ACPI: LAPIC_NMI (acpi_id[0x42] high edge lint[0x1])
Nov 08 17:21:46 nsimon kernel: ACPI: LAPIC_NMI (acpi_id[0x43] high edge lint[0x1])
Nov 08 17:21:46 nsimon kernel: ACPI: LAPIC_NMI (acpi_id[0x44] high edge lint[0x1])
Nov 08 17:21:46 nsimon kernel: ACPI: LAPIC_NMI (acpi_id[0x45] high edge lint[0x1])
Nov 08 17:21:46 nsimon kernel: ACPI: LAPIC_NMI (acpi_id[0x46] high edge lint[0x1])
Nov 08 17:21:46 nsimon kernel: ACPI: LAPIC_NMI (acpi_id[0x47] high edge lint[0x1])
Nov 08 17:21:46 nsimon kernel: ACPI: LAPIC_NMI (acpi_id[0x48] high edge lint[0x1])
Nov 08 17:21:46 nsimon kernel: ACPI: LAPIC_NMI (acpi_id[0x49] high edge lint[0x1])
Nov 08 17:21:46 nsimon kernel: ACPI: LAPIC_NMI (acpi_id[0x4a] high edge lint[0x1])
Nov 08 17:21:46 nsimon kernel: ACPI: LAPIC_NMI (acpi_id[0x4b] high edge lint[0x1])
Nov 08 17:21:46 nsimon kernel: ACPI: LAPIC_NMI (acpi_id[0x4c] high edge lint[0x1])
Nov 08 17:21:46 nsimon kernel: ACPI: LAPIC_NMI (acpi_id[0x4d] high edge lint[0x1])
Nov 08 17:21:46 nsimon kernel: ACPI: LAPIC_NMI (acpi_id[0x4e] high edge lint[0x1])
Nov 08 17:21:46 nsimon kernel: ACPI: LAPIC_NMI (acpi_id[0x4f] high edge lint[0x1])
Nov 08 17:21:46 nsimon kernel: ACPI: LAPIC_NMI (acpi_id[0x50] high edge lint[0x1])
Nov 08 17:21:46 nsimon kernel: ACPI: LAPIC_NMI (acpi_id[0x51] high edge lint[0x1])
Nov 08 17:21:46 nsimon kernel: ACPI: LAPIC_NMI (acpi_id[0x52] high edge lint[0x1])
Nov 08 17:21:46 nsimon kernel: ACPI: LAPIC_NMI (acpi_id[0x53] high edge lint[0x1])
Nov 08 17:21:46 nsimon kernel: ACPI: LAPIC_NMI (acpi_id[0x54] high edge lint[0x1])
Nov 08 17:21:46 nsimon kernel: ACPI: LAPIC_NMI (acpi_id[0x55] high edge lint[0x1])
Nov 08 17:21:46 nsimon kernel: ACPI: LAPIC_NMI (acpi_id[0x56] high edge lint[0x1])
Nov 08 17:21:46 nsimon kernel: ACPI: LAPIC_NMI (acpi_id[0x57] high edge lint[0x1])
Nov 08 17:21:46 nsimon kernel: ACPI: LAPIC_NMI (acpi_id[0x58] high edge lint[0x1])
Nov 08 17:21:46 nsimon kernel: ACPI: LAPIC_NMI (acpi_id[0x59] high edge lint[0x1])
Nov 08 17:21:46 nsimon kernel: ACPI: LAPIC_NMI (acpi_id[0x5a] high edge lint[0x1])
Nov 08 17:21:46 nsimon kernel: ACPI: LAPIC_NMI (acpi_id[0x5b] high edge lint[0x1])
Nov 08 17:21:46 nsimon kernel: ACPI: LAPIC_NMI (acpi_id[0x5c] high edge lint[0x1])
Nov 08 17:21:46 nsimon kernel: ACPI: LAPIC_NMI (acpi_id[0x5d] high edge lint[0x1])
Nov 08 17:21:46 nsimon kernel: ACPI: LAPIC_NMI (acpi_id[0x5e] high edge lint[0x1])
Nov 08 17:21:46 nsimon kernel: ACPI: LAPIC_NMI (acpi_id[0x5f] high edge lint[0x1])
Nov 08 17:21:46 nsimon kernel: ACPI: LAPIC_NMI (acpi_id[0x60] high edge lint[0x1])
Nov 08 17:21:46 nsimon kernel: ACPI: LAPIC_NMI (acpi_id[0x61] high edge lint[0x1])
Nov 08 17:21:46 nsimon kernel: ACPI: LAPIC_NMI (acpi_id[0x62] high edge lint[0x1])
Nov 08 17:21:46 nsimon kernel: ACPI: LAPIC_NMI (acpi_id[0x63] high edge lint[0x1])
Nov 08 17:21:46 nsimon kernel: ACPI: LAPIC_NMI (acpi_id[0x64] high edge lint[0x1])
Nov 08 17:21:46 nsimon kernel: ACPI: LAPIC_NMI (acpi_id[0x65] high edge lint[0x1])
Nov 08 17:21:46 nsimon kernel: ACPI: LAPIC_NMI (acpi_id[0x66] high edge lint[0x1])
Nov 08 17:21:46 nsimon kernel: ACPI: LAPIC_NMI (acpi_id[0x67] high edge lint[0x1])
Nov 08 17:21:46 nsimon kernel: ACPI: LAPIC_NMI (acpi_id[0x68] high edge lint[0x1])
Nov 08 17:21:46 nsimon kernel: ACPI: LAPIC_NMI (acpi_id[0x69] high edge lint[0x1])
Nov 08 17:21:46 nsimon kernel: ACPI: LAPIC_NMI (acpi_id[0x6a] high edge lint[0x1])
Nov 08 17:21:46 nsimon kernel: ACPI: LAPIC_NMI (acpi_id[0x6b] high edge lint[0x1])
Nov 08 17:21:46 nsimon kernel: ACPI: LAPIC_NMI (acpi_id[0x6c] high edge lint[0x1])
Nov 08 17:21:46 nsimon kernel: ACPI: LAPIC_NMI (acpi_id[0x6d] high edge lint[0x1])
Nov 08 17:21:46 nsimon kernel: ACPI: LAPIC_NMI (acpi_id[0x6e] high edge lint[0x1])
Nov 08 17:21:46 nsimon kernel: ACPI: LAPIC_NMI (acpi_id[0x6f] high edge lint[0x1])
Nov 08 17:21:46 nsimon kernel: ACPI: LAPIC_NMI (acpi_id[0x70] high edge lint[0x1])
Nov 08 17:21:46 nsimon kernel: ACPI: LAPIC_NMI (acpi_id[0x71] high edge lint[0x1])
Nov 08 17:21:46 nsimon kernel: ACPI: LAPIC_NMI (acpi_id[0x72] high edge lint[0x1])
Nov 08 17:21:46 nsimon kernel: ACPI: LAPIC_NMI (acpi_id[0x73] high edge lint[0x1])
Nov 08 17:21:46 nsimon kernel: ACPI: LAPIC_NMI (acpi_id[0x74] high edge lint[0x1])
Nov 08 17:21:46 nsimon kernel: ACPI: LAPIC_NMI (acpi_id[0x75] high edge lint[0x1])
Nov 08 17:21:46 nsimon kernel: ACPI: LAPIC_NMI (acpi_id[0x76] high edge lint[0x1])
Nov 08 17:21:46 nsimon kernel: ACPI: LAPIC_NMI (acpi_id[0x77] high edge lint[0x1])
Nov 08 17:21:46 nsimon kernel: ACPI: LAPIC_NMI (acpi_id[0x78] high edge lint[0x1])
Nov 08 17:21:46 nsimon kernel: ACPI: LAPIC_NMI (acpi_id[0x79] high edge lint[0x1])
Nov 08 17:21:46 nsimon kernel: ACPI: LAPIC_NMI (acpi_id[0x7a] high edge lint[0x1])
Nov 08 17:21:46 nsimon kernel: ACPI: LAPIC_NMI (acpi_id[0x7b] high edge lint[0x1])
Nov 08 17:21:46 nsimon kernel: ACPI: LAPIC_NMI (acpi_id[0x7c] high edge lint[0x1])
Nov 08 17:21:46 nsimon kernel: ACPI: LAPIC_NMI (acpi_id[0x7d] high edge lint[0x1])
Nov 08 17:21:46 nsimon kernel: ACPI: LAPIC_NMI (acpi_id[0x7e] high edge lint[0x1])
Nov 08 17:21:46 nsimon kernel: ACPI: LAPIC_NMI (acpi_id[0x7f] high edge lint[0x1])
Nov 08 17:21:46 nsimon kernel: IOAPIC[0]: apic_id 1, version 32, address 0xfec00000, GSI 0-23
Nov 08 17:21:46 nsimon kernel: ACPI: INT_SRC_OVR (bus 0 bus_irq 0 global_irq 2 high edge)
Nov 08 17:21:46 nsimon kernel: ACPI: Using ACPI (MADT) for SMP configuration information
Nov 08 17:21:46 nsimon kernel: ACPI: HPET id: 0x8086af01 base: 0xfed00000
Nov 08 17:21:46 nsimon kernel: TSC deadline timer available
Nov 08 17:21:46 nsimon kernel: smpboot: Allowing 128 CPUs, 120 hotplug CPUs
Nov 08 17:21:46 nsimon kernel: PM: hibernation: Registered nosave memory: [mem 0x00000000-0x00000fff]
Nov 08 17:21:46 nsimon kernel: PM: hibernation: Registered nosave memory: [mem 0x00097000-0x00097fff]
Nov 08 17:21:46 nsimon kernel: PM: hibernation: Registered nosave memory: [mem 0x00098000-0x0009ffff]
Nov 08 17:21:46 nsimon kernel: PM: hibernation: Registered nosave memory: [mem 0x000a0000-0x000cdfff]
Nov 08 17:21:46 nsimon kernel: PM: hibernation: Registered nosave memory: [mem 0x000ce000-0x000cffff]
Nov 08 17:21:46 nsimon kernel: PM: hibernation: Registered nosave memory: [mem 0x000d0000-0x000dbfff]
Nov 08 17:21:46 nsimon kernel: PM: hibernation: Registered nosave memory: [mem 0x000dc000-0x000fffff]
Nov 08 17:21:46 nsimon kernel: PM: hibernation: Registered nosave memory: [mem 0xbfed0000-0xbfefefff]
Nov 08 17:21:46 nsimon kernel: PM: hibernation: Registered nosave memory: [mem 0xbfeff000-0xbfefffff]
Nov 08 17:21:46 nsimon kernel: PM: hibernation: Registered nosave memory: [mem 0xc0000000-0xefffffff]
Nov 08 17:21:46 nsimon kernel: PM: hibernation: Registered nosave memory: [mem 0xf0000000-0xf7ffffff]
Nov 08 17:21:46 nsimon kernel: PM: hibernation: Registered nosave memory: [mem 0xf8000000-0xfebfffff]
Nov 08 17:21:46 nsimon kernel: PM: hibernation: Registered nosave memory: [mem 0xfec00000-0xfec0ffff]
Nov 08 17:21:46 nsimon kernel: PM: hibernation: Registered nosave memory: [mem 0xfec10000-0xfedfffff]
Nov 08 17:21:46 nsimon kernel: PM: hibernation: Registered nosave memory: [mem 0xfee00000-0xfee00fff]
Nov 08 17:21:46 nsimon kernel: PM: hibernation: Registered nosave memory: [mem 0xfee01000-0xfffdffff]
Nov 08 17:21:46 nsimon kernel: PM: hibernation: Registered nosave memory: [mem 0xfffe0000-0xffffffff]
Nov 08 17:21:46 nsimon kernel: [mem 0xc0000000-0xefffffff] available for PCI devices
Nov 08 17:21:46 nsimon kernel: Booting paravirtualized kernel on VMware hypervisor
Nov 08 17:21:46 nsimon kernel: clocksource: refined-jiffies: mask: 0xffffffff max_cycles: 0xffffffff, max_idle_ns: 1910969940391419 ns
Nov 08 17:21:46 nsimon kernel: setup_percpu: NR_CPUS:8192 nr_cpumask_bits:128 nr_cpu_ids:128 nr_node_ids:1
Nov 08 17:21:46 nsimon kernel: percpu: Embedded 62 pages/cpu s217088 r8192 d28672 u262144
Nov 08 17:21:46 nsimon kernel: pcpu-alloc: s217088 r8192 d28672 u262144 alloc=1*2097152
Nov 08 17:21:46 nsimon kernel: pcpu-alloc: [0] 000 001 002 003 004 005 006 007 
Nov 08 17:21:46 nsimon kernel: pcpu-alloc: [0] 008 009 010 011 012 013 014 015 
Nov 08 17:21:46 nsimon kernel: pcpu-alloc: [0] 016 017 018 019 020 021 022 023 
Nov 08 17:21:46 nsimon kernel: pcpu-alloc: [0] 024 025 026 027 028 029 030 031 
Nov 08 17:21:46 nsimon kernel: pcpu-alloc: [0] 032 033 034 035 036 037 038 039 
Nov 08 17:21:46 nsimon kernel: pcpu-alloc: [0] 040 041 042 043 044 045 046 047 
Nov 08 17:21:46 nsimon kernel: pcpu-alloc: [0] 048 049 050 051 052 053 054 055 
Nov 08 17:21:46 nsimon kernel: pcpu-alloc: [0] 056 057 058 059 060 061 062 063 
Nov 08 17:21:46 nsimon kernel: pcpu-alloc: [0] 064 065 066 067 068 069 070 071 
Nov 08 17:21:46 nsimon kernel: pcpu-alloc: [0] 072 073 074 075 076 077 078 079 
Nov 08 17:21:46 nsimon kernel: pcpu-alloc: [0] 080 081 082 083 084 085 086 087 
Nov 08 17:21:46 nsimon kernel: pcpu-alloc: [0] 088 089 090 091 092 093 094 095 
Nov 08 17:21:46 nsimon kernel: pcpu-alloc: [0] 096 097 098 099 100 101 102 103 
Nov 08 17:21:46 nsimon kernel: pcpu-alloc: [0] 104 105 106 107 108 109 110 111 
Nov 08 17:21:46 nsimon kernel: pcpu-alloc: [0] 112 113 114 115 116 117 118 119 
Nov 08 17:21:46 nsimon kernel: pcpu-alloc: [0] 120 121 122 123 124 125 126 127 
Nov 08 17:21:46 nsimon kernel: Kernel command line: BOOT_IMAGE=(hd0,msdos1)/vmlinuz-6.6.0 root=/dev/mapper/rl-root ro crashkernel=1G-4G:192M,4G-64G:256M,64G-:512M resume=/dev/mapper/rl-swap rd.lvm.lv=rl/root rd.lvm.lv=rl/swap
Nov 08 17:21:46 nsimon kernel: Unknown kernel command line parameters "BOOT_IMAGE=(hd0,msdos1)/vmlinuz-6.6.0", will be passed to user space.
Nov 08 17:21:46 nsimon kernel: random: crng init done
Nov 08 17:21:46 nsimon kernel: Dentry cache hash table entries: 524288 (order: 10, 4194304 bytes, linear)
Nov 08 17:21:46 nsimon kernel: Inode-cache hash table entries: 262144 (order: 9, 2097152 bytes, linear)
Nov 08 17:21:46 nsimon kernel: Fallback order for Node 0: 0 
Nov 08 17:21:46 nsimon kernel: Built 1 zonelists, mobility grouping on.  Total pages: 1031888
Nov 08 17:21:46 nsimon kernel: Policy zone: Normal
Nov 08 17:21:46 nsimon kernel: mem auto-init: stack:off, heap alloc:off, heap free:off
Nov 08 17:21:46 nsimon kernel: software IO TLB: area num 128.
Nov 08 17:21:46 nsimon kernel: Memory: 2804296K/4193688K available (16384K kernel code, 5647K rwdata, 12416K rodata, 4040K init, 5712K bss, 579448K reserved, 0K cma-reserved)
Nov 08 17:21:46 nsimon kernel: SLUB: HWalign=64, Order=0-3, MinObjects=0, CPUs=128, Nodes=1
Nov 08 17:21:46 nsimon kernel: ftrace: allocating 48540 entries in 190 pages
Nov 08 17:21:46 nsimon kernel: ftrace: allocated 190 pages with 6 groups
Nov 08 17:21:46 nsimon kernel: Dynamic Preempt: voluntary
Nov 08 17:21:46 nsimon kernel: rcu: Preemptible hierarchical RCU implementation.
Nov 08 17:21:46 nsimon kernel: rcu:         RCU restricting CPUs from NR_CPUS=8192 to nr_cpu_ids=128.
Nov 08 17:21:46 nsimon kernel:         Trampoline variant of Tasks RCU enabled.
Nov 08 17:21:46 nsimon kernel:         Rude variant of Tasks RCU enabled.
Nov 08 17:21:46 nsimon kernel:         Tracing variant of Tasks RCU enabled.
Nov 08 17:21:46 nsimon kernel: rcu: RCU calculated value of scheduler-enlistment delay is 100 jiffies.
Nov 08 17:21:46 nsimon kernel: rcu: Adjusting geometry for rcu_fanout_leaf=16, nr_cpu_ids=128
Nov 08 17:21:46 nsimon kernel: NR_IRQS: 524544, nr_irqs: 1448, preallocated irqs: 16
Nov 08 17:21:46 nsimon kernel: rcu: srcu_init: Setting srcu_struct sizes to big.
Nov 08 17:21:46 nsimon kernel: kfence: initialized - using 2097152 bytes for 255 objects at 0x(____ptrval____)-0x(____ptrval____)
Nov 08 17:21:46 nsimon kernel: Console: colour VGA+ 80x25
Nov 08 17:21:46 nsimon kernel: printk: console [tty0] enabled
Nov 08 17:21:46 nsimon kernel: ACPI: Core revision 20230628
Nov 08 17:21:46 nsimon kernel: clocksource: hpet: mask: 0xffffffff max_cycles: 0xffffffff, max_idle_ns: 133484882848 ns
Nov 08 17:21:46 nsimon kernel: APIC: Switch to symmetric I/O mode setup
Nov 08 17:21:46 nsimon kernel: x2apic enabled
Nov 08 17:21:46 nsimon kernel: APIC: Switched APIC routing to: physical x2apic
Nov 08 17:21:46 nsimon kernel: ..TIMER: vector=0x30 apic1=0 pin1=2 apic2=-1 pin2=-1
Nov 08 17:21:46 nsimon kernel: clocksource: tsc-early: mask: 0xffffffffffffffff max_cycles: 0x2135f7c97c8, max_idle_ns: 440795273205 ns
Nov 08 17:21:46 nsimon kernel: Calibrating delay loop (skipped) preset value.. 4608.00 BogoMIPS (lpj=2304000)
Nov 08 17:21:46 nsimon kernel: Disabled fast string operations
Nov 08 17:21:46 nsimon kernel: Last level iTLB entries: 4KB 64, 2MB 8, 4MB 8
Nov 08 17:21:46 nsimon kernel: Last level dTLB entries: 4KB 64, 2MB 0, 4MB 0, 1GB 4
Nov 08 17:21:46 nsimon kernel: Spectre V1 : Mitigation: usercopy/swapgs barriers and __user pointer sanitization
Nov 08 17:21:46 nsimon kernel: Spectre V2 : Mitigation: Enhanced / Automatic IBRS
Nov 08 17:21:46 nsimon kernel: Spectre V2 : Spectre v2 / SpectreRSB mitigation: Filling RSB on context switch
Nov 08 17:21:46 nsimon kernel: Spectre V2 : Spectre v2 / PBRSB-eIBRS: Retire a single CALL on VMEXIT
Nov 08 17:21:46 nsimon kernel: RETBleed: Mitigation: Enhanced IBRS
Nov 08 17:21:46 nsimon kernel: Spectre V2 : mitigation: Enabling conditional Indirect Branch Prediction Barrier
Nov 08 17:21:46 nsimon kernel: Speculative Store Bypass: Mitigation: Speculative Store Bypass disabled via prctl
Nov 08 17:21:46 nsimon kernel: MMIO Stale Data: Vulnerable: Clear CPU buffers attempted, no microcode
Nov 08 17:21:46 nsimon kernel: SRBDS: Unknown: Dependent on hypervisor status
Nov 08 17:21:46 nsimon kernel: GDS: Unknown: Dependent on hypervisor status
Nov 08 17:21:46 nsimon kernel: x86/fpu: Supporting XSAVE feature 0x001: 'x87 floating point registers'
Nov 08 17:21:46 nsimon kernel: x86/fpu: Supporting XSAVE feature 0x002: 'SSE registers'
Nov 08 17:21:46 nsimon kernel: x86/fpu: Supporting XSAVE feature 0x004: 'AVX registers'
Nov 08 17:21:46 nsimon kernel: x86/fpu: xstate_offset[2]:  576, xstate_sizes[2]:  256
Nov 08 17:21:46 nsimon kernel: x86/fpu: Enabled xstate features 0x7, context size is 832 bytes, using 'compacted' format.
Nov 08 17:21:46 nsimon kernel: Freeing SMP alternatives memory: 40K
Nov 08 17:21:46 nsimon kernel: pid_max: default: 131072 minimum: 1024
Nov 08 17:21:46 nsimon kernel: LSM: initializing lsm=lockdown,capability,yama,selinux,bpf,integrity
Nov 08 17:21:46 nsimon kernel: Yama: becoming mindful.
Nov 08 17:21:46 nsimon kernel: SELinux:  Initializing.
Nov 08 17:21:46 nsimon kernel: LSM support for eBPF active
Nov 08 17:21:46 nsimon kernel: Mount-cache hash table entries: 8192 (order: 4, 65536 bytes, linear)
Nov 08 17:21:46 nsimon kernel: Mountpoint-cache hash table entries: 8192 (order: 4, 65536 bytes, linear)
Nov 08 17:21:46 nsimon kernel: smpboot: CPU0: Intel(R) Core(TM) i9-9880H CPU @ 2.30GHz (family: 0x6, model: 0x9e, stepping: 0xd)
Nov 08 17:21:46 nsimon kernel: RCU Tasks: Setting shift to 7 and lim to 1 rcu_task_cb_adjust=1.
Nov 08 17:21:46 nsimon kernel: RCU Tasks Rude: Setting shift to 7 and lim to 1 rcu_task_cb_adjust=1.
Nov 08 17:21:46 nsimon kernel: RCU Tasks Trace: Setting shift to 7 and lim to 1 rcu_task_cb_adjust=1.
Nov 08 17:21:46 nsimon kernel: Performance Events: Skylake events, core PMU driver.
Nov 08 17:21:46 nsimon kernel: core: CPUID marked event: 'cpu cycles' unavailable
Nov 08 17:21:46 nsimon kernel: core: CPUID marked event: 'instructions' unavailable
Nov 08 17:21:46 nsimon kernel: core: CPUID marked event: 'bus cycles' unavailable
Nov 08 17:21:46 nsimon kernel: core: CPUID marked event: 'cache references' unavailable
Nov 08 17:21:46 nsimon kernel: core: CPUID marked event: 'cache misses' unavailable
Nov 08 17:21:46 nsimon kernel: core: CPUID marked event: 'branch instructions' unavailable
Nov 08 17:21:46 nsimon kernel: core: CPUID marked event: 'branch misses' unavailable
Nov 08 17:21:46 nsimon kernel: ... version:                1
Nov 08 17:21:46 nsimon kernel: ... bit width:              48
Nov 08 17:21:46 nsimon kernel: ... generic registers:      4
Nov 08 17:21:46 nsimon kernel: ... value mask:             0000ffffffffffff
Nov 08 17:21:46 nsimon kernel: ... max period:             000000007fffffff
Nov 08 17:21:46 nsimon kernel: ... fixed-purpose events:   0
Nov 08 17:21:46 nsimon kernel: ... event mask:             000000000000000f
Nov 08 17:21:46 nsimon kernel: signal: max sigframe size: 1776
Nov 08 17:21:46 nsimon kernel: rcu: Hierarchical SRCU implementation.
Nov 08 17:21:46 nsimon kernel: rcu:         Max phase no-delay instances is 400.
Nov 08 17:21:46 nsimon kernel: NMI watchdog: Perf NMI watchdog permanently disabled
Nov 08 17:21:46 nsimon kernel: smp: Bringing up secondary CPUs ...
Nov 08 17:21:46 nsimon kernel: smpboot: x86: Booting SMP configuration:
Nov 08 17:21:46 nsimon kernel: .... node  #0, CPUs:          #1   #2   #3   #4   #5   #6   #7
Nov 08 17:21:46 nsimon kernel: Disabled fast string operations
Nov 08 17:21:46 nsimon kernel: smpboot: CPU 1 Converting physical 2 to logical package 1
Nov 08 17:21:46 nsimon kernel: smpboot: CPU 1 Converting physical 0 to logical die 1
Nov 08 17:21:46 nsimon kernel: Disabled fast string operations
Nov 08 17:21:46 nsimon kernel: smpboot: CPU 2 Converting physical 4 to logical package 2
Nov 08 17:21:46 nsimon kernel: smpboot: CPU 2 Converting physical 0 to logical die 2
Nov 08 17:21:46 nsimon kernel: Disabled fast string operations
Nov 08 17:21:46 nsimon kernel: smpboot: CPU 3 Converting physical 6 to logical package 3
Nov 08 17:21:46 nsimon kernel: smpboot: CPU 3 Converting physical 0 to logical die 3
Nov 08 17:21:46 nsimon kernel: Disabled fast string operations
Nov 08 17:21:46 nsimon kernel: smpboot: CPU 4 Converting physical 8 to logical package 4
Nov 08 17:21:46 nsimon kernel: smpboot: CPU 4 Converting physical 0 to logical die 4
Nov 08 17:21:46 nsimon kernel: Disabled fast string operations
Nov 08 17:21:46 nsimon kernel: smpboot: CPU 5 Converting physical 10 to logical package 5
Nov 08 17:21:46 nsimon kernel: smpboot: CPU 5 Converting physical 0 to logical die 5
Nov 08 17:21:46 nsimon kernel: Disabled fast string operations
Nov 08 17:21:46 nsimon kernel: smpboot: CPU 6 Converting physical 12 to logical package 6
Nov 08 17:21:46 nsimon kernel: smpboot: CPU 6 Converting physical 0 to logical die 6
Nov 08 17:21:46 nsimon kernel: Disabled fast string operations
Nov 08 17:21:46 nsimon kernel: smpboot: CPU 7 Converting physical 14 to logical package 7
Nov 08 17:21:46 nsimon kernel: smpboot: CPU 7 Converting physical 0 to logical die 7
Nov 08 17:21:46 nsimon kernel: smp: Brought up 1 node, 8 CPUs
Nov 08 17:21:46 nsimon kernel: smpboot: Max logical packages: 128
Nov 08 17:21:46 nsimon kernel: smpboot: Total of 8 processors activated (36864.00 BogoMIPS)
Nov 08 17:21:46 nsimon kernel: node 0 deferred pages initialised in 9ms
Nov 08 17:21:46 nsimon kernel: devtmpfs: initialized
Nov 08 17:21:46 nsimon kernel: x86/mm: Memory block size: 128MB
Nov 08 17:21:46 nsimon kernel: ACPI: PM: Registering ACPI NVS region [mem 0xbfeff000-0xbfefffff] (4096 bytes)
Nov 08 17:21:46 nsimon kernel: clocksource: jiffies: mask: 0xffffffff max_cycles: 0xffffffff, max_idle_ns: 1911260446275000 ns
Nov 08 17:21:46 nsimon kernel: futex hash table entries: 32768 (order: 9, 2097152 bytes, linear)
Nov 08 17:21:46 nsimon kernel: pinctrl core: initialized pinctrl subsystem
Nov 08 17:21:46 nsimon kernel: NET: Registered PF_NETLINK/PF_ROUTE protocol family
Nov 08 17:21:46 nsimon kernel: DMA: preallocated 512 KiB GFP_KERNEL pool for atomic allocations
Nov 08 17:21:46 nsimon kernel: DMA: preallocated 512 KiB GFP_KERNEL|GFP_DMA pool for atomic allocations
Nov 08 17:21:46 nsimon kernel: DMA: preallocated 512 KiB GFP_KERNEL|GFP_DMA32 pool for atomic allocations
Nov 08 17:21:46 nsimon kernel: audit: initializing netlink subsys (disabled)
Nov 08 17:21:46 nsimon kernel: audit: type=2000 audit(1699460504.095:1): state=initialized audit_enabled=0 res=1
Nov 08 17:21:46 nsimon kernel: thermal_sys: Registered thermal governor 'fair_share'
Nov 08 17:21:46 nsimon kernel: thermal_sys: Registered thermal governor 'step_wise'
Nov 08 17:21:46 nsimon kernel: thermal_sys: Registered thermal governor 'user_space'
Nov 08 17:21:46 nsimon kernel: cpuidle: using governor menu
Nov 08 17:21:46 nsimon kernel: Simple Boot Flag at 0x36 set to 0x1
Nov 08 17:21:46 nsimon kernel: acpiphp: ACPI Hot Plug PCI Controller Driver version: 0.5
Nov 08 17:21:46 nsimon kernel: PCI: MMCONFIG for domain 0000 [bus 00-7f] at [mem 0xf0000000-0xf7ffffff] (base 0xf0000000)
Nov 08 17:21:46 nsimon kernel: PCI: MMCONFIG at [mem 0xf0000000-0xf7ffffff] reserved as E820 entry
Nov 08 17:21:46 nsimon kernel: PCI: Using configuration type 1 for base access
Nov 08 17:21:46 nsimon kernel: kprobes: kprobe jump-optimization is enabled. All kprobes are optimized if possible.
Nov 08 17:21:46 nsimon kernel: HugeTLB: registered 1.00 GiB page size, pre-allocated 0 pages
Nov 08 17:21:46 nsimon kernel: HugeTLB: 16380 KiB vmemmap can be freed for a 1.00 GiB page
Nov 08 17:21:46 nsimon kernel: HugeTLB: registered 2.00 MiB page size, pre-allocated 0 pages
Nov 08 17:21:46 nsimon kernel: HugeTLB: 28 KiB vmemmap can be freed for a 2.00 MiB page
Nov 08 17:21:46 nsimon kernel: cryptd: max_cpu_qlen set to 1000
Nov 08 17:21:46 nsimon kernel: ACPI: Added _OSI(Module Device)
Nov 08 17:21:46 nsimon kernel: ACPI: Added _OSI(Processor Device)
Nov 08 17:21:46 nsimon kernel: ACPI: Added _OSI(3.0 _SCP Extensions)
Nov 08 17:21:46 nsimon kernel: ACPI: Added _OSI(Processor Aggregator Device)
Nov 08 17:21:46 nsimon kernel: ACPI: 1 ACPI AML tables successfully acquired and loaded
Nov 08 17:21:46 nsimon kernel: ACPI: [Firmware Bug]: BIOS _OSI(Linux) query ignored
Nov 08 17:21:46 nsimon kernel: ACPI: _OSC evaluation for CPUs failed, trying _PDC
Nov 08 17:21:46 nsimon kernel: ACPI: Interpreter enabled
Nov 08 17:21:46 nsimon kernel: ACPI: PM: (supports S0 S1 S4 S5)
Nov 08 17:21:46 nsimon kernel: ACPI: Using IOAPIC for interrupt routing
Nov 08 17:21:46 nsimon kernel: PCI: Using host bridge windows from ACPI; if necessary, use "pci=nocrs" and report a bug
Nov 08 17:21:46 nsimon kernel: PCI: Using E820 reservations for host bridge windows
Nov 08 17:21:46 nsimon kernel: ACPI: Enabled 4 GPEs in block 00 to 0F
Nov 08 17:21:46 nsimon kernel: ACPI: PCI Root Bridge [PCI0] (domain 0000 [bus 00-7f])
Nov 08 17:21:46 nsimon kernel: acpi PNP0A03:00: _OSC: OS supports [ExtendedConfig ASPM ClockPM Segments MSI EDR HPX-Type3]
Nov 08 17:21:46 nsimon kernel: acpi PNP0A03:00: _OSC: platform does not support [AER LTR DPC]
Nov 08 17:21:46 nsimon kernel: acpi PNP0A03:00: _OSC: OS now controls [PCIeHotplug SHPCHotplug PME PCIeCapability]
Nov 08 17:21:46 nsimon kernel: PCI host bridge to bus 0000:00
Nov 08 17:21:46 nsimon kernel: pci_bus 0000:00: root bus resource [mem 0x000a0000-0x000bffff window]
Nov 08 17:21:46 nsimon kernel: pci_bus 0000:00: root bus resource [mem 0x000d0000-0x000dbfff window]
Nov 08 17:21:46 nsimon kernel: pci_bus 0000:00: root bus resource [mem 0xc0000000-0xfebfffff window]
Nov 08 17:21:46 nsimon kernel: pci_bus 0000:00: root bus resource [io  0x0000-0x0cf7 window]
Nov 08 17:21:46 nsimon kernel: pci_bus 0000:00: root bus resource [io  0x0d00-0xfeff window]
Nov 08 17:21:46 nsimon kernel: pci_bus 0000:00: root bus resource [bus 00-7f]
Nov 08 17:21:46 nsimon kernel: pci 0000:00:00.0: [8086:7190] type 00 class 0x060000
Nov 08 17:21:46 nsimon kernel: pci 0000:00:01.0: [8086:7191] type 01 class 0x060400
Nov 08 17:21:46 nsimon kernel: pci 0000:00:07.0: [8086:7110] type 00 class 0x060100
Nov 08 17:21:46 nsimon kernel: pci 0000:00:07.1: [8086:7111] type 00 class 0x01018a
Nov 08 17:21:46 nsimon kernel: pci 0000:00:07.1: reg 0x20: [io  0x1060-0x106f]
Nov 08 17:21:46 nsimon kernel: pci 0000:00:07.1: legacy IDE quirk: reg 0x10: [io  0x01f0-0x01f7]
Nov 08 17:21:46 nsimon kernel: pci 0000:00:07.1: legacy IDE quirk: reg 0x14: [io  0x03f6]
Nov 08 17:21:46 nsimon kernel: pci 0000:00:07.1: legacy IDE quirk: reg 0x18: [io  0x0170-0x0177]
Nov 08 17:21:46 nsimon kernel: pci 0000:00:07.1: legacy IDE quirk: reg 0x1c: [io  0x0376]
Nov 08 17:21:46 nsimon kernel: pci 0000:00:07.3: [8086:7113] type 00 class 0x068000
Nov 08 17:21:46 nsimon kernel: pci 0000:00:07.3: quirk: [io  0x1000-0x103f] claimed by PIIX4 ACPI
Nov 08 17:21:46 nsimon kernel: pci 0000:00:07.3: quirk: [io  0x1040-0x104f] claimed by PIIX4 SMB
Nov 08 17:21:46 nsimon kernel: pci 0000:00:07.7: [15ad:0740] type 00 class 0x088000
Nov 08 17:21:46 nsimon kernel: pci 0000:00:07.7: reg 0x10: [io  0x1080-0x10bf]
Nov 08 17:21:46 nsimon kernel: pci 0000:00:07.7: reg 0x14: [mem 0xfebfe000-0xfebfffff 64bit]
Nov 08 17:21:46 nsimon kernel: pci 0000:00:0f.0: [15ad:0405] type 00 class 0x030000
Nov 08 17:21:46 nsimon kernel: pci 0000:00:0f.0: reg 0x10: [io  0x1070-0x107f]
Nov 08 17:21:46 nsimon kernel: pci 0000:00:0f.0: reg 0x14: [mem 0xe8000000-0xefffffff pref]
Nov 08 17:21:46 nsimon kernel: pci 0000:00:0f.0: reg 0x18: [mem 0xfe000000-0xfe7fffff]
Nov 08 17:21:46 nsimon kernel: pci 0000:00:0f.0: reg 0x30: [mem 0x00000000-0x00007fff pref]
Nov 08 17:21:46 nsimon kernel: pci 0000:00:0f.0: Video device with shadowed ROM at [mem 0x000c0000-0x000dffff]
Nov 08 17:21:46 nsimon kernel: pci 0000:00:11.0: [15ad:0790] type 01 class 0x060401
Nov 08 17:21:46 nsimon kernel: pci 0000:00:15.0: [15ad:07a0] type 01 class 0x060400
Nov 08 17:21:46 nsimon kernel: pci 0000:00:15.0: PME# supported from D0 D3hot D3cold
Nov 08 17:21:46 nsimon kernel: pci 0000:00:15.1: [15ad:07a0] type 01 class 0x060400
Nov 08 17:21:46 nsimon kernel: pci 0000:00:15.1: PME# supported from D0 D3hot D3cold
Nov 08 17:21:46 nsimon kernel: pci 0000:00:15.2: [15ad:07a0] type 01 class 0x060400
Nov 08 17:21:46 nsimon kernel: pci 0000:00:15.2: PME# supported from D0 D3hot D3cold
Nov 08 17:21:46 nsimon kernel: pci 0000:00:15.3: [15ad:07a0] type 01 class 0x060400
Nov 08 17:21:46 nsimon kernel: pci 0000:00:15.3: PME# supported from D0 D3hot D3cold
Nov 08 17:21:46 nsimon kernel: pci 0000:00:15.4: [15ad:07a0] type 01 class 0x060400
Nov 08 17:21:46 nsimon kernel: pci 0000:00:15.4: PME# supported from D0 D3hot D3cold
Nov 08 17:21:46 nsimon kernel: pci 0000:00:15.5: [15ad:07a0] type 01 class 0x060400
Nov 08 17:21:46 nsimon kernel: pci 0000:00:15.5: PME# supported from D0 D3hot D3cold
Nov 08 17:21:46 nsimon kernel: pci 0000:00:15.6: [15ad:07a0] type 01 class 0x060400
Nov 08 17:21:46 nsimon kernel: pci 0000:00:15.6: PME# supported from D0 D3hot D3cold
Nov 08 17:21:46 nsimon kernel: pci 0000:00:15.7: [15ad:07a0] type 01 class 0x060400
Nov 08 17:21:46 nsimon kernel: pci 0000:00:15.7: PME# supported from D0 D3hot D3cold
Nov 08 17:21:46 nsimon kernel: pci 0000:00:16.0: [15ad:07a0] type 01 class 0x060400
Nov 08 17:21:46 nsimon kernel: pci 0000:00:16.0: PME# supported from D0 D3hot D3cold
Nov 08 17:21:46 nsimon kernel: pci 0000:00:16.1: [15ad:07a0] type 01 class 0x060400
Nov 08 17:21:46 nsimon kernel: pci 0000:00:16.1: PME# supported from D0 D3hot D3cold
Nov 08 17:21:46 nsimon kernel: pci 0000:00:16.2: [15ad:07a0] type 01 class 0x060400
Nov 08 17:21:46 nsimon kernel: pci 0000:00:16.2: PME# supported from D0 D3hot D3cold
Nov 08 17:21:46 nsimon kernel: pci 0000:00:16.3: [15ad:07a0] type 01 class 0x060400
Nov 08 17:21:46 nsimon kernel: pci 0000:00:16.3: PME# supported from D0 D3hot D3cold
Nov 08 17:21:46 nsimon kernel: pci 0000:00:16.4: [15ad:07a0] type 01 class 0x060400
Nov 08 17:21:46 nsimon kernel: pci 0000:00:16.4: PME# supported from D0 D3hot D3cold
Nov 08 17:21:46 nsimon kernel: pci 0000:00:16.5: [15ad:07a0] type 01 class 0x060400
Nov 08 17:21:46 nsimon kernel: pci 0000:00:16.5: PME# supported from D0 D3hot D3cold
Nov 08 17:21:46 nsimon kernel: pci 0000:00:16.6: [15ad:07a0] type 01 class 0x060400
Nov 08 17:21:46 nsimon kernel: pci 0000:00:16.6: PME# supported from D0 D3hot D3cold
Nov 08 17:21:46 nsimon kernel: pci 0000:00:16.7: [15ad:07a0] type 01 class 0x060400
Nov 08 17:21:46 nsimon kernel: pci 0000:00:16.7: PME# supported from D0 D3hot D3cold
Nov 08 17:21:46 nsimon kernel: pci 0000:00:17.0: [15ad:07a0] type 01 class 0x060400
Nov 08 17:21:46 nsimon kernel: pci 0000:00:17.0: PME# supported from D0 D3hot D3cold
Nov 08 17:21:46 nsimon kernel: pci 0000:00:17.1: [15ad:07a0] type 01 class 0x060400
Nov 08 17:21:46 nsimon kernel: pci 0000:00:17.1: PME# supported from D0 D3hot D3cold
Nov 08 17:21:46 nsimon kernel: pci 0000:00:17.2: [15ad:07a0] type 01 class 0x060400
Nov 08 17:21:46 nsimon kernel: pci 0000:00:17.2: PME# supported from D0 D3hot D3cold
Nov 08 17:21:46 nsimon kernel: pci 0000:00:17.3: [15ad:07a0] type 01 class 0x060400
Nov 08 17:21:46 nsimon kernel: pci 0000:00:17.3: PME# supported from D0 D3hot D3cold
Nov 08 17:21:46 nsimon kernel: pci 0000:00:17.4: [15ad:07a0] type 01 class 0x060400
Nov 08 17:21:46 nsimon kernel: pci 0000:00:17.4: PME# supported from D0 D3hot D3cold
Nov 08 17:21:46 nsimon kernel: pci 0000:00:17.5: [15ad:07a0] type 01 class 0x060400
Nov 08 17:21:46 nsimon kernel: pci 0000:00:17.5: PME# supported from D0 D3hot D3cold
Nov 08 17:21:46 nsimon kernel: pci 0000:00:17.6: [15ad:07a0] type 01 class 0x060400
Nov 08 17:21:46 nsimon kernel: pci 0000:00:17.6: PME# supported from D0 D3hot D3cold
Nov 08 17:21:46 nsimon kernel: pci 0000:00:17.7: [15ad:07a0] type 01 class 0x060400
Nov 08 17:21:46 nsimon kernel: pci 0000:00:17.7: PME# supported from D0 D3hot D3cold
Nov 08 17:21:46 nsimon kernel: pci 0000:00:18.0: [15ad:07a0] type 01 class 0x060400
Nov 08 17:21:46 nsimon kernel: pci 0000:00:18.0: PME# supported from D0 D3hot D3cold
Nov 08 17:21:46 nsimon kernel: pci 0000:00:18.1: [15ad:07a0] type 01 class 0x060400
Nov 08 17:21:46 nsimon kernel: pci 0000:00:18.1: PME# supported from D0 D3hot D3cold
Nov 08 17:21:46 nsimon kernel: pci 0000:00:18.2: [15ad:07a0] type 01 class 0x060400
Nov 08 17:21:46 nsimon kernel: pci 0000:00:18.2: PME# supported from D0 D3hot D3cold
Nov 08 17:21:46 nsimon kernel: pci 0000:00:18.3: [15ad:07a0] type 01 class 0x060400
Nov 08 17:21:46 nsimon kernel: pci 0000:00:18.3: PME# supported from D0 D3hot D3cold
Nov 08 17:21:46 nsimon kernel: pci 0000:00:18.4: [15ad:07a0] type 01 class 0x060400
Nov 08 17:21:46 nsimon kernel: pci 0000:00:18.4: PME# supported from D0 D3hot D3cold
Nov 08 17:21:46 nsimon kernel: pci 0000:00:18.5: [15ad:07a0] type 01 class 0x060400
Nov 08 17:21:46 nsimon kernel: pci 0000:00:18.5: PME# supported from D0 D3hot D3cold
Nov 08 17:21:46 nsimon kernel: pci 0000:00:18.6: [15ad:07a0] type 01 class 0x060400
Nov 08 17:21:46 nsimon kernel: pci 0000:00:18.6: PME# supported from D0 D3hot D3cold
Nov 08 17:21:46 nsimon kernel: pci 0000:00:18.7: [15ad:07a0] type 01 class 0x060400
Nov 08 17:21:46 nsimon kernel: pci 0000:00:18.7: PME# supported from D0 D3hot D3cold
Nov 08 17:21:46 nsimon kernel: pci_bus 0000:01: extended config space not accessible
Nov 08 17:21:46 nsimon kernel: pci 0000:00:01.0: PCI bridge to [bus 01]
Nov 08 17:21:46 nsimon kernel: pci_bus 0000:02: extended config space not accessible
Nov 08 17:21:46 nsimon kernel: acpiphp: Slot [32] registered
Nov 08 17:21:46 nsimon kernel: acpiphp: Slot [33] registered
Nov 08 17:21:46 nsimon kernel: acpiphp: Slot [34] registered
Nov 08 17:21:46 nsimon kernel: acpiphp: Slot [35] registered
Nov 08 17:21:46 nsimon kernel: acpiphp: Slot [36] registered
Nov 08 17:21:46 nsimon kernel: acpiphp: Slot [37] registered
Nov 08 17:21:46 nsimon kernel: acpiphp: Slot [38] registered
Nov 08 17:21:46 nsimon kernel: acpiphp: Slot [39] registered
Nov 08 17:21:46 nsimon kernel: acpiphp: Slot [40] registered
Nov 08 17:21:46 nsimon kernel: acpiphp: Slot [41] registered
Nov 08 17:21:46 nsimon kernel: acpiphp: Slot [42] registered
Nov 08 17:21:46 nsimon kernel: acpiphp: Slot [43] registered
Nov 08 17:21:46 nsimon kernel: acpiphp: Slot [44] registered
Nov 08 17:21:46 nsimon kernel: acpiphp: Slot [45] registered
Nov 08 17:21:46 nsimon kernel: acpiphp: Slot [46] registered
Nov 08 17:21:46 nsimon kernel: acpiphp: Slot [47] registered
Nov 08 17:21:46 nsimon kernel: acpiphp: Slot [48] registered
Nov 08 17:21:46 nsimon kernel: acpiphp: Slot [49] registered
Nov 08 17:21:46 nsimon kernel: acpiphp: Slot [50] registered
Nov 08 17:21:46 nsimon kernel: acpiphp: Slot [51] registered
Nov 08 17:21:46 nsimon kernel: acpiphp: Slot [52] registered
Nov 08 17:21:46 nsimon kernel: acpiphp: Slot [53] registered
Nov 08 17:21:46 nsimon kernel: acpiphp: Slot [54] registered
Nov 08 17:21:46 nsimon kernel: acpiphp: Slot [55] registered
Nov 08 17:21:46 nsimon kernel: acpiphp: Slot [56] registered
Nov 08 17:21:46 nsimon kernel: acpiphp: Slot [57] registered
Nov 08 17:21:46 nsimon kernel: acpiphp: Slot [58] registered
Nov 08 17:21:46 nsimon kernel: acpiphp: Slot [59] registered
Nov 08 17:21:46 nsimon kernel: acpiphp: Slot [60] registered
Nov 08 17:21:46 nsimon kernel: acpiphp: Slot [61] registered
Nov 08 17:21:46 nsimon kernel: acpiphp: Slot [62] registered
Nov 08 17:21:46 nsimon kernel: acpiphp: Slot [63] registered
Nov 08 17:21:46 nsimon kernel: pci 0000:02:00.0: [15ad:0774] type 00 class 0x0c0300
Nov 08 17:21:46 nsimon kernel: pci 0000:02:00.0: reg 0x20: [io  0x2040-0x205f]
Nov 08 17:21:46 nsimon kernel: pci 0000:02:01.0: [1274:1371] type 00 class 0x040100
Nov 08 17:21:46 nsimon kernel: pci 0000:02:01.0: reg 0x10: [io  0x2000-0x203f]
Nov 08 17:21:46 nsimon kernel: pci 0000:02:02.0: [15ad:0770] type 00 class 0x0c0320
Nov 08 17:21:46 nsimon kernel: pci 0000:02:02.0: reg 0x10: [mem 0xfd5ff000-0xfd5fffff]
Nov 08 17:21:46 nsimon kernel: pci 0000:02:03.0: [15ad:07e0] type 00 class 0x010601
Nov 08 17:21:46 nsimon kernel: pci 0000:02:03.0: reg 0x24: [mem 0xfd5fe000-0xfd5fefff]
Nov 08 17:21:46 nsimon kernel: pci 0000:02:03.0: reg 0x30: [mem 0x00000000-0x0000ffff pref]
Nov 08 17:21:46 nsimon kernel: pci 0000:02:03.0: PME# supported from D3hot
Nov 08 17:21:46 nsimon kernel: pci 0000:00:11.0: PCI bridge to [bus 02] (subtractive decode)
Nov 08 17:21:46 nsimon kernel: pci 0000:00:11.0:   bridge window [io  0x2000-0x3fff]
Nov 08 17:21:46 nsimon kernel: pci 0000:00:11.0:   bridge window [mem 0xfd500000-0xfdffffff]
Nov 08 17:21:46 nsimon kernel: pci 0000:00:11.0:   bridge window [mem 0xe7b00000-0xe7ffffff 64bit pref]
Nov 08 17:21:46 nsimon kernel: pci 0000:00:11.0:   bridge window [mem 0x000a0000-0x000bffff window] (subtractive decode)
Nov 08 17:21:46 nsimon kernel: pci 0000:00:11.0:   bridge window [mem 0x000d0000-0x000dbfff window] (subtractive decode)
Nov 08 17:21:46 nsimon kernel: pci 0000:00:11.0:   bridge window [mem 0xc0000000-0xfebfffff window] (subtractive decode)
Nov 08 17:21:46 nsimon kernel: pci 0000:00:11.0:   bridge window [io  0x0000-0x0cf7 window] (subtractive decode)
Nov 08 17:21:46 nsimon kernel: pci 0000:00:11.0:   bridge window [io  0x0d00-0xfeff window] (subtractive decode)
Nov 08 17:21:46 nsimon kernel: pci 0000:03:00.0: [15ad:07b0] type 00 class 0x020000
Nov 08 17:21:46 nsimon kernel: pci 0000:03:00.0: reg 0x10: [mem 0xfd4fc000-0xfd4fcfff]
Nov 08 17:21:46 nsimon kernel: pci 0000:03:00.0: reg 0x14: [mem 0xfd4fd000-0xfd4fdfff]
Nov 08 17:21:46 nsimon kernel: pci 0000:03:00.0: reg 0x18: [mem 0xfd4fe000-0xfd4fffff]
Nov 08 17:21:46 nsimon kernel: pci 0000:03:00.0: reg 0x1c: [io  0x4000-0x400f]
Nov 08 17:21:46 nsimon kernel: pci 0000:03:00.0: reg 0x30: [mem 0x00000000-0x0000ffff pref]
Nov 08 17:21:46 nsimon kernel: pci 0000:03:00.0: supports D1 D2
Nov 08 17:21:46 nsimon kernel: pci 0000:03:00.0: PME# supported from D0 D1 D2 D3hot D3cold
Nov 08 17:21:46 nsimon kernel: pci 0000:03:00.0: disabling ASPM on pre-1.1 PCIe device.  You can enable it with 'pcie_aspm=force'
Nov 08 17:21:46 nsimon kernel: pci 0000:00:15.0: PCI bridge to [bus 03]
Nov 08 17:21:46 nsimon kernel: pci 0000:00:15.0:   bridge window [io  0x4000-0x4fff]
Nov 08 17:21:46 nsimon kernel: pci 0000:00:15.0:   bridge window [mem 0xfd400000-0xfd4fffff]
Nov 08 17:21:46 nsimon kernel: pci 0000:00:15.1: PCI bridge to [bus 04]
Nov 08 17:21:46 nsimon kernel: pci 0000:00:15.1:   bridge window [io  0x8000-0x8fff]
Nov 08 17:21:46 nsimon kernel: pci 0000:00:15.1:   bridge window [mem 0xfd000000-0xfd0fffff]
Nov 08 17:21:46 nsimon kernel: pci 0000:00:15.1:   bridge window [mem 0xe7800000-0xe78fffff 64bit pref]
Nov 08 17:21:46 nsimon kernel: pci 0000:00:15.2: PCI bridge to [bus 05]
Nov 08 17:21:46 nsimon kernel: pci 0000:00:15.2:   bridge window [io  0xc000-0xcfff]
Nov 08 17:21:46 nsimon kernel: pci 0000:00:15.2:   bridge window [mem 0xfcc00000-0xfccfffff]
Nov 08 17:21:46 nsimon kernel: pci 0000:00:15.2:   bridge window [mem 0xe7400000-0xe74fffff 64bit pref]
Nov 08 17:21:46 nsimon kernel: pci 0000:00:15.3: PCI bridge to [bus 06]
Nov 08 17:21:46 nsimon kernel: pci 0000:00:15.3:   bridge window [mem 0xfc800000-0xfc8fffff]
Nov 08 17:21:46 nsimon kernel: pci 0000:00:15.3:   bridge window [mem 0xe7000000-0xe70fffff 64bit pref]
Nov 08 17:21:46 nsimon kernel: pci 0000:00:15.4: PCI bridge to [bus 07]
Nov 08 17:21:46 nsimon kernel: pci 0000:00:15.4:   bridge window [mem 0xfc400000-0xfc4fffff]
Nov 08 17:21:46 nsimon kernel: pci 0000:00:15.4:   bridge window [mem 0xe6c00000-0xe6cfffff 64bit pref]
Nov 08 17:21:46 nsimon kernel: pci 0000:00:15.5: PCI bridge to [bus 08]
Nov 08 17:21:46 nsimon kernel: pci 0000:00:15.5:   bridge window [mem 0xfc000000-0xfc0fffff]
Nov 08 17:21:46 nsimon kernel: pci 0000:00:15.5:   bridge window [mem 0xe6800000-0xe68fffff 64bit pref]
Nov 08 17:21:46 nsimon kernel: pci 0000:00:15.6: PCI bridge to [bus 09]
Nov 08 17:21:46 nsimon kernel: pci 0000:00:15.6:   bridge window [mem 0xfbc00000-0xfbcfffff]
Nov 08 17:21:46 nsimon kernel: pci 0000:00:15.6:   bridge window [mem 0xe6400000-0xe64fffff 64bit pref]
Nov 08 17:21:46 nsimon kernel: pci 0000:00:15.7: PCI bridge to [bus 0a]
Nov 08 17:21:46 nsimon kernel: pci 0000:00:15.7:   bridge window [mem 0xfb800000-0xfb8fffff]
Nov 08 17:21:46 nsimon kernel: pci 0000:00:15.7:   bridge window [mem 0xe6000000-0xe60fffff 64bit pref]
Nov 08 17:21:46 nsimon kernel: pci 0000:0b:00.0: [15ad:07f0] type 00 class 0x010802
Nov 08 17:21:46 nsimon kernel: pci 0000:0b:00.0: reg 0x10: [mem 0xfd3fc000-0xfd3fffff 64bit]
Nov 08 17:21:46 nsimon kernel: pci 0000:0b:00.0: reg 0x18: [io  0x5000-0x5007]
Nov 08 17:21:46 nsimon kernel: pci 0000:0b:00.0: reg 0x30: [mem 0x00000000-0x00001fff pref]
Nov 08 17:21:46 nsimon kernel: pci 0000:0b:00.0: PME# supported from D0 D3hot D3cold
Nov 08 17:21:46 nsimon kernel: pci 0000:0b:00.0: disabling ASPM on pre-1.1 PCIe device.  You can enable it with 'pcie_aspm=force'
Nov 08 17:21:46 nsimon kernel: pci 0000:00:16.0: PCI bridge to [bus 0b]
Nov 08 17:21:46 nsimon kernel: pci 0000:00:16.0:   bridge window [io  0x5000-0x5fff]
Nov 08 17:21:46 nsimon kernel: pci 0000:00:16.0:   bridge window [mem 0xfd300000-0xfd3fffff]
Nov 08 17:21:46 nsimon kernel: pci 0000:00:16.1: PCI bridge to [bus 0c]
Nov 08 17:21:46 nsimon kernel: pci 0000:00:16.1:   bridge window [io  0x9000-0x9fff]
Nov 08 17:21:46 nsimon kernel: pci 0000:00:16.1:   bridge window [mem 0xfcf00000-0xfcffffff]
Nov 08 17:21:46 nsimon kernel: pci 0000:00:16.1:   bridge window [mem 0xe7700000-0xe77fffff 64bit pref]
Nov 08 17:21:46 nsimon kernel: pci 0000:00:16.2: PCI bridge to [bus 0d]
Nov 08 17:21:46 nsimon kernel: pci 0000:00:16.2:   bridge window [io  0xd000-0xdfff]
Nov 08 17:21:46 nsimon kernel: pci 0000:00:16.2:   bridge window [mem 0xfcb00000-0xfcbfffff]
Nov 08 17:21:46 nsimon kernel: pci 0000:00:16.2:   bridge window [mem 0xe7300000-0xe73fffff 64bit pref]
Nov 08 17:21:46 nsimon kernel: pci 0000:00:16.3: PCI bridge to [bus 0e]
Nov 08 17:21:46 nsimon kernel: pci 0000:00:16.3:   bridge window [mem 0xfc700000-0xfc7fffff]
Nov 08 17:21:46 nsimon kernel: pci 0000:00:16.3:   bridge window [mem 0xe6f00000-0xe6ffffff 64bit pref]
Nov 08 17:21:46 nsimon kernel: pci 0000:00:16.4: PCI bridge to [bus 0f]
Nov 08 17:21:46 nsimon kernel: pci 0000:00:16.4:   bridge window [mem 0xfc300000-0xfc3fffff]
Nov 08 17:21:46 nsimon kernel: pci 0000:00:16.4:   bridge window [mem 0xe6b00000-0xe6bfffff 64bit pref]
Nov 08 17:21:46 nsimon kernel: pci 0000:00:16.5: PCI bridge to [bus 10]
Nov 08 17:21:46 nsimon kernel: pci 0000:00:16.5:   bridge window [mem 0xfbf00000-0xfbffffff]
Nov 08 17:21:46 nsimon kernel: pci 0000:00:16.5:   bridge window [mem 0xe6700000-0xe67fffff 64bit pref]
Nov 08 17:21:46 nsimon kernel: pci 0000:00:16.6: PCI bridge to [bus 11]
Nov 08 17:21:46 nsimon kernel: pci 0000:00:16.6:   bridge window [mem 0xfbb00000-0xfbbfffff]
Nov 08 17:21:46 nsimon kernel: pci 0000:00:16.6:   bridge window [mem 0xe6300000-0xe63fffff 64bit pref]
Nov 08 17:21:46 nsimon kernel: pci 0000:00:16.7: PCI bridge to [bus 12]
Nov 08 17:21:46 nsimon kernel: pci 0000:00:16.7:   bridge window [mem 0xfb700000-0xfb7fffff]
Nov 08 17:21:46 nsimon kernel: pci 0000:00:16.7:   bridge window [mem 0xe5f00000-0xe5ffffff 64bit pref]
Nov 08 17:21:46 nsimon kernel: pci 0000:00:17.0: PCI bridge to [bus 13]
Nov 08 17:21:46 nsimon kernel: pci 0000:00:17.0:   bridge window [io  0x6000-0x6fff]
Nov 08 17:21:46 nsimon kernel: pci 0000:00:17.0:   bridge window [mem 0xfd200000-0xfd2fffff]
Nov 08 17:21:46 nsimon kernel: pci 0000:00:17.0:   bridge window [mem 0xe7a00000-0xe7afffff 64bit pref]
Nov 08 17:21:46 nsimon kernel: pci 0000:00:17.1: PCI bridge to [bus 14]
Nov 08 17:21:46 nsimon kernel: pci 0000:00:17.1:   bridge window [io  0xa000-0xafff]
Nov 08 17:21:46 nsimon kernel: pci 0000:00:17.1:   bridge window [mem 0xfce00000-0xfcefffff]
Nov 08 17:21:46 nsimon kernel: pci 0000:00:17.1:   bridge window [mem 0xe7600000-0xe76fffff 64bit pref]
Nov 08 17:21:46 nsimon kernel: pci 0000:00:17.2: PCI bridge to [bus 15]
Nov 08 17:21:46 nsimon kernel: pci 0000:00:17.2:   bridge window [io  0xe000-0xefff]
Nov 08 17:21:46 nsimon kernel: pci 0000:00:17.2:   bridge window [mem 0xfca00000-0xfcafffff]
Nov 08 17:21:46 nsimon kernel: pci 0000:00:17.2:   bridge window [mem 0xe7200000-0xe72fffff 64bit pref]
Nov 08 17:21:46 nsimon kernel: pci 0000:00:17.3: PCI bridge to [bus 16]
Nov 08 17:21:46 nsimon kernel: pci 0000:00:17.3:   bridge window [mem 0xfc600000-0xfc6fffff]
Nov 08 17:21:46 nsimon kernel: pci 0000:00:17.3:   bridge window [mem 0xe6e00000-0xe6efffff 64bit pref]
Nov 08 17:21:46 nsimon kernel: pci 0000:00:17.4: PCI bridge to [bus 17]
Nov 08 17:21:46 nsimon kernel: pci 0000:00:17.4:   bridge window [mem 0xfc200000-0xfc2fffff]
Nov 08 17:21:46 nsimon kernel: pci 0000:00:17.4:   bridge window [mem 0xe6a00000-0xe6afffff 64bit pref]
Nov 08 17:21:46 nsimon kernel: pci 0000:00:17.5: PCI bridge to [bus 18]
Nov 08 17:21:46 nsimon kernel: pci 0000:00:17.5:   bridge window [mem 0xfbe00000-0xfbefffff]
Nov 08 17:21:46 nsimon kernel: pci 0000:00:17.5:   bridge window [mem 0xe6600000-0xe66fffff 64bit pref]
Nov 08 17:21:46 nsimon kernel: pci 0000:00:17.6: PCI bridge to [bus 19]
Nov 08 17:21:46 nsimon kernel: pci 0000:00:17.6:   bridge window [mem 0xfba00000-0xfbafffff]
Nov 08 17:21:46 nsimon kernel: pci 0000:00:17.6:   bridge window [mem 0xe6200000-0xe62fffff 64bit pref]
Nov 08 17:21:46 nsimon kernel: pci 0000:00:17.7: PCI bridge to [bus 1a]
Nov 08 17:21:46 nsimon kernel: pci 0000:00:17.7:   bridge window [mem 0xfb600000-0xfb6fffff]
Nov 08 17:21:46 nsimon kernel: pci 0000:00:17.7:   bridge window [mem 0xe5e00000-0xe5efffff 64bit pref]
Nov 08 17:21:46 nsimon kernel: pci 0000:00:18.0: PCI bridge to [bus 1b]
Nov 08 17:21:46 nsimon kernel: pci 0000:00:18.0:   bridge window [io  0x7000-0x7fff]
Nov 08 17:21:46 nsimon kernel: pci 0000:00:18.0:   bridge window [mem 0xfd100000-0xfd1fffff]
Nov 08 17:21:46 nsimon kernel: pci 0000:00:18.0:   bridge window [mem 0xe7900000-0xe79fffff 64bit pref]
Nov 08 17:21:46 nsimon kernel: pci 0000:00:18.1: PCI bridge to [bus 1c]
Nov 08 17:21:46 nsimon kernel: pci 0000:00:18.1:   bridge window [io  0xb000-0xbfff]
Nov 08 17:21:46 nsimon kernel: pci 0000:00:18.1:   bridge window [mem 0xfcd00000-0xfcdfffff]
Nov 08 17:21:46 nsimon kernel: pci 0000:00:18.1:   bridge window [mem 0xe7500000-0xe75fffff 64bit pref]
Nov 08 17:21:46 nsimon kernel: pci 0000:00:18.2: PCI bridge to [bus 1d]
Nov 08 17:21:46 nsimon kernel: pci 0000:00:18.2:   bridge window [mem 0xfc900000-0xfc9fffff]
Nov 08 17:21:46 nsimon kernel: pci 0000:00:18.2:   bridge window [mem 0xe7100000-0xe71fffff 64bit pref]
Nov 08 17:21:46 nsimon kernel: pci 0000:00:18.3: PCI bridge to [bus 1e]
Nov 08 17:21:46 nsimon kernel: pci 0000:00:18.3:   bridge window [mem 0xfc500000-0xfc5fffff]
Nov 08 17:21:46 nsimon kernel: pci 0000:00:18.3:   bridge window [mem 0xe6d00000-0xe6dfffff 64bit pref]
Nov 08 17:21:46 nsimon kernel: pci 0000:00:18.4: PCI bridge to [bus 1f]
Nov 08 17:21:46 nsimon kernel: pci 0000:00:18.4:   bridge window [mem 0xfc100000-0xfc1fffff]
Nov 08 17:21:46 nsimon kernel: pci 0000:00:18.4:   bridge window [mem 0xe6900000-0xe69fffff 64bit pref]
Nov 08 17:21:46 nsimon kernel: pci 0000:00:18.5: PCI bridge to [bus 20]
Nov 08 17:21:46 nsimon kernel: pci 0000:00:18.5:   bridge window [mem 0xfbd00000-0xfbdfffff]
Nov 08 17:21:46 nsimon kernel: pci 0000:00:18.5:   bridge window [mem 0xe6500000-0xe65fffff 64bit pref]
Nov 08 17:21:46 nsimon kernel: pci 0000:00:18.6: PCI bridge to [bus 21]
Nov 08 17:21:46 nsimon kernel: pci 0000:00:18.6:   bridge window [mem 0xfb900000-0xfb9fffff]
Nov 08 17:21:46 nsimon kernel: pci 0000:00:18.6:   bridge window [mem 0xe6100000-0xe61fffff 64bit pref]
Nov 08 17:21:46 nsimon kernel: pci 0000:00:18.7: PCI bridge to [bus 22]
Nov 08 17:21:46 nsimon kernel: pci 0000:00:18.7:   bridge window [mem 0xfb500000-0xfb5fffff]
Nov 08 17:21:46 nsimon kernel: pci 0000:00:18.7:   bridge window [mem 0xe5d00000-0xe5dfffff 64bit pref]
Nov 08 17:21:46 nsimon kernel: ACPI: PCI: Interrupt link LNKA configured for IRQ 9
Nov 08 17:21:46 nsimon kernel: ACPI: PCI: Interrupt link LNKB configured for IRQ 7
Nov 08 17:21:46 nsimon kernel: ACPI: PCI: Interrupt link LNKC configured for IRQ 11
Nov 08 17:21:46 nsimon kernel: ACPI: PCI: Interrupt link LNKD configured for IRQ 10
Nov 08 17:21:46 nsimon kernel: iommu: Default domain type: Translated
Nov 08 17:21:46 nsimon kernel: iommu: DMA domain TLB invalidation policy: lazy mode
Nov 08 17:21:46 nsimon kernel: SCSI subsystem initialized
Nov 08 17:21:46 nsimon kernel: ACPI: bus type USB registered
Nov 08 17:21:46 nsimon kernel: usbcore: registered new interface driver usbfs
Nov 08 17:21:46 nsimon kernel: usbcore: registered new interface driver hub
Nov 08 17:21:46 nsimon kernel: usbcore: registered new device driver usb
Nov 08 17:21:46 nsimon kernel: pps_core: LinuxPPS API ver. 1 registered
Nov 08 17:21:46 nsimon kernel: pps_core: Software ver. 5.3.6 - Copyright 2005-2007 Rodolfo Giometti <giometti@linux.it>
Nov 08 17:21:46 nsimon kernel: PTP clock support registered
Nov 08 17:21:46 nsimon kernel: EDAC MC: Ver: 3.0.0
Nov 08 17:21:46 nsimon kernel: NetLabel: Initializing
Nov 08 17:21:46 nsimon kernel: NetLabel:  domain hash size = 128
Nov 08 17:21:46 nsimon kernel: NetLabel:  protocols = UNLABELED CIPSOv4 CALIPSO
Nov 08 17:21:46 nsimon kernel: NetLabel:  unlabeled traffic allowed by default
Nov 08 17:21:46 nsimon kernel: PCI: Using ACPI for IRQ routing
Nov 08 17:21:46 nsimon kernel: PCI: pci_cache_line_size set to 64 bytes
Nov 08 17:21:46 nsimon kernel: e820: reserve RAM buffer [mem 0x00097c00-0x0009ffff]
Nov 08 17:21:46 nsimon kernel: e820: reserve RAM buffer [mem 0xbfed0000-0xbfffffff]
Nov 08 17:21:46 nsimon kernel: pci 0000:00:0f.0: vgaarb: setting as boot VGA device
Nov 08 17:21:46 nsimon kernel: pci 0000:00:0f.0: vgaarb: bridge control possible
Nov 08 17:21:46 nsimon kernel: pci 0000:00:0f.0: vgaarb: VGA device added: decodes=io+mem,owns=io+mem,locks=none
Nov 08 17:21:46 nsimon kernel: vgaarb: loaded
Nov 08 17:21:46 nsimon kernel: hpet0: at MMIO 0xfed00000, IRQs 2, 8, 0, 0, 0, 0, 0, 0, 0, 0, 0, 0, 0, 0, 0, 0
Nov 08 17:21:46 nsimon kernel: hpet0: 16 comparators, 64-bit 14.318180 MHz counter
Nov 08 17:21:46 nsimon kernel: clocksource: Switched to clocksource tsc-early
Nov 08 17:21:46 nsimon kernel: VFS: Disk quotas dquot_6.6.0
Nov 08 17:21:46 nsimon kernel: VFS: Dquot-cache hash table entries: 512 (order 0, 4096 bytes)
Nov 08 17:21:46 nsimon kernel: pnp: PnP ACPI init
Nov 08 17:21:46 nsimon kernel: system 00:00: [io  0x1000-0x103f] has been reserved
Nov 08 17:21:46 nsimon kernel: system 00:00: [io  0x1040-0x104f] has been reserved
Nov 08 17:21:46 nsimon kernel: system 00:00: [io  0x0cf0-0x0cf1] has been reserved
Nov 08 17:21:46 nsimon kernel: system 00:04: [mem 0xfed00000-0xfed003ff] has been reserved
Nov 08 17:21:46 nsimon kernel: system 00:06: [io  0xfce0-0xfcff] has been reserved
Nov 08 17:21:46 nsimon kernel: system 00:06: [mem 0xf0000000-0xf7ffffff] has been reserved
Nov 08 17:21:46 nsimon kernel: system 00:06: [mem 0xfe800000-0xfe9fffff] has been reserved
Nov 08 17:21:46 nsimon kernel: pnp: PnP ACPI: found 7 devices
Nov 08 17:21:46 nsimon kernel: clocksource: acpi_pm: mask: 0xffffff max_cycles: 0xffffff, max_idle_ns: 2085701024 ns
Nov 08 17:21:46 nsimon kernel: NET: Registered PF_INET protocol family
Nov 08 17:21:46 nsimon kernel: IP idents hash table entries: 65536 (order: 7, 524288 bytes, linear)
Nov 08 17:21:46 nsimon kernel: tcp_listen_portaddr_hash hash table entries: 2048 (order: 3, 32768 bytes, linear)
Nov 08 17:21:46 nsimon kernel: Table-perturb hash table entries: 65536 (order: 6, 262144 bytes, linear)
Nov 08 17:21:46 nsimon kernel: TCP established hash table entries: 32768 (order: 6, 262144 bytes, linear)
Nov 08 17:21:46 nsimon kernel: TCP bind hash table entries: 32768 (order: 8, 1048576 bytes, linear)
Nov 08 17:21:46 nsimon kernel: TCP: Hash tables configured (established 32768 bind 32768)
Nov 08 17:21:46 nsimon kernel: MPTCP token hash table entries: 4096 (order: 4, 98304 bytes, linear)
Nov 08 17:21:46 nsimon kernel: UDP hash table entries: 2048 (order: 4, 65536 bytes, linear)
Nov 08 17:21:46 nsimon kernel: UDP-Lite hash table entries: 2048 (order: 4, 65536 bytes, linear)
Nov 08 17:21:46 nsimon kernel: NET: Registered PF_UNIX/PF_LOCAL protocol family
Nov 08 17:21:46 nsimon kernel: NET: Registered PF_XDP protocol family
Nov 08 17:21:46 nsimon kernel: pci 0000:00:15.0: bridge window [mem 0x00100000-0x000fffff 64bit pref] to [bus 03] add_size 200000 add_align 100000
Nov 08 17:21:46 nsimon kernel: pci 0000:00:15.3: bridge window [io  0x1000-0x0fff] to [bus 06] add_size 1000
Nov 08 17:21:46 nsimon kernel: pci 0000:00:15.4: bridge window [io  0x1000-0x0fff] to [bus 07] add_size 1000
Nov 08 17:21:46 nsimon kernel: pci 0000:00:15.5: bridge window [io  0x1000-0x0fff] to [bus 08] add_size 1000
Nov 08 17:21:46 nsimon kernel: pci 0000:00:15.6: bridge window [io  0x1000-0x0fff] to [bus 09] add_size 1000
Nov 08 17:21:46 nsimon kernel: pci 0000:00:15.7: bridge window [io  0x1000-0x0fff] to [bus 0a] add_size 1000
Nov 08 17:21:46 nsimon kernel: pci 0000:00:16.0: bridge window [mem 0x00100000-0x000fffff 64bit pref] to [bus 0b] add_size 200000 add_align 100000
Nov 08 17:21:46 nsimon kernel: pci 0000:00:16.3: bridge window [io  0x1000-0x0fff] to [bus 0e] add_size 1000
Nov 08 17:21:46 nsimon kernel: pci 0000:00:16.4: bridge window [io  0x1000-0x0fff] to [bus 0f] add_size 1000
Nov 08 17:21:46 nsimon kernel: pci 0000:00:16.5: bridge window [io  0x1000-0x0fff] to [bus 10] add_size 1000
Nov 08 17:21:46 nsimon kernel: pci 0000:00:16.6: bridge window [io  0x1000-0x0fff] to [bus 11] add_size 1000
Nov 08 17:21:46 nsimon kernel: pci 0000:00:16.7: bridge window [io  0x1000-0x0fff] to [bus 12] add_size 1000
Nov 08 17:21:46 nsimon kernel: pci 0000:00:17.3: bridge window [io  0x1000-0x0fff] to [bus 16] add_size 1000
Nov 08 17:21:46 nsimon kernel: pci 0000:00:17.4: bridge window [io  0x1000-0x0fff] to [bus 17] add_size 1000
Nov 08 17:21:46 nsimon kernel: pci 0000:00:17.5: bridge window [io  0x1000-0x0fff] to [bus 18] add_size 1000
Nov 08 17:21:46 nsimon kernel: pci 0000:00:17.6: bridge window [io  0x1000-0x0fff] to [bus 19] add_size 1000
Nov 08 17:21:46 nsimon kernel: pci 0000:00:17.7: bridge window [io  0x1000-0x0fff] to [bus 1a] add_size 1000
Nov 08 17:21:46 nsimon kernel: pci 0000:00:18.2: bridge window [io  0x1000-0x0fff] to [bus 1d] add_size 1000
Nov 08 17:21:46 nsimon kernel: pci 0000:00:18.3: bridge window [io  0x1000-0x0fff] to [bus 1e] add_size 1000
Nov 08 17:21:46 nsimon kernel: pci 0000:00:18.4: bridge window [io  0x1000-0x0fff] to [bus 1f] add_size 1000
Nov 08 17:21:46 nsimon kernel: pci 0000:00:18.5: bridge window [io  0x1000-0x0fff] to [bus 20] add_size 1000
Nov 08 17:21:46 nsimon kernel: pci 0000:00:18.6: bridge window [io  0x1000-0x0fff] to [bus 21] add_size 1000
Nov 08 17:21:46 nsimon kernel: pci 0000:00:18.7: bridge window [io  0x1000-0x0fff] to [bus 22] add_size 1000
Nov 08 17:21:46 nsimon kernel: pci 0000:00:15.0: BAR 15: assigned [mem 0xc0000000-0xc01fffff 64bit pref]
Nov 08 17:21:46 nsimon kernel: pci 0000:00:16.0: BAR 15: assigned [mem 0xc0200000-0xc03fffff 64bit pref]
Nov 08 17:21:46 nsimon kernel: pci 0000:00:15.3: BAR 13: no space for [io  size 0x1000]
Nov 08 17:21:46 nsimon kernel: pci 0000:00:15.3: BAR 13: failed to assign [io  size 0x1000]
Nov 08 17:21:46 nsimon kernel: pci 0000:00:15.4: BAR 13: no space for [io  size 0x1000]
Nov 08 17:21:46 nsimon kernel: pci 0000:00:15.4: BAR 13: failed to assign [io  size 0x1000]
Nov 08 17:21:46 nsimon kernel: pci 0000:00:15.5: BAR 13: no space for [io  size 0x1000]
Nov 08 17:21:46 nsimon kernel: pci 0000:00:15.5: BAR 13: failed to assign [io  size 0x1000]
Nov 08 17:21:46 nsimon kernel: pci 0000:00:15.6: BAR 13: no space for [io  size 0x1000]
Nov 08 17:21:46 nsimon kernel: pci 0000:00:15.6: BAR 13: failed to assign [io  size 0x1000]
Nov 08 17:21:46 nsimon kernel: pci 0000:00:15.7: BAR 13: no space for [io  size 0x1000]
Nov 08 17:21:46 nsimon kernel: pci 0000:00:15.7: BAR 13: failed to assign [io  size 0x1000]
Nov 08 17:21:46 nsimon kernel: pci 0000:00:16.3: BAR 13: no space for [io  size 0x1000]
Nov 08 17:21:46 nsimon kernel: pci 0000:00:16.3: BAR 13: failed to assign [io  size 0x1000]
Nov 08 17:21:46 nsimon kernel: pci 0000:00:16.4: BAR 13: no space for [io  size 0x1000]
Nov 08 17:21:46 nsimon kernel: pci 0000:00:16.4: BAR 13: failed to assign [io  size 0x1000]
Nov 08 17:21:46 nsimon kernel: pci 0000:00:16.5: BAR 13: no space for [io  size 0x1000]
Nov 08 17:21:46 nsimon kernel: pci 0000:00:16.5: BAR 13: failed to assign [io  size 0x1000]
Nov 08 17:21:46 nsimon kernel: pci 0000:00:16.6: BAR 13: no space for [io  size 0x1000]
Nov 08 17:21:46 nsimon kernel: pci 0000:00:16.6: BAR 13: failed to assign [io  size 0x1000]
Nov 08 17:21:46 nsimon kernel: pci 0000:00:16.7: BAR 13: no space for [io  size 0x1000]
Nov 08 17:21:46 nsimon kernel: pci 0000:00:16.7: BAR 13: failed to assign [io  size 0x1000]
Nov 08 17:21:46 nsimon kernel: pci 0000:00:17.3: BAR 13: no space for [io  size 0x1000]
Nov 08 17:21:46 nsimon kernel: pci 0000:00:17.3: BAR 13: failed to assign [io  size 0x1000]
Nov 08 17:21:46 nsimon kernel: pci 0000:00:17.4: BAR 13: no space for [io  size 0x1000]
Nov 08 17:21:46 nsimon kernel: pci 0000:00:17.4: BAR 13: failed to assign [io  size 0x1000]
Nov 08 17:21:46 nsimon kernel: pci 0000:00:17.5: BAR 13: no space for [io  size 0x1000]
Nov 08 17:21:46 nsimon kernel: pci 0000:00:17.5: BAR 13: failed to assign [io  size 0x1000]
Nov 08 17:21:46 nsimon kernel: pci 0000:00:17.6: BAR 13: no space for [io  size 0x1000]
Nov 08 17:21:46 nsimon kernel: pci 0000:00:17.6: BAR 13: failed to assign [io  size 0x1000]
Nov 08 17:21:46 nsimon kernel: pci 0000:00:17.7: BAR 13: no space for [io  size 0x1000]
Nov 08 17:21:46 nsimon kernel: pci 0000:00:17.7: BAR 13: failed to assign [io  size 0x1000]
Nov 08 17:21:46 nsimon kernel: pci 0000:00:18.2: BAR 13: no space for [io  size 0x1000]
Nov 08 17:21:46 nsimon kernel: pci 0000:00:18.2: BAR 13: failed to assign [io  size 0x1000]
Nov 08 17:21:46 nsimon kernel: pci 0000:00:18.3: BAR 13: no space for [io  size 0x1000]
Nov 08 17:21:46 nsimon kernel: pci 0000:00:18.3: BAR 13: failed to assign [io  size 0x1000]
Nov 08 17:21:46 nsimon kernel: pci 0000:00:18.4: BAR 13: no space for [io  size 0x1000]
Nov 08 17:21:46 nsimon kernel: pci 0000:00:18.4: BAR 13: failed to assign [io  size 0x1000]
Nov 08 17:21:46 nsimon kernel: pci 0000:00:18.5: BAR 13: no space for [io  size 0x1000]
Nov 08 17:21:46 nsimon kernel: pci 0000:00:18.5: BAR 13: failed to assign [io  size 0x1000]
Nov 08 17:21:46 nsimon kernel: pci 0000:00:18.6: BAR 13: no space for [io  size 0x1000]
Nov 08 17:21:46 nsimon kernel: pci 0000:00:18.6: BAR 13: failed to assign [io  size 0x1000]
Nov 08 17:21:46 nsimon kernel: pci 0000:00:18.7: BAR 13: no space for [io  size 0x1000]
Nov 08 17:21:46 nsimon kernel: pci 0000:00:18.7: BAR 13: failed to assign [io  size 0x1000]
Nov 08 17:21:46 nsimon kernel: pci 0000:00:18.7: BAR 13: no space for [io  size 0x1000]
Nov 08 17:21:46 nsimon kernel: pci 0000:00:18.7: BAR 13: failed to assign [io  size 0x1000]
Nov 08 17:21:46 nsimon kernel: pci 0000:00:18.6: BAR 13: no space for [io  size 0x1000]
Nov 08 17:21:46 nsimon kernel: pci 0000:00:18.6: BAR 13: failed to assign [io  size 0x1000]
Nov 08 17:21:46 nsimon kernel: pci 0000:00:18.5: BAR 13: no space for [io  size 0x1000]
Nov 08 17:21:46 nsimon kernel: pci 0000:00:18.5: BAR 13: failed to assign [io  size 0x1000]
Nov 08 17:21:46 nsimon kernel: pci 0000:00:18.4: BAR 13: no space for [io  size 0x1000]
Nov 08 17:21:46 nsimon kernel: pci 0000:00:18.4: BAR 13: failed to assign [io  size 0x1000]
Nov 08 17:21:46 nsimon kernel: pci 0000:00:18.3: BAR 13: no space for [io  size 0x1000]
Nov 08 17:21:46 nsimon kernel: pci 0000:00:18.3: BAR 13: failed to assign [io  size 0x1000]
Nov 08 17:21:46 nsimon kernel: pci 0000:00:18.2: BAR 13: no space for [io  size 0x1000]
Nov 08 17:21:46 nsimon kernel: pci 0000:00:18.2: BAR 13: failed to assign [io  size 0x1000]
Nov 08 17:21:46 nsimon kernel: pci 0000:00:17.7: BAR 13: no space for [io  size 0x1000]
Nov 08 17:21:46 nsimon kernel: pci 0000:00:17.7: BAR 13: failed to assign [io  size 0x1000]
Nov 08 17:21:46 nsimon kernel: pci 0000:00:17.6: BAR 13: no space for [io  size 0x1000]
Nov 08 17:21:46 nsimon kernel: pci 0000:00:17.6: BAR 13: failed to assign [io  size 0x1000]
Nov 08 17:21:46 nsimon kernel: pci 0000:00:17.5: BAR 13: no space for [io  size 0x1000]
Nov 08 17:21:46 nsimon kernel: pci 0000:00:17.5: BAR 13: failed to assign [io  size 0x1000]
Nov 08 17:21:46 nsimon kernel: pci 0000:00:17.4: BAR 13: no space for [io  size 0x1000]
Nov 08 17:21:46 nsimon kernel: pci 0000:00:17.4: BAR 13: failed to assign [io  size 0x1000]
Nov 08 17:21:46 nsimon kernel: pci 0000:00:17.3: BAR 13: no space for [io  size 0x1000]
Nov 08 17:21:46 nsimon kernel: pci 0000:00:17.3: BAR 13: failed to assign [io  size 0x1000]
Nov 08 17:21:46 nsimon kernel: pci 0000:00:16.7: BAR 13: no space for [io  size 0x1000]
Nov 08 17:21:46 nsimon kernel: pci 0000:00:16.7: BAR 13: failed to assign [io  size 0x1000]
Nov 08 17:21:46 nsimon kernel: pci 0000:00:16.6: BAR 13: no space for [io  size 0x1000]
Nov 08 17:21:46 nsimon kernel: pci 0000:00:16.6: BAR 13: failed to assign [io  size 0x1000]
Nov 08 17:21:46 nsimon kernel: pci 0000:00:16.5: BAR 13: no space for [io  size 0x1000]
Nov 08 17:21:46 nsimon kernel: pci 0000:00:16.5: BAR 13: failed to assign [io  size 0x1000]
Nov 08 17:21:46 nsimon kernel: pci 0000:00:16.4: BAR 13: no space for [io  size 0x1000]
Nov 08 17:21:46 nsimon kernel: pci 0000:00:16.4: BAR 13: failed to assign [io  size 0x1000]
Nov 08 17:21:46 nsimon kernel: pci 0000:00:16.3: BAR 13: no space for [io  size 0x1000]
Nov 08 17:21:46 nsimon kernel: pci 0000:00:16.3: BAR 13: failed to assign [io  size 0x1000]
Nov 08 17:21:46 nsimon kernel: pci 0000:00:15.7: BAR 13: no space for [io  size 0x1000]
Nov 08 17:21:46 nsimon kernel: pci 0000:00:15.7: BAR 13: failed to assign [io  size 0x1000]
Nov 08 17:21:46 nsimon kernel: pci 0000:00:15.6: BAR 13: no space for [io  size 0x1000]
Nov 08 17:21:46 nsimon kernel: pci 0000:00:15.6: BAR 13: failed to assign [io  size 0x1000]
Nov 08 17:21:46 nsimon kernel: pci 0000:00:15.5: BAR 13: no space for [io  size 0x1000]
Nov 08 17:21:46 nsimon kernel: pci 0000:00:15.5: BAR 13: failed to assign [io  size 0x1000]
Nov 08 17:21:46 nsimon kernel: pci 0000:00:15.4: BAR 13: no space for [io  size 0x1000]
Nov 08 17:21:46 nsimon kernel: pci 0000:00:15.4: BAR 13: failed to assign [io  size 0x1000]
Nov 08 17:21:46 nsimon kernel: pci 0000:00:15.3: BAR 13: no space for [io  size 0x1000]
Nov 08 17:21:46 nsimon kernel: pci 0000:00:15.3: BAR 13: failed to assign [io  size 0x1000]
Nov 08 17:21:46 nsimon kernel: pci 0000:00:01.0: PCI bridge to [bus 01]
Nov 08 17:21:46 nsimon kernel: pci 0000:02:03.0: BAR 6: assigned [mem 0xfd500000-0xfd50ffff pref]
Nov 08 17:21:46 nsimon kernel: pci 0000:00:11.0: PCI bridge to [bus 02]
Nov 08 17:21:46 nsimon kernel: pci 0000:00:11.0:   bridge window [io  0x2000-0x3fff]
Nov 08 17:21:46 nsimon kernel: pci 0000:00:11.0:   bridge window [mem 0xfd500000-0xfdffffff]
Nov 08 17:21:46 nsimon kernel: pci 0000:00:11.0:   bridge window [mem 0xe7b00000-0xe7ffffff 64bit pref]
Nov 08 17:21:46 nsimon kernel: pci 0000:03:00.0: BAR 6: assigned [mem 0xfd400000-0xfd40ffff pref]
Nov 08 17:21:46 nsimon kernel: pci 0000:00:15.0: PCI bridge to [bus 03]
Nov 08 17:21:46 nsimon kernel: pci 0000:00:15.0:   bridge window [io  0x4000-0x4fff]
Nov 08 17:21:46 nsimon kernel: pci 0000:00:15.0:   bridge window [mem 0xfd400000-0xfd4fffff]
Nov 08 17:21:46 nsimon kernel: pci 0000:00:15.0:   bridge window [mem 0xc0000000-0xc01fffff 64bit pref]
Nov 08 17:21:46 nsimon kernel: pci 0000:00:15.1: PCI bridge to [bus 04]
Nov 08 17:21:46 nsimon kernel: pci 0000:00:15.1:   bridge window [io  0x8000-0x8fff]
Nov 08 17:21:46 nsimon kernel: pci 0000:00:15.1:   bridge window [mem 0xfd000000-0xfd0fffff]
Nov 08 17:21:46 nsimon kernel: pci 0000:00:15.1:   bridge window [mem 0xe7800000-0xe78fffff 64bit pref]
Nov 08 17:21:46 nsimon kernel: pci 0000:00:15.2: PCI bridge to [bus 05]
Nov 08 17:21:46 nsimon kernel: pci 0000:00:15.2:   bridge window [io  0xc000-0xcfff]
Nov 08 17:21:46 nsimon kernel: pci 0000:00:15.2:   bridge window [mem 0xfcc00000-0xfccfffff]
Nov 08 17:21:46 nsimon kernel: pci 0000:00:15.2:   bridge window [mem 0xe7400000-0xe74fffff 64bit pref]
Nov 08 17:21:46 nsimon kernel: pci 0000:00:15.3: PCI bridge to [bus 06]
Nov 08 17:21:46 nsimon kernel: pci 0000:00:15.3:   bridge window [mem 0xfc800000-0xfc8fffff]
Nov 08 17:21:46 nsimon kernel: pci 0000:00:15.3:   bridge window [mem 0xe7000000-0xe70fffff 64bit pref]
Nov 08 17:21:46 nsimon kernel: pci 0000:00:15.4: PCI bridge to [bus 07]
Nov 08 17:21:46 nsimon kernel: pci 0000:00:15.4:   bridge window [mem 0xfc400000-0xfc4fffff]
Nov 08 17:21:46 nsimon kernel: pci 0000:00:15.4:   bridge window [mem 0xe6c00000-0xe6cfffff 64bit pref]
Nov 08 17:21:46 nsimon kernel: pci 0000:00:15.5: PCI bridge to [bus 08]
Nov 08 17:21:46 nsimon kernel: pci 0000:00:15.5:   bridge window [mem 0xfc000000-0xfc0fffff]
Nov 08 17:21:46 nsimon kernel: pci 0000:00:15.5:   bridge window [mem 0xe6800000-0xe68fffff 64bit pref]
Nov 08 17:21:46 nsimon kernel: pci 0000:00:15.6: PCI bridge to [bus 09]
Nov 08 17:21:46 nsimon kernel: pci 0000:00:15.6:   bridge window [mem 0xfbc00000-0xfbcfffff]
Nov 08 17:21:46 nsimon kernel: pci 0000:00:15.6:   bridge window [mem 0xe6400000-0xe64fffff 64bit pref]
Nov 08 17:21:46 nsimon kernel: pci 0000:00:15.7: PCI bridge to [bus 0a]
Nov 08 17:21:46 nsimon kernel: pci 0000:00:15.7:   bridge window [mem 0xfb800000-0xfb8fffff]
Nov 08 17:21:46 nsimon kernel: pci 0000:00:15.7:   bridge window [mem 0xe6000000-0xe60fffff 64bit pref]
Nov 08 17:21:46 nsimon kernel: pci 0000:0b:00.0: BAR 6: assigned [mem 0xfd300000-0xfd301fff pref]
Nov 08 17:21:46 nsimon kernel: pci 0000:00:16.0: PCI bridge to [bus 0b]
Nov 08 17:21:46 nsimon kernel: pci 0000:00:16.0:   bridge window [io  0x5000-0x5fff]
Nov 08 17:21:46 nsimon kernel: pci 0000:00:16.0:   bridge window [mem 0xfd300000-0xfd3fffff]
Nov 08 17:21:46 nsimon kernel: pci 0000:00:16.0:   bridge window [mem 0xc0200000-0xc03fffff 64bit pref]
Nov 08 17:21:46 nsimon kernel: pci 0000:00:16.1: PCI bridge to [bus 0c]
Nov 08 17:21:46 nsimon kernel: pci 0000:00:16.1:   bridge window [io  0x9000-0x9fff]
Nov 08 17:21:46 nsimon kernel: pci 0000:00:16.1:   bridge window [mem 0xfcf00000-0xfcffffff]
Nov 08 17:21:46 nsimon kernel: pci 0000:00:16.1:   bridge window [mem 0xe7700000-0xe77fffff 64bit pref]
Nov 08 17:21:46 nsimon kernel: pci 0000:00:16.2: PCI bridge to [bus 0d]
Nov 08 17:21:46 nsimon kernel: pci 0000:00:16.2:   bridge window [io  0xd000-0xdfff]
Nov 08 17:21:46 nsimon kernel: pci 0000:00:16.2:   bridge window [mem 0xfcb00000-0xfcbfffff]
Nov 08 17:21:46 nsimon kernel: pci 0000:00:16.2:   bridge window [mem 0xe7300000-0xe73fffff 64bit pref]
Nov 08 17:21:46 nsimon kernel: pci 0000:00:16.3: PCI bridge to [bus 0e]
Nov 08 17:21:46 nsimon kernel: pci 0000:00:16.3:   bridge window [mem 0xfc700000-0xfc7fffff]
Nov 08 17:21:46 nsimon kernel: pci 0000:00:16.3:   bridge window [mem 0xe6f00000-0xe6ffffff 64bit pref]
Nov 08 17:21:46 nsimon kernel: pci 0000:00:16.4: PCI bridge to [bus 0f]
Nov 08 17:21:46 nsimon kernel: pci 0000:00:16.4:   bridge window [mem 0xfc300000-0xfc3fffff]
Nov 08 17:21:46 nsimon kernel: pci 0000:00:16.4:   bridge window [mem 0xe6b00000-0xe6bfffff 64bit pref]
Nov 08 17:21:46 nsimon kernel: pci 0000:00:16.5: PCI bridge to [bus 10]
Nov 08 17:21:46 nsimon kernel: pci 0000:00:16.5:   bridge window [mem 0xfbf00000-0xfbffffff]
Nov 08 17:21:46 nsimon kernel: pci 0000:00:16.5:   bridge window [mem 0xe6700000-0xe67fffff 64bit pref]
Nov 08 17:21:46 nsimon kernel: pci 0000:00:16.6: PCI bridge to [bus 11]
Nov 08 17:21:46 nsimon kernel: pci 0000:00:16.6:   bridge window [mem 0xfbb00000-0xfbbfffff]
Nov 08 17:21:46 nsimon kernel: pci 0000:00:16.6:   bridge window [mem 0xe6300000-0xe63fffff 64bit pref]
Nov 08 17:21:46 nsimon kernel: pci 0000:00:16.7: PCI bridge to [bus 12]
Nov 08 17:21:46 nsimon kernel: pci 0000:00:16.7:   bridge window [mem 0xfb700000-0xfb7fffff]
Nov 08 17:21:46 nsimon kernel: pci 0000:00:16.7:   bridge window [mem 0xe5f00000-0xe5ffffff 64bit pref]
Nov 08 17:21:46 nsimon kernel: pci 0000:00:17.0: PCI bridge to [bus 13]
Nov 08 17:21:46 nsimon kernel: pci 0000:00:17.0:   bridge window [io  0x6000-0x6fff]
Nov 08 17:21:46 nsimon kernel: pci 0000:00:17.0:   bridge window [mem 0xfd200000-0xfd2fffff]
Nov 08 17:21:46 nsimon kernel: pci 0000:00:17.0:   bridge window [mem 0xe7a00000-0xe7afffff 64bit pref]
Nov 08 17:21:46 nsimon kernel: pci 0000:00:17.1: PCI bridge to [bus 14]
Nov 08 17:21:46 nsimon kernel: pci 0000:00:17.1:   bridge window [io  0xa000-0xafff]
Nov 08 17:21:46 nsimon kernel: pci 0000:00:17.1:   bridge window [mem 0xfce00000-0xfcefffff]
Nov 08 17:21:46 nsimon kernel: pci 0000:00:17.1:   bridge window [mem 0xe7600000-0xe76fffff 64bit pref]
Nov 08 17:21:46 nsimon kernel: pci 0000:00:17.2: PCI bridge to [bus 15]
Nov 08 17:21:46 nsimon kernel: pci 0000:00:17.2:   bridge window [io  0xe000-0xefff]
Nov 08 17:21:46 nsimon kernel: pci 0000:00:17.2:   bridge window [mem 0xfca00000-0xfcafffff]
Nov 08 17:21:46 nsimon kernel: pci 0000:00:17.2:   bridge window [mem 0xe7200000-0xe72fffff 64bit pref]
Nov 08 17:21:46 nsimon kernel: pci 0000:00:17.3: PCI bridge to [bus 16]
Nov 08 17:21:46 nsimon kernel: pci 0000:00:17.3:   bridge window [mem 0xfc600000-0xfc6fffff]
Nov 08 17:21:46 nsimon kernel: pci 0000:00:17.3:   bridge window [mem 0xe6e00000-0xe6efffff 64bit pref]
Nov 08 17:21:46 nsimon kernel: pci 0000:00:17.4: PCI bridge to [bus 17]
Nov 08 17:21:46 nsimon kernel: pci 0000:00:17.4:   bridge window [mem 0xfc200000-0xfc2fffff]
Nov 08 17:21:46 nsimon kernel: pci 0000:00:17.4:   bridge window [mem 0xe6a00000-0xe6afffff 64bit pref]
Nov 08 17:21:46 nsimon kernel: pci 0000:00:17.5: PCI bridge to [bus 18]
Nov 08 17:21:46 nsimon kernel: pci 0000:00:17.5:   bridge window [mem 0xfbe00000-0xfbefffff]
Nov 08 17:21:46 nsimon kernel: pci 0000:00:17.5:   bridge window [mem 0xe6600000-0xe66fffff 64bit pref]
Nov 08 17:21:46 nsimon kernel: pci 0000:00:17.6: PCI bridge to [bus 19]
Nov 08 17:21:46 nsimon kernel: pci 0000:00:17.6:   bridge window [mem 0xfba00000-0xfbafffff]
Nov 08 17:21:46 nsimon kernel: pci 0000:00:17.6:   bridge window [mem 0xe6200000-0xe62fffff 64bit pref]
Nov 08 17:21:46 nsimon kernel: pci 0000:00:17.7: PCI bridge to [bus 1a]
Nov 08 17:21:46 nsimon kernel: pci 0000:00:17.7:   bridge window [mem 0xfb600000-0xfb6fffff]
Nov 08 17:21:46 nsimon kernel: pci 0000:00:17.7:   bridge window [mem 0xe5e00000-0xe5efffff 64bit pref]
Nov 08 17:21:46 nsimon kernel: pci 0000:00:18.0: PCI bridge to [bus 1b]
Nov 08 17:21:46 nsimon kernel: pci 0000:00:18.0:   bridge window [io  0x7000-0x7fff]
Nov 08 17:21:46 nsimon kernel: pci 0000:00:18.0:   bridge window [mem 0xfd100000-0xfd1fffff]
Nov 08 17:21:46 nsimon kernel: pci 0000:00:18.0:   bridge window [mem 0xe7900000-0xe79fffff 64bit pref]
Nov 08 17:21:46 nsimon kernel: pci 0000:00:18.1: PCI bridge to [bus 1c]
Nov 08 17:21:46 nsimon kernel: pci 0000:00:18.1:   bridge window [io  0xb000-0xbfff]
Nov 08 17:21:46 nsimon kernel: pci 0000:00:18.1:   bridge window [mem 0xfcd00000-0xfcdfffff]
Nov 08 17:21:46 nsimon kernel: pci 0000:00:18.1:   bridge window [mem 0xe7500000-0xe75fffff 64bit pref]
Nov 08 17:21:46 nsimon kernel: pci 0000:00:18.2: PCI bridge to [bus 1d]
Nov 08 17:21:46 nsimon kernel: pci 0000:00:18.2:   bridge window [mem 0xfc900000-0xfc9fffff]
Nov 08 17:21:46 nsimon kernel: pci 0000:00:18.2:   bridge window [mem 0xe7100000-0xe71fffff 64bit pref]
Nov 08 17:21:46 nsimon kernel: pci 0000:00:18.3: PCI bridge to [bus 1e]
Nov 08 17:21:46 nsimon kernel: pci 0000:00:18.3:   bridge window [mem 0xfc500000-0xfc5fffff]
Nov 08 17:21:46 nsimon kernel: pci 0000:00:18.3:   bridge window [mem 0xe6d00000-0xe6dfffff 64bit pref]
Nov 08 17:21:46 nsimon kernel: pci 0000:00:18.4: PCI bridge to [bus 1f]
Nov 08 17:21:46 nsimon kernel: pci 0000:00:18.4:   bridge window [mem 0xfc100000-0xfc1fffff]
Nov 08 17:21:46 nsimon kernel: pci 0000:00:18.4:   bridge window [mem 0xe6900000-0xe69fffff 64bit pref]
Nov 08 17:21:46 nsimon kernel: pci 0000:00:18.5: PCI bridge to [bus 20]
Nov 08 17:21:46 nsimon kernel: pci 0000:00:18.5:   bridge window [mem 0xfbd00000-0xfbdfffff]
Nov 08 17:21:46 nsimon kernel: pci 0000:00:18.5:   bridge window [mem 0xe6500000-0xe65fffff 64bit pref]
Nov 08 17:21:46 nsimon kernel: pci 0000:00:18.6: PCI bridge to [bus 21]
Nov 08 17:21:46 nsimon kernel: pci 0000:00:18.6:   bridge window [mem 0xfb900000-0xfb9fffff]
Nov 08 17:21:46 nsimon kernel: pci 0000:00:18.6:   bridge window [mem 0xe6100000-0xe61fffff 64bit pref]
Nov 08 17:21:46 nsimon kernel: pci 0000:00:18.7: PCI bridge to [bus 22]
Nov 08 17:21:46 nsimon kernel: pci 0000:00:18.7:   bridge window [mem 0xfb500000-0xfb5fffff]
Nov 08 17:21:46 nsimon kernel: pci 0000:00:18.7:   bridge window [mem 0xe5d00000-0xe5dfffff 64bit pref]
Nov 08 17:21:46 nsimon kernel: pci_bus 0000:00: resource 4 [mem 0x000a0000-0x000bffff window]
Nov 08 17:21:46 nsimon kernel: pci_bus 0000:00: resource 5 [mem 0x000d0000-0x000dbfff window]
Nov 08 17:21:46 nsimon kernel: pci_bus 0000:00: resource 6 [mem 0xc0000000-0xfebfffff window]
Nov 08 17:21:46 nsimon kernel: pci_bus 0000:00: resource 7 [io  0x0000-0x0cf7 window]
Nov 08 17:21:46 nsimon kernel: pci_bus 0000:00: resource 8 [io  0x0d00-0xfeff window]
Nov 08 17:21:46 nsimon kernel: pci_bus 0000:02: resource 0 [io  0x2000-0x3fff]
Nov 08 17:21:46 nsimon kernel: pci_bus 0000:02: resource 1 [mem 0xfd500000-0xfdffffff]
Nov 08 17:21:46 nsimon kernel: pci_bus 0000:02: resource 2 [mem 0xe7b00000-0xe7ffffff 64bit pref]
Nov 08 17:21:46 nsimon kernel: pci_bus 0000:02: resource 4 [mem 0x000a0000-0x000bffff window]
Nov 08 17:21:46 nsimon kernel: pci_bus 0000:02: resource 5 [mem 0x000d0000-0x000dbfff window]
Nov 08 17:21:46 nsimon kernel: pci_bus 0000:02: resource 6 [mem 0xc0000000-0xfebfffff window]
Nov 08 17:21:46 nsimon kernel: pci_bus 0000:02: resource 7 [io  0x0000-0x0cf7 window]
Nov 08 17:21:46 nsimon kernel: pci_bus 0000:02: resource 8 [io  0x0d00-0xfeff window]
Nov 08 17:21:46 nsimon kernel: pci_bus 0000:03: resource 0 [io  0x4000-0x4fff]
Nov 08 17:21:46 nsimon kernel: pci_bus 0000:03: resource 1 [mem 0xfd400000-0xfd4fffff]
Nov 08 17:21:46 nsimon kernel: pci_bus 0000:03: resource 2 [mem 0xc0000000-0xc01fffff 64bit pref]
Nov 08 17:21:46 nsimon kernel: pci_bus 0000:04: resource 0 [io  0x8000-0x8fff]
Nov 08 17:21:46 nsimon kernel: pci_bus 0000:04: resource 1 [mem 0xfd000000-0xfd0fffff]
Nov 08 17:21:46 nsimon kernel: pci_bus 0000:04: resource 2 [mem 0xe7800000-0xe78fffff 64bit pref]
Nov 08 17:21:46 nsimon kernel: pci_bus 0000:05: resource 0 [io  0xc000-0xcfff]
Nov 08 17:21:46 nsimon kernel: pci_bus 0000:05: resource 1 [mem 0xfcc00000-0xfccfffff]
Nov 08 17:21:46 nsimon kernel: pci_bus 0000:05: resource 2 [mem 0xe7400000-0xe74fffff 64bit pref]
Nov 08 17:21:46 nsimon kernel: pci_bus 0000:06: resource 1 [mem 0xfc800000-0xfc8fffff]
Nov 08 17:21:46 nsimon kernel: pci_bus 0000:06: resource 2 [mem 0xe7000000-0xe70fffff 64bit pref]
Nov 08 17:21:46 nsimon kernel: pci_bus 0000:07: resource 1 [mem 0xfc400000-0xfc4fffff]
Nov 08 17:21:46 nsimon kernel: pci_bus 0000:07: resource 2 [mem 0xe6c00000-0xe6cfffff 64bit pref]
Nov 08 17:21:46 nsimon kernel: pci_bus 0000:08: resource 1 [mem 0xfc000000-0xfc0fffff]
Nov 08 17:21:46 nsimon kernel: pci_bus 0000:08: resource 2 [mem 0xe6800000-0xe68fffff 64bit pref]
Nov 08 17:21:46 nsimon kernel: pci_bus 0000:09: resource 1 [mem 0xfbc00000-0xfbcfffff]
Nov 08 17:21:46 nsimon kernel: pci_bus 0000:09: resource 2 [mem 0xe6400000-0xe64fffff 64bit pref]
Nov 08 17:21:46 nsimon kernel: pci_bus 0000:0a: resource 1 [mem 0xfb800000-0xfb8fffff]
Nov 08 17:21:46 nsimon kernel: pci_bus 0000:0a: resource 2 [mem 0xe6000000-0xe60fffff 64bit pref]
Nov 08 17:21:46 nsimon kernel: pci_bus 0000:0b: resource 0 [io  0x5000-0x5fff]
Nov 08 17:21:46 nsimon kernel: pci_bus 0000:0b: resource 1 [mem 0xfd300000-0xfd3fffff]
Nov 08 17:21:46 nsimon kernel: pci_bus 0000:0b: resource 2 [mem 0xc0200000-0xc03fffff 64bit pref]
Nov 08 17:21:46 nsimon kernel: pci_bus 0000:0c: resource 0 [io  0x9000-0x9fff]
Nov 08 17:21:46 nsimon kernel: pci_bus 0000:0c: resource 1 [mem 0xfcf00000-0xfcffffff]
Nov 08 17:21:46 nsimon kernel: pci_bus 0000:0c: resource 2 [mem 0xe7700000-0xe77fffff 64bit pref]
Nov 08 17:21:46 nsimon kernel: pci_bus 0000:0d: resource 0 [io  0xd000-0xdfff]
Nov 08 17:21:46 nsimon kernel: pci_bus 0000:0d: resource 1 [mem 0xfcb00000-0xfcbfffff]
Nov 08 17:21:46 nsimon kernel: pci_bus 0000:0d: resource 2 [mem 0xe7300000-0xe73fffff 64bit pref]
Nov 08 17:21:46 nsimon kernel: pci_bus 0000:0e: resource 1 [mem 0xfc700000-0xfc7fffff]
Nov 08 17:21:46 nsimon kernel: pci_bus 0000:0e: resource 2 [mem 0xe6f00000-0xe6ffffff 64bit pref]
Nov 08 17:21:46 nsimon kernel: pci_bus 0000:0f: resource 1 [mem 0xfc300000-0xfc3fffff]
Nov 08 17:21:46 nsimon kernel: pci_bus 0000:0f: resource 2 [mem 0xe6b00000-0xe6bfffff 64bit pref]
Nov 08 17:21:46 nsimon kernel: pci_bus 0000:10: resource 1 [mem 0xfbf00000-0xfbffffff]
Nov 08 17:21:46 nsimon kernel: pci_bus 0000:10: resource 2 [mem 0xe6700000-0xe67fffff 64bit pref]
Nov 08 17:21:46 nsimon kernel: pci_bus 0000:11: resource 1 [mem 0xfbb00000-0xfbbfffff]
Nov 08 17:21:46 nsimon kernel: pci_bus 0000:11: resource 2 [mem 0xe6300000-0xe63fffff 64bit pref]
Nov 08 17:21:46 nsimon kernel: pci_bus 0000:12: resource 1 [mem 0xfb700000-0xfb7fffff]
Nov 08 17:21:46 nsimon kernel: pci_bus 0000:12: resource 2 [mem 0xe5f00000-0xe5ffffff 64bit pref]
Nov 08 17:21:46 nsimon kernel: pci_bus 0000:13: resource 0 [io  0x6000-0x6fff]
Nov 08 17:21:46 nsimon kernel: pci_bus 0000:13: resource 1 [mem 0xfd200000-0xfd2fffff]
Nov 08 17:21:46 nsimon kernel: pci_bus 0000:13: resource 2 [mem 0xe7a00000-0xe7afffff 64bit pref]
Nov 08 17:21:46 nsimon kernel: pci_bus 0000:14: resource 0 [io  0xa000-0xafff]
Nov 08 17:21:46 nsimon kernel: pci_bus 0000:14: resource 1 [mem 0xfce00000-0xfcefffff]
Nov 08 17:21:46 nsimon kernel: pci_bus 0000:14: resource 2 [mem 0xe7600000-0xe76fffff 64bit pref]
Nov 08 17:21:46 nsimon kernel: pci_bus 0000:15: resource 0 [io  0xe000-0xefff]
Nov 08 17:21:46 nsimon kernel: pci_bus 0000:15: resource 1 [mem 0xfca00000-0xfcafffff]
Nov 08 17:21:46 nsimon kernel: pci_bus 0000:15: resource 2 [mem 0xe7200000-0xe72fffff 64bit pref]
Nov 08 17:21:46 nsimon kernel: pci_bus 0000:16: resource 1 [mem 0xfc600000-0xfc6fffff]
Nov 08 17:21:46 nsimon kernel: pci_bus 0000:16: resource 2 [mem 0xe6e00000-0xe6efffff 64bit pref]
Nov 08 17:21:46 nsimon kernel: pci_bus 0000:17: resource 1 [mem 0xfc200000-0xfc2fffff]
Nov 08 17:21:46 nsimon kernel: pci_bus 0000:17: resource 2 [mem 0xe6a00000-0xe6afffff 64bit pref]
Nov 08 17:21:46 nsimon kernel: pci_bus 0000:18: resource 1 [mem 0xfbe00000-0xfbefffff]
Nov 08 17:21:46 nsimon kernel: pci_bus 0000:18: resource 2 [mem 0xe6600000-0xe66fffff 64bit pref]
Nov 08 17:21:46 nsimon kernel: pci_bus 0000:19: resource 1 [mem 0xfba00000-0xfbafffff]
Nov 08 17:21:46 nsimon kernel: pci_bus 0000:19: resource 2 [mem 0xe6200000-0xe62fffff 64bit pref]
Nov 08 17:21:46 nsimon kernel: pci_bus 0000:1a: resource 1 [mem 0xfb600000-0xfb6fffff]
Nov 08 17:21:46 nsimon kernel: pci_bus 0000:1a: resource 2 [mem 0xe5e00000-0xe5efffff 64bit pref]
Nov 08 17:21:46 nsimon kernel: pci_bus 0000:1b: resource 0 [io  0x7000-0x7fff]
Nov 08 17:21:46 nsimon kernel: pci_bus 0000:1b: resource 1 [mem 0xfd100000-0xfd1fffff]
Nov 08 17:21:46 nsimon kernel: pci_bus 0000:1b: resource 2 [mem 0xe7900000-0xe79fffff 64bit pref]
Nov 08 17:21:46 nsimon kernel: pci_bus 0000:1c: resource 0 [io  0xb000-0xbfff]
Nov 08 17:21:46 nsimon kernel: pci_bus 0000:1c: resource 1 [mem 0xfcd00000-0xfcdfffff]
Nov 08 17:21:46 nsimon kernel: pci_bus 0000:1c: resource 2 [mem 0xe7500000-0xe75fffff 64bit pref]
Nov 08 17:21:46 nsimon kernel: pci_bus 0000:1d: resource 1 [mem 0xfc900000-0xfc9fffff]
Nov 08 17:21:46 nsimon kernel: pci_bus 0000:1d: resource 2 [mem 0xe7100000-0xe71fffff 64bit pref]
Nov 08 17:21:46 nsimon kernel: pci_bus 0000:1e: resource 1 [mem 0xfc500000-0xfc5fffff]
Nov 08 17:21:46 nsimon kernel: pci_bus 0000:1e: resource 2 [mem 0xe6d00000-0xe6dfffff 64bit pref]
Nov 08 17:21:46 nsimon kernel: pci_bus 0000:1f: resource 1 [mem 0xfc100000-0xfc1fffff]
Nov 08 17:21:46 nsimon kernel: pci_bus 0000:1f: resource 2 [mem 0xe6900000-0xe69fffff 64bit pref]
Nov 08 17:21:46 nsimon kernel: pci_bus 0000:20: resource 1 [mem 0xfbd00000-0xfbdfffff]
Nov 08 17:21:46 nsimon kernel: pci_bus 0000:20: resource 2 [mem 0xe6500000-0xe65fffff 64bit pref]
