[    0.000000] Linux version 6.6.0-thor_kernel (root@nsimon) (gcc (GCC) 11.3.1 20221121 (Red Hat 11.3.1-4), GNU ld version 2.35.2-37.el9) #6 SMP PREEMPT_DYNAMIC Thu Nov  9 13:07:08 CET 2023
[    0.000000] Command line: BOOT_IMAGE=(hd0,msdos1)/vmlinuz-6.6.0-thor_kernel root=/dev/mapper/rl-root ro crashkernel=1G-4G:192M,4G-64G:256M,64G-:512M resume=/dev/mapper/rl-swap rd.lvm.lv=rl/root rd.lvm.lv=rl/swap
[    0.000000] BIOS-provided physical RAM map:
[    0.000000] BIOS-e820: [mem 0x0000000000000000-0x000000000009fbff] usable
[    0.000000] BIOS-e820: [mem 0x000000000009fc00-0x000000000009ffff] reserved
[    0.000000] BIOS-e820: [mem 0x00000000000f0000-0x00000000000fffff] reserved
[    0.000000] BIOS-e820: [mem 0x0000000000100000-0x00000000dffeffff] usable
[    0.000000] BIOS-e820: [mem 0x00000000dfff0000-0x00000000dfffffff] ACPI data
[    0.000000] BIOS-e820: [mem 0x00000000fec00000-0x00000000fec00fff] reserved
[    0.000000] BIOS-e820: [mem 0x00000000fee00000-0x00000000fee00fff] reserved
[    0.000000] BIOS-e820: [mem 0x00000000fffc0000-0x00000000ffffffff] reserved
[    0.000000] BIOS-e820: [mem 0x0000000100000000-0x000000011fffffff] usable
[    0.000000] NX (Execute Disable) protection: active
[    0.000000] APIC: Static calls initialized
[    0.000000] SMBIOS 2.5 present.
[    0.000000] DMI: innotek GmbH VirtualBox/VirtualBox, BIOS VirtualBox 12/01/2006
[    0.000000] Hypervisor detected: KVM
[    0.000000] kvm-clock: Using msrs 4b564d01 and 4b564d00
[    0.000003] kvm-clock: using sched offset of 3411173600249 cycles
[    0.000006] clocksource: kvm-clock: mask: 0xffffffffffffffff max_cycles: 0x1cd42e4dffb, max_idle_ns: 881590591483 ns
[    0.000011] tsc: Detected 2303.892 MHz processor
[    0.001153] e820: update [mem 0x00000000-0x00000fff] usable ==> reserved
[    0.001157] e820: remove [mem 0x000a0000-0x000fffff] usable
[    0.001162] last_pfn = 0x120000 max_arch_pfn = 0x400000000
[    0.001211] MTRRs disabled by BIOS
[    0.001229] x86/PAT: Configuration [0-7]: WB  WC  UC- UC  WB  WP  UC- WT  
[    0.001398] last_pfn = 0xdfff0 max_arch_pfn = 0x400000000
[    0.001455] found SMP MP-table at [mem 0x0009fff0-0x0009ffff]
[    0.001696] RAMDISK: [mem 0x2cb2f000-0x3258ffff]
[    0.001701] ACPI: Early table checksum verification disabled
[    0.001705] ACPI: RSDP 0x00000000000E0000 000024 (v02 VBOX  )
[    0.001709] ACPI: XSDT 0x00000000DFFF0030 00003C (v01 VBOX   VBOXXSDT 00000001 ASL  00000061)
[    0.001714] ACPI: FACP 0x00000000DFFF00F0 0000F4 (v04 VBOX   VBOXFACP 00000001 ASL  00000061)
[    0.001720] ACPI: DSDT 0x00000000DFFF0640 002353 (v02 VBOX   VBOXBIOS 00000002 INTL 20210930)
[    0.001724] ACPI: FACS 0x00000000DFFF0200 000040
[    0.001727] ACPI: FACS 0x00000000DFFF0200 000040
[    0.001730] ACPI: APIC 0x00000000DFFF0240 00008C (v02 VBOX   VBOXAPIC 00000001 ASL  00000061)
[    0.001733] ACPI: SSDT 0x00000000DFFF02D0 00036C (v01 VBOX   VBOXCPUT 00000002 INTL 20210930)
[    0.001735] ACPI: Reserving FACP table memory at [mem 0xdfff00f0-0xdfff01e3]
[    0.001737] ACPI: Reserving DSDT table memory at [mem 0xdfff0640-0xdfff2992]
[    0.001737] ACPI: Reserving FACS table memory at [mem 0xdfff0200-0xdfff023f]
[    0.001738] ACPI: Reserving FACS table memory at [mem 0xdfff0200-0xdfff023f]
[    0.001739] ACPI: Reserving APIC table memory at [mem 0xdfff0240-0xdfff02cb]
[    0.001739] ACPI: Reserving SSDT table memory at [mem 0xdfff02d0-0xdfff063b]
[    0.002979] No NUMA configuration found
[    0.002980] Faking a node at [mem 0x0000000000000000-0x000000011fffffff]
[    0.002989] NODE_DATA(0) allocated [mem 0x11ffd1000-0x11fffbfff]
[    0.003150] Reserving 256MB of memory at 3232MB for crashkernel (System RAM: 4095MB)
[    0.003165] Zone ranges:
[    0.003166]   DMA      [mem 0x0000000000001000-0x0000000000ffffff]
[    0.003168]   DMA32    [mem 0x0000000001000000-0x00000000ffffffff]
[    0.003169]   Normal   [mem 0x0000000100000000-0x000000011fffffff]
[    0.003170]   Device   empty
[    0.003171] Movable zone start for each node
[    0.003173] Early memory node ranges
[    0.003174]   node   0: [mem 0x0000000000001000-0x000000000009efff]
[    0.003175]   node   0: [mem 0x0000000000100000-0x00000000dffeffff]
[    0.003176]   node   0: [mem 0x0000000100000000-0x000000011fffffff]
[    0.003177] Initmem setup node 0 [mem 0x0000000000001000-0x000000011fffffff]
[    0.003182] On node 0, zone DMA: 1 pages in unavailable ranges
[    0.003217] On node 0, zone DMA: 97 pages in unavailable ranges
[    0.009039] On node 0, zone Normal: 16 pages in unavailable ranges
[    0.011380] ACPI: PM-Timer IO Port: 0x4008
[    0.011606] IOAPIC[0]: apic_id 8, version 32, address 0xfec00000, GSI 0-23
[    0.011611] ACPI: INT_SRC_OVR (bus 0 bus_irq 0 global_irq 2 dfl dfl)
[    0.011613] ACPI: INT_SRC_OVR (bus 0 bus_irq 9 global_irq 9 low level)
[    0.011618] ACPI: Using ACPI (MADT) for SMP configuration information
[    0.011619] smpboot: Allowing 8 CPUs, 0 hotplug CPUs
[    0.011721] PM: hibernation: Registered nosave memory: [mem 0x00000000-0x00000fff]
[    0.011724] PM: hibernation: Registered nosave memory: [mem 0x0009f000-0x0009ffff]
[    0.011725] PM: hibernation: Registered nosave memory: [mem 0x000a0000-0x000effff]
[    0.011725] PM: hibernation: Registered nosave memory: [mem 0x000f0000-0x000fffff]
[    0.011726] PM: hibernation: Registered nosave memory: [mem 0xdfff0000-0xdfffffff]
[    0.011727] PM: hibernation: Registered nosave memory: [mem 0xe0000000-0xfebfffff]
[    0.011727] PM: hibernation: Registered nosave memory: [mem 0xfec00000-0xfec00fff]
[    0.011728] PM: hibernation: Registered nosave memory: [mem 0xfec01000-0xfedfffff]
[    0.011728] PM: hibernation: Registered nosave memory: [mem 0xfee00000-0xfee00fff]
[    0.011729] PM: hibernation: Registered nosave memory: [mem 0xfee01000-0xfffbffff]
[    0.011729] PM: hibernation: Registered nosave memory: [mem 0xfffc0000-0xffffffff]
[    0.011731] [mem 0xe0000000-0xfebfffff] available for PCI devices
[    0.011732] Booting paravirtualized kernel on KVM
[    0.011734] clocksource: refined-jiffies: mask: 0xffffffff max_cycles: 0xffffffff, max_idle_ns: 1910969940391419 ns
[    0.016594] setup_percpu: NR_CPUS:8192 nr_cpumask_bits:8 nr_cpu_ids:8 nr_node_ids:1
[    0.017239] percpu: Embedded 62 pages/cpu s217088 r8192 d28672 u262144
[    0.017243] pcpu-alloc: s217088 r8192 d28672 u262144 alloc=1*2097152
[    0.017247] pcpu-alloc: [0] 0 1 2 3 4 5 6 7 
[    0.017401] kvm-guest: PV spinlocks enabled
[    0.017405] PV qspinlock hash table entries: 256 (order: 0, 4096 bytes, linear)
[    0.017413] Kernel command line: BOOT_IMAGE=(hd0,msdos1)/vmlinuz-6.6.0-thor_kernel root=/dev/mapper/rl-root ro crashkernel=1G-4G:192M,4G-64G:256M,64G-:512M resume=/dev/mapper/rl-swap rd.lvm.lv=rl/root rd.lvm.lv=rl/swap
[    0.017496] Unknown kernel command line parameters "BOOT_IMAGE=(hd0,msdos1)/vmlinuz-6.6.0-thor_kernel", will be passed to user space.
[    0.017514] random: crng init done
[    0.017879] Dentry cache hash table entries: 524288 (order: 10, 4194304 bytes, linear)
[    0.018220] Inode-cache hash table entries: 262144 (order: 9, 2097152 bytes, linear)
[    0.018438] Fallback order for Node 0: 0 
[    0.018447] Built 1 zonelists, mobility grouping on.  Total pages: 1031920
[    0.018449] Policy zone: Normal
[    0.018757] mem auto-init: stack:off, heap alloc:off, heap free:off
[    0.018769] software IO TLB: area num 8.
[    0.088568] Memory: 3328244K/4193848K available (16384K kernel code, 5647K rwdata, 12416K rodata, 4040K init, 5712K bss, 549220K reserved, 0K cma-reserved)
[    0.088740] SLUB: HWalign=64, Order=0-3, MinObjects=0, CPUs=8, Nodes=1
[    0.088749] Kernel/User page tables isolation: enabled
[    0.088773] ftrace: allocating 48547 entries in 190 pages
[    0.095494] ftrace: allocated 190 pages with 6 groups
[    0.096053] Dynamic Preempt: voluntary
[    0.096088] rcu: Preemptible hierarchical RCU implementation.
[    0.096088] rcu: 	RCU restricting CPUs from NR_CPUS=8192 to nr_cpu_ids=8.
[    0.096089] 	Trampoline variant of Tasks RCU enabled.
[    0.096090] 	Rude variant of Tasks RCU enabled.
[    0.096090] 	Tracing variant of Tasks RCU enabled.
[    0.096091] rcu: RCU calculated value of scheduler-enlistment delay is 100 jiffies.
[    0.096091] rcu: Adjusting geometry for rcu_fanout_leaf=16, nr_cpu_ids=8
[    0.098525] NR_IRQS: 524544, nr_irqs: 488, preallocated irqs: 16
[    0.099394] rcu: srcu_init: Setting srcu_struct sizes based on contention.
[    0.099711] kfence: initialized - using 2097152 bytes for 255 objects at 0x(____ptrval____)-0x(____ptrval____)
[    0.134591] Console: colour VGA+ 80x25
[    0.134597] printk: console [tty0] enabled
[    0.334525] ACPI: Core revision 20230628
[    0.335728] APIC: Switch to symmetric I/O mode setup
[    0.338825] x2apic enabled
[    0.341331] APIC: Switched APIC routing to: physical x2apic
[    0.351706] ..TIMER: vector=0x30 apic1=0 pin1=2 apic2=-1 pin2=-1
[    0.353891] clocksource: tsc-early: mask: 0xffffffffffffffff max_cycles: 0x213591bc648, max_idle_ns: 440795213155 ns
[    0.356878] Calibrating delay loop (skipped) preset value.. 4607.78 BogoMIPS (lpj=2303892)
[    0.359568] Last level iTLB entries: 4KB 64, 2MB 8, 4MB 8
[    0.359877] Last level dTLB entries: 4KB 64, 2MB 0, 4MB 0, 1GB 4
[    0.360897] Spectre V1 : Mitigation: usercopy/swapgs barriers and __user pointer sanitization
[    0.361882] Spectre V2 : Mitigation: Retpolines
[    0.362878] Spectre V2 : Spectre v2 / SpectreRSB mitigation: Filling RSB on context switch
[    0.363878] Spectre V2 : Spectre v2 / SpectreRSB : Filling RSB on VMEXIT
[    0.364877] RETBleed: WARNING: Spectre v2 mitigation leaves CPU vulnerable to RETBleed attacks, data leaks possible!
[    0.365877] RETBleed: Vulnerable
[    0.366877] Speculative Store Bypass: Vulnerable
[    0.367903] MDS: Mitigation: Clear CPU buffers
[    0.368877] MMIO Stale Data: Mitigation: Clear CPU buffers
[    0.369915] SRBDS: Unknown: Dependent on hypervisor status
[    0.370877] GDS: Unknown: Dependent on hypervisor status
[    0.371985] x86/fpu: Supporting XSAVE feature 0x001: 'x87 floating point registers'
[    0.372887] x86/fpu: Supporting XSAVE feature 0x002: 'SSE registers'
[    0.373881] x86/fpu: Supporting XSAVE feature 0x004: 'AVX registers'
[    0.374879] x86/fpu: xstate_offset[2]:  576, xstate_sizes[2]:  256
[    0.375877] x86/fpu: Enabled xstate features 0x7, context size is 832 bytes, using 'standard' format.
[    0.389691] Freeing SMP alternatives memory: 40K
[    0.389881] pid_max: default: 32768 minimum: 301
[    0.390917] LSM: initializing lsm=lockdown,capability,yama,selinux,bpf,integrity
[    0.391891] Yama: becoming mindful.
[    0.392880] SELinux:  Initializing.
[    0.393911] LSM support for eBPF active
[    0.394917] Mount-cache hash table entries: 8192 (order: 4, 65536 bytes, linear)
[    0.395885] Mountpoint-cache hash table entries: 8192 (order: 4, 65536 bytes, linear)
[    0.501701] APIC calibration not consistent with PM-Timer: 104ms instead of 100ms
[    0.501874] APIC delta adjusted to PM-Timer: 6300688 (6553822)
[    0.502350] smpboot: CPU0: Intel(R) Core(TM) i9-9880H CPU @ 2.30GHz (family: 0x6, model: 0x9e, stepping: 0xd)
[    0.503024] RCU Tasks: Setting shift to 3 and lim to 1 rcu_task_cb_adjust=1.
[    0.504898] RCU Tasks Rude: Setting shift to 3 and lim to 1 rcu_task_cb_adjust=1.
[    0.505902] RCU Tasks Trace: Setting shift to 3 and lim to 1 rcu_task_cb_adjust=1.
[    0.506909] Performance Events: unsupported p6 CPU model 158 no PMU driver, software events only.
[    0.507924] signal: max sigframe size: 1776
[    0.509060] rcu: Hierarchical SRCU implementation.
[    0.509879] rcu: 	Max phase no-delay instances is 400.
[    0.511128] NMI watchdog: Perf NMI watchdog permanently disabled
[    0.511951] smp: Bringing up secondary CPUs ...
[    0.512984] smpboot: x86: Booting SMP configuration:
[    0.513881] .... node  #0, CPUs:      #1 #2 #3 #4 #5 #6 #7
[    0.530946] smp: Brought up 1 node, 8 CPUs
[    0.532815] smpboot: Max logical packages: 1
[    0.532877] smpboot: Total of 8 processors activated (36862.27 BogoMIPS)
[    0.538067] node 0 deferred pages initialised in 1ms
[    0.541926] devtmpfs: initialized
[    0.544918] x86/mm: Memory block size: 128MB
[    0.550024] clocksource: jiffies: mask: 0xffffffff max_cycles: 0xffffffff, max_idle_ns: 1911260446275000 ns
[    0.554914] futex hash table entries: 2048 (order: 5, 131072 bytes, linear)
[    0.559969] pinctrl core: initialized pinctrl subsystem
[    0.563750] NET: Registered PF_NETLINK/PF_ROUTE protocol family
[    0.564982] DMA: preallocated 512 KiB GFP_KERNEL pool for atomic allocations
[    0.565880] DMA: preallocated 512 KiB GFP_KERNEL|GFP_DMA pool for atomic allocations
[    0.567905] DMA: preallocated 512 KiB GFP_KERNEL|GFP_DMA32 pool for atomic allocations
[    0.569905] audit: initializing netlink subsys (disabled)
[    0.570941] audit: type=2000 audit(1699623777.054:1): state=initialized audit_enabled=0 res=1
[    0.570875] thermal_sys: Registered thermal governor 'fair_share'
[    0.570875] thermal_sys: Registered thermal governor 'step_wise'
[    0.572878] thermal_sys: Registered thermal governor 'user_space'
[    0.576901] cpuidle: using governor menu
[    0.582897] acpiphp: ACPI Hot Plug PCI Controller Driver version: 0.5
[    0.588021] PCI: Using configuration type 1 for base access
[    0.591345] kprobes: kprobe jump-optimization is enabled. All kprobes are optimized if possible.
[    0.602874] HugeTLB: registered 2.00 MiB page size, pre-allocated 0 pages
[    0.603878] HugeTLB: 28 KiB vmemmap can be freed for a 2.00 MiB page
[    0.605080] cryptd: max_cpu_qlen set to 1000
[    0.608992] ACPI: Added _OSI(Module Device)
[    0.611877] ACPI: Added _OSI(Processor Device)
[    0.614877] ACPI: Added _OSI(3.0 _SCP Extensions)
[    0.617877] ACPI: Added _OSI(Processor Aggregator Device)
[    0.624908] ACPI: 2 ACPI AML tables successfully acquired and loaded
[    0.635918] ACPI: _OSC evaluation for CPUs failed, trying _PDC
[    0.641955] ACPI: Interpreter enabled
[    0.643914] ACPI: PM: (supports S0 S5)
[    0.647879] ACPI: Using IOAPIC for interrupt routing
[    0.650350] PCI: Using host bridge windows from ACPI; if necessary, use "pci=nocrs" and report a bug
[    0.657880] PCI: Using E820 reservations for host bridge windows
[    0.661013] ACPI: Enabled 2 GPEs in block 00 to 07
[    0.669874] ACPI: PCI Root Bridge [PCI0] (domain 0000 [bus 00-ff])
[    0.669874] acpi PNP0A03:00: _OSC: OS supports [ASPM ClockPM Segments MSI EDR HPX-Type3]
[    0.669874] acpi PNP0A03:00: _OSC: not requesting OS control; OS requires [ExtendedConfig ASPM ClockPM MSI]
[    0.671372] acpi PNP0A03:00: fail to add MMCONFIG information, can't access extended configuration space under this bridge
[    0.671874] PCI host bridge to bus 0000:00
[    0.671874] pci_bus 0000:00: root bus resource [io  0x0000-0x0cf7 window]
[    0.671874] pci_bus 0000:00: root bus resource [io  0x0d00-0xffff window]
[    0.671874] pci_bus 0000:00: root bus resource [mem 0x000a0000-0x000bffff window]
[    0.671874] pci_bus 0000:00: root bus resource [mem 0xe0000000-0xfdffffff window]
[    0.671874] pci_bus 0000:00: root bus resource [bus 00-ff]
[    0.671874] pci 0000:00:00.0: [8086:1237] type 00 class 0x060000
[    0.672221] pci 0000:00:01.0: [8086:7000] type 00 class 0x060100
[    0.672874] pci 0000:00:02.0: [15ad:0405] type 00 class 0x030000
[    0.673874] pci 0000:00:02.0: reg 0x10: [io  0xd000-0xd00f]
[    0.677874] pci 0000:00:02.0: reg 0x14: [mem 0xe0000000-0xe0ffffff pref]
[    0.680874] pci 0000:00:02.0: reg 0x18: [mem 0xf0000000-0xf01fffff]
[    0.691496] pci 0000:00:02.0: Video device with shadowed ROM at [mem 0x000c0000-0x000dffff]
[    0.692076] pci 0000:00:03.0: [8086:100e] type 00 class 0x020000
[    0.696984] pci 0000:00:03.0: reg 0x10: [mem 0xf0200000-0xf021ffff]
[    0.702101] pci 0000:00:03.0: reg 0x18: [io  0xd010-0xd017]
[    0.711879] pci 0000:00:04.0: [80ee:cafe] type 00 class 0x088000
[    0.713102] pci 0000:00:04.0: reg 0x10: [io  0xd020-0xd03f]
[    0.718017] pci 0000:00:04.0: reg 0x14: [mem 0xf0400000-0xf07fffff]
[    0.723042] pci 0000:00:04.0: reg 0x18: [mem 0xf0800000-0xf0803fff pref]
[    0.732028] pci 0000:00:05.0: [8086:2415] type 00 class 0x040100
[    0.736343] pci 0000:00:05.0: reg 0x10: [io  0xd100-0xd1ff]
[    0.740085] pci 0000:00:05.0: reg 0x14: [io  0xd200-0xd23f]
[    0.740874] pci 0000:00:06.0: [106b:003f] type 00 class 0x0c0310
[    0.741047] pci 0000:00:06.0: reg 0x10: [mem 0xf0804000-0xf0804fff]
[    0.753012] pci 0000:00:07.0: [8086:7113] type 00 class 0x068000
[    0.759264] pci 0000:00:07.0: quirk: [io  0x4000-0x403f] claimed by PIIX4 ACPI
[    0.762927] pci 0000:00:07.0: quirk: [io  0x4100-0x410f] claimed by PIIX4 SMB
[    0.768874] pci 0000:00:08.0: [8086:100e] type 00 class 0x020000
[    0.769039] pci 0000:00:08.0: reg 0x10: [mem 0xf0820000-0xf083ffff]
[    0.775006] pci 0000:00:08.0: reg 0x18: [io  0xd240-0xd247]
[    0.784149] pci 0000:00:0b.0: [8086:265c] type 00 class 0x0c0320
[    0.791052] pci 0000:00:0b.0: reg 0x10: [mem 0xf0840000-0xf0840fff]
[    0.806011] pci 0000:00:0d.0: [8086:2829] type 00 class 0x010601
[    0.813194] pci 0000:00:0d.0: reg 0x10: [io  0xd248-0xd24f]
[    0.820046] pci 0000:00:0d.0: reg 0x14: [io  0xd250-0xd253]
[    0.824054] pci 0000:00:0d.0: reg 0x18: [io  0xd258-0xd25f]
[    0.830919] pci 0000:00:0d.0: reg 0x1c: [io  0xd260-0xd263]
[    0.837056] pci 0000:00:0d.0: reg 0x20: [io  0xd270-0xd27f]
[    0.843044] pci 0000:00:0d.0: reg 0x24: [mem 0xf0842000-0xf0843fff]
[    0.856407] ACPI: PCI: Interrupt link LNKA configured for IRQ 11
[    0.861982] ACPI: PCI: Interrupt link LNKB configured for IRQ 10
[    0.865996] ACPI: PCI: Interrupt link LNKC configured for IRQ 9
[    0.869888] ACPI: PCI: Interrupt link LNKD configured for IRQ 11
[    0.874113] iommu: Default domain type: Translated
[    0.876877] iommu: DMA domain TLB invalidation policy: lazy mode
[    0.879966] SCSI subsystem initialized
[    0.883900] ACPI: bus type USB registered
[    0.885904] usbcore: registered new interface driver usbfs
[    0.888901] usbcore: registered new interface driver hub
[    0.892903] usbcore: registered new device driver usb
[    0.895916] pps_core: LinuxPPS API ver. 1 registered
[    0.898879] pps_core: Software ver. 5.3.6 - Copyright 2005-2007 Rodolfo Giometti <giometti@linux.it>
[    0.903892] PTP clock support registered
[    0.906969] EDAC MC: Ver: 3.0.0
[    0.911167] NetLabel: Initializing
[    0.914879] NetLabel:  domain hash size = 128
[    0.917878] NetLabel:  protocols = UNLABELED CIPSOv4 CALIPSO
[    0.920914] NetLabel:  unlabeled traffic allowed by default
[    0.924879] PCI: Using ACPI for IRQ routing
[    0.927878] PCI: pci_cache_line_size set to 64 bytes
[    0.929167] e820: reserve RAM buffer [mem 0x0009fc00-0x0009ffff]
[    0.929172] e820: reserve RAM buffer [mem 0xdfff0000-0xdfffffff]
[    0.929941] pci 0000:00:02.0: vgaarb: setting as boot VGA device
[    0.930874] pci 0000:00:02.0: vgaarb: bridge control possible
[    0.930874] pci 0000:00:02.0: vgaarb: VGA device added: decodes=io+mem,owns=io+mem,locks=none
[    0.939881] vgaarb: loaded
[    0.943879] clocksource: Switched to clocksource kvm-clock
[    0.948792] VFS: Disk quotas dquot_6.6.0
[    0.950688] VFS: Dquot-cache hash table entries: 512 (order 0, 4096 bytes)
[    0.953312] pnp: PnP ACPI init
[    0.956594] pnp: PnP ACPI: found 2 devices
[    0.981681] clocksource: acpi_pm: mask: 0xffffff max_cycles: 0xffffff, max_idle_ns: 2085701024 ns
[    0.984438] NET: Registered PF_INET protocol family
[    0.986561] IP idents hash table entries: 65536 (order: 7, 524288 bytes, linear)
[    0.989808] tcp_listen_portaddr_hash hash table entries: 2048 (order: 3, 32768 bytes, linear)
[    0.993104] Table-perturb hash table entries: 65536 (order: 6, 262144 bytes, linear)
[    0.995917] TCP established hash table entries: 32768 (order: 6, 262144 bytes, linear)
[    0.998763] TCP bind hash table entries: 32768 (order: 8, 1048576 bytes, linear)
[    1.000855] TCP: Hash tables configured (established 32768 bind 32768)
[    1.002726] MPTCP token hash table entries: 4096 (order: 4, 98304 bytes, linear)
[    1.006037] UDP hash table entries: 2048 (order: 4, 65536 bytes, linear)
[    1.008807] UDP-Lite hash table entries: 2048 (order: 4, 65536 bytes, linear)
[    1.012238] NET: Registered PF_UNIX/PF_LOCAL protocol family
[    1.015552] NET: Registered PF_XDP protocol family
[    1.017064] pci_bus 0000:00: resource 4 [io  0x0000-0x0cf7 window]
[    1.018772] pci_bus 0000:00: resource 5 [io  0x0d00-0xffff window]
[    1.021112] pci_bus 0000:00: resource 6 [mem 0x000a0000-0x000bffff window]
[    1.022929] pci_bus 0000:00: resource 7 [mem 0xe0000000-0xfdffffff window]
[    1.024933] pci 0000:00:00.0: Limiting direct PCI/PCI transfers
[    1.032319] PCI: CLS 0 bytes, default 64
[    1.033759] Trying to unpack rootfs image as initramfs...
[    1.033816] PCI-DMA: Using software bounce buffering for IO (SWIOTLB)
[    1.038027] software IO TLB: mapped [mem 0x00000000c6000000-0x00000000ca000000] (64MB)
[    1.041716] ACPI: bus type thunderbolt registered
[    1.044855] clocksource: tsc: mask: 0xffffffffffffffff max_cycles: 0x213591bc648, max_idle_ns: 440795213155 ns
[    1.049176] clocksource: Switched to clocksource tsc
[    1.051217] platform rtc_cmos: registered platform RTC device (no PNP device found)
[    1.107518] Initialise system trusted keyrings
[    1.110041] Key type blacklist registered
[    1.112900] workingset: timestamp_bits=36 max_order=20 bucket_order=0
[    1.116880] zbud: loaded
[    1.123447] integrity: Platform Keyring initialized
[    1.135325] NET: Registered PF_ALG protocol family
[    1.137612] Key type asymmetric registered
[    1.139500] Asymmetric key parser 'x509' registered
[    1.141174] Running certificate verification selftests
[    1.163087] Loaded X.509 cert 'Certificate verification self-testing key: f58703bb33ce1b73ee02eccdee5b8817518fe3db'
[    2.400485] Freeing initrd memory: 92548K
[    2.428414] Block layer SCSI generic (bsg) driver version 0.4 loaded (major 245)
[    2.431049] io scheduler mq-deadline registered
[    2.432871] io scheduler kyber registered
[    2.433835] io scheduler bfq registered
[    2.440741] atomic64_test: passed for x86-64 platform with CX8 and with SSE
[    2.443868] shpchp: Standard Hot Plug PCI Controller Driver version: 0.4
[    2.447029] ACPI: AC: AC Adapter [AC] (off-line)
[    2.448800] input: Power Button as /devices/LNXSYSTM:00/LNXPWRBN:00/input/input0
[    2.451734] ACPI: button: Power Button [PWRF]
[    2.452667] input: Sleep Button as /devices/LNXSYSTM:00/LNXSLPBN:00/input/input1
[    2.456565] ACPI: button: Sleep Button [SLPF]
[    2.459588] Serial: 8250/16550 driver, 4 ports, IRQ sharing enabled
[    2.461366] ACPI: battery: Slot [BAT0] (battery present)
[    2.464042] Non-volatile memory driver v1.3
[    2.469407] rdac: device handler registered
[    2.471685] hp_sw: device handler registered
[    2.473379] emc: device handler registered
[    2.475681] alua: device handler registered
[    2.480679] ohci-pci 0000:00:06.0: OHCI PCI host controller
[    2.482968] ohci-pci 0000:00:06.0: new USB bus registered, assigned bus number 1
[    2.486055] ohci-pci 0000:00:06.0: irq 22, io mem 0xf0804000
[    2.542317] usb usb1: New USB device found, idVendor=1d6b, idProduct=0001, bcdDevice= 6.06
[    2.545562] usb usb1: New USB device strings: Mfr=3, Product=2, SerialNumber=1
[    2.547772] usb usb1: Product: OHCI PCI host controller
[    2.549918] usb usb1: Manufacturer: Linux 6.6.0-thor_kernel ohci_hcd
[    2.551897] usb usb1: SerialNumber: 0000:00:06.0
[    2.554444] hub 1-0:1.0: USB hub found
[    2.556636] hub 1-0:1.0: 12 ports detected
[    2.559488] ehci-pci 0000:00:0b.0: EHCI Host Controller
[    2.559596] usbcore: registered new interface driver usbserial_generic
[    2.561455] ehci-pci 0000:00:0b.0: new USB bus registered, assigned bus number 2
[    2.563339] usbserial: USB Serial support registered for generic
[    2.568090] ehci-pci 0000:00:0b.0: irq 19, io mem 0xf0840000
[    2.568690] i8042: PNP: PS/2 Controller [PNP0303:PS2K,PNP0f03:PS2M] at 0x60,0x64 irq 1,12
[    2.575629] serio: i8042 KBD port at 0x60,0x64 irq 1
[    2.577775] ehci-pci 0000:00:0b.0: USB 2.0 started, EHCI 1.00
[    2.577797] serio: i8042 AUX port at 0x60,0x64 irq 12
[    2.578677] usb usb2: New USB device found, idVendor=1d6b, idProduct=0002, bcdDevice= 6.06
[    2.581411] mousedev: PS/2 mouse device common for all mice
[    2.583923] usb usb2: New USB device strings: Mfr=3, Product=2, SerialNumber=1
[    2.589026] usb usb2: Product: EHCI Host Controller
[    2.589480] input: AT Translated Set 2 keyboard as /devices/platform/i8042/serio0/input/input2
[    2.590775] usb usb2: Manufacturer: Linux 6.6.0-thor_kernel ehci_hcd
[    2.590778] usb usb2: SerialNumber: 0000:00:0b.0
[    2.591135] rtc_cmos rtc_cmos: registered as rtc0
[    2.591274] hub 2-0:1.0: USB hub found
[    2.591279] hub 2-0:1.0: 12 ports detected
[    2.604161] rtc_cmos rtc_cmos: setting system clock to 2023-11-10T12:46:07 UTC (1699620367)
[    2.607890] rtc_cmos rtc_cmos: alarms up to one day, 114 bytes nvram
[    2.610124] intel_pstate: CPU model not supported
[    2.612441] hid: raw HID events driver (C) Jiri Kosina
[    2.614458] usbcore: registered new interface driver usbhid
[    2.615293] usbhid: USB HID core driver
[    2.617900] drop_monitor: Initializing network drop monitor service
[    2.637415] Initializing XFRM netlink socket
[    2.639251] NET: Registered PF_INET6 protocol family
[    2.642173] Segment Routing with IPv6
[    2.643687] In-situ OAM (IOAM) with IPv6
[    2.645165] NET: Registered PF_PACKET protocol family
[    2.647411] mpls_gso: MPLS GSO support
[    2.651088] IPI shorthand broadcast: enabled
[    2.652615] AVX2 version of gcm_enc/dec engaged.
[    2.655906] AES CTR mode by8 optimization enabled
[    2.658465] sched_clock: Marking stable (2406183140, 251282259)->(2799183520, -141718121)
[    2.662702] registered taskstats version 1
[    2.666366] Loading compiled-in X.509 certificates
[    2.670071] Loaded X.509 cert 'Build time autogenerated kernel key: ae4740cc8090888f1f778b5a79baa8876fb7a688'
[    2.675237] page_owner is disabled
[    2.676840] Key type big_key registered
[    2.688848] Key type encrypted registered
[    2.690958] ima: No TPM chip found, activating TPM-bypass!
[    2.692832] Loading compiled-in module X.509 certificates
[    2.695715] Loaded X.509 cert 'Build time autogenerated kernel key: ae4740cc8090888f1f778b5a79baa8876fb7a688'
[    2.698735] ima: Allocated hash algorithm: sha256
[    2.700621] ima: No architecture policies found
[    2.702416] evm: Initialising EVM extended attributes:
[    2.704081] evm: security.selinux
[    2.705474] evm: security.SMACK64 (disabled)
[    2.706987] evm: security.SMACK64EXEC (disabled)
[    2.708556] evm: security.SMACK64TRANSMUTE (disabled)
[    2.711422] evm: security.SMACK64MMAP (disabled)
[    2.713052] evm: security.apparmor (disabled)
[    2.715029] evm: security.ima
[    2.716459] evm: security.capability
[    2.717711] evm: HMAC attrs: 0x1
[    2.847368] input: ImExPS/2 Generic Explorer Mouse as /devices/platform/i8042/serio1/input/input4
[    2.928738] clk: Disabling unused clocks
[    2.931603] Freeing unused decrypted memory: 2028K
[    2.933690] Freeing unused kernel image (initmem) memory: 4040K
[    2.938961] Write protecting the kernel read-only data: 30720k
[    2.941799] Freeing unused kernel image (rodata/data gap) memory: 1920K
[    2.991654] x86/mm: Checked W+X mappings: passed, no W+X pages found.
[    2.993474] x86/mm: Checking user space page tables
[    3.042032] x86/mm: Checked W+X mappings: passed, no W+X pages found.
[    3.043884] Run /init as init process
[    3.045140]   with arguments:
[    3.045142]     /init
[    3.045142]   with environment:
[    3.045143]     HOME=/
[    3.045144]     TERM=linux
[    3.045144]     BOOT_IMAGE=(hd0,msdos1)/vmlinuz-6.6.0-thor_kernel
[    3.055497] systemd[1]: systemd 252-14.el9_2.3.0.1 running in system mode (+PAM +AUDIT +SELINUX -APPARMOR +IMA +SMACK +SECCOMP +GCRYPT +GNUTLS +OPENSSL +ACL +BLKID +CURL +ELFUTILS -FIDO2 +IDN2 -IDN -IPTC +KMOD +LIBCRYPTSETUP +LIBFDISK +PCRE2 -PWQUALITY +P11KIT -QRENCODE +TPM2 +BZIP2 +LZ4 +XZ +ZLIB +ZSTD -BPF_FRAMEWORK +XKBCOMMON +UTMP +SYSVINIT default-hierarchy=unified)
[    3.063626] systemd[1]: Detected virtualization oracle.
[    3.065671] systemd[1]: Detected architecture x86-64.
[    3.067166] systemd[1]: Running in initrd.
[    3.075447] systemd[1]: Hostname set to <nsimon>.
[    3.077734] systemd[1]: Invalid DMI field header.
[    3.185040] systemd[1]: Queued start job for default target Initrd Default Target.
[    3.202066] systemd[1]: Created slice Slice /system/systemd-hibernate-resume.
[    3.207914] systemd[1]: Started Dispatch Password Requests to Console Directory Watch.
[    3.213528] systemd[1]: Reached target Initrd /usr File System.
[    3.217444] systemd[1]: Reached target Path Units.
[    3.220865] systemd[1]: Reached target Slice Units.
[    3.225039] systemd[1]: Reached target Swaps.
[    3.228616] systemd[1]: Reached target Timer Units.
[    3.233247] systemd[1]: Listening on D-Bus System Message Bus Socket.
[    3.237897] systemd[1]: Listening on Journal Socket (/dev/log).
[    3.242389] systemd[1]: Listening on Journal Socket.
[    3.247070] systemd[1]: Listening on udev Control Socket.
[    3.251168] systemd[1]: Listening on udev Kernel Socket.
[    3.255534] systemd[1]: Reached target Socket Units.
[    3.286051] systemd[1]: Starting Create List of Static Device Nodes...
[    3.293804] systemd[1]: Starting Journal Service...
[    3.298675] systemd[1]: Starting Load Kernel Modules...
[    3.303988] systemd[1]: Starting Create System Users...
[    3.310338] systemd[1]: Starting Setup Virtual Console...
[    3.317668] systemd[1]: Finished Create List of Static Device Nodes.
[    3.332173] systemd[1]: Finished Create System Users.
[    3.346994] fuse: init (API version 7.39)
[    3.457796] systemd[1]: Started Journal Service.
[    3.861680] device-mapper: core: CONFIG_IMA_DISABLE_HTABLE is disabled. Duplicate IMA measurements will not be recorded in the IMA log.
[    3.864648] device-mapper: uevent: version 1.0.3
[    3.866223] device-mapper: ioctl: 4.48.0-ioctl (2023-03-01) initialised: dm-devel@redhat.com
[    4.155888] libata version 3.00 loaded.
[    4.165445] ACPI: video: Video Device [GFX0] (multi-head: yes  rom: no  post: no)
[    4.170163] input: Video Bus as /devices/LNXSYSTM:00/LNXSYBUS:00/PNP0A03:00/LNXVIDEO:00/input/input5
[    4.170295] ahci 0000:00:0d.0: version 3.0
[    4.179464] ahci 0000:00:0d.0: SSS flag set, parallel bus scan disabled
[    4.188164] ahci 0000:00:0d.0: AHCI 0001.0100 32 slots 30 ports 3 Gbps 0x3fffffff impl SATA mode
[    4.188169] ahci 0000:00:0d.0: flags: 64bit ncq stag only ccc 
[    4.203764] scsi host0: ahci
[    4.204429] scsi host1: ahci
[    4.204940] scsi host2: ahci
[    4.205613] scsi host3: ahci
[    4.206132] scsi host4: ahci
[    4.206891] scsi host5: ahci
[    4.207319] scsi host6: ahci
[    4.208030] scsi host7: ahci
[    4.208929] scsi host8: ahci
[    4.209931] scsi host9: ahci
[    4.211197] scsi host10: ahci
[    4.212291] scsi host11: ahci
[    4.213597] scsi host12: ahci
[    4.214186] scsi host13: ahci
[    4.215114] scsi host14: ahci
[    4.216639] scsi host15: ahci
[    4.217674] scsi host16: ahci
[    4.218214] scsi host17: ahci
[    4.218939] scsi host18: ahci
[    4.219656] scsi host19: ahci
[    4.220139] scsi host20: ahci
[    4.220818] scsi host21: ahci
[    4.221318] scsi host22: ahci
[    4.222044] scsi host23: ahci
[    4.222790] scsi host24: ahci
[    4.223292] scsi host25: ahci
[    4.224659] scsi host26: ahci
[    4.225252] scsi host27: ahci
[    4.225948] scsi host28: ahci
[    4.226928] scsi host29: ahci
[    4.227145] ata1: SATA max UDMA/133 abar m8192@0xf0842000 port 0xf0842100 irq 21
[    4.227225] ata2: SATA max UDMA/133 abar m8192@0xf0842000 port 0xf0842180 irq 21
[    4.227308] ata3: SATA max UDMA/133 abar m8192@0xf0842000 port 0xf0842200 irq 21
[    4.227330] ata4: SATA max UDMA/133 abar m8192@0xf0842000 port 0xf0842280 irq 21
[    4.227351] ata5: SATA max UDMA/133 abar m8192@0xf0842000 port 0xf0842300 irq 21
[    4.227375] ata6: SATA max UDMA/133 abar m8192@0xf0842000 port 0xf0842380 irq 21
[    4.227396] ata7: SATA max UDMA/133 abar m8192@0xf0842000 port 0xf0842400 irq 21
[    4.227417] ata8: SATA max UDMA/133 abar m8192@0xf0842000 port 0xf0842480 irq 21
[    4.227443] ata9: SATA max UDMA/133 abar m8192@0xf0842000 port 0xf0842500 irq 21
[    4.227470] ata10: SATA max UDMA/133 abar m8192@0xf0842000 port 0xf0842580 irq 21
[    4.227492] ata11: SATA max UDMA/133 abar m8192@0xf0842000 port 0xf0842600 irq 21
[    4.227513] ata12: SATA max UDMA/133 abar m8192@0xf0842000 port 0xf0842680 irq 21
[    4.227709] ata13: SATA max UDMA/133 abar m8192@0xf0842000 port 0xf0842700 irq 21
[    4.227735] ata14: SATA max UDMA/133 abar m8192@0xf0842000 port 0xf0842780 irq 21
[    4.227755] ata15: SATA max UDMA/133 abar m8192@0xf0842000 port 0xf0842800 irq 21
[    4.227779] ata16: SATA max UDMA/133 abar m8192@0xf0842000 port 0xf0842880 irq 21
[    4.227800] ata17: SATA max UDMA/133 abar m8192@0xf0842000 port 0xf0842900 irq 21
[    4.227821] ata18: SATA max UDMA/133 abar m8192@0xf0842000 port 0xf0842980 irq 21
[    4.227843] ata19: SATA max UDMA/133 abar m8192@0xf0842000 port 0xf0842a00 irq 21
[    4.227864] ata20: SATA max UDMA/133 abar m8192@0xf0842000 port 0xf0842a80 irq 21
[    4.227885] ata21: SATA max UDMA/133 abar m8192@0xf0842000 port 0xf0842b00 irq 21
[    4.227907] ata22: SATA max UDMA/133 abar m8192@0xf0842000 port 0xf0842b80 irq 21
[    4.227928] ata23: SATA max UDMA/133 abar m8192@0xf0842000 port 0xf0842c00 irq 21
[    4.227951] ata24: SATA max UDMA/133 abar m8192@0xf0842000 port 0xf0842c80 irq 21
[    4.227973] ata25: SATA max UDMA/133 abar m8192@0xf0842000 port 0xf0842d00 irq 21
[    4.227996] ata26: SATA max UDMA/133 abar m8192@0xf0842000 port 0xf0842d80 irq 21
[    4.228019] ata27: SATA max UDMA/133 abar m8192@0xf0842000 port 0xf0842e00 irq 21
[    4.228042] ata28: SATA max UDMA/133 abar m8192@0xf0842000 port 0xf0842e80 irq 21
[    4.228064] ata29: SATA max UDMA/133 abar m8192@0xf0842000 port 0xf0842f00 irq 21
[    4.228086] ata30: SATA max UDMA/133 abar m8192@0xf0842000 port 0xf0842f80 irq 21
[    4.538218] ata1: SATA link up 3.0 Gbps (SStatus 123 SControl 300)
[    4.541480] ata1.00: ATA-6: VBOX HARDDISK, 1.0, max UDMA/133
[    4.543647] ata1.00: 88080384 sectors, multi 128: LBA48 NCQ (depth 32)
[    4.546788] ata1.00: configured for UDMA/133
[    4.548647] scsi 0:0:0:0: Direct-Access     ATA      VBOX HARDDISK    1.0  PQ: 0 ANSI: 5
[    4.866520] ata2: SATA link down (SStatus 0 SControl 300)
[    5.182614] ata3: SATA link down (SStatus 0 SControl 300)
[    5.507120] ata4: SATA link down (SStatus 0 SControl 300)
[    5.828223] ata5: SATA link down (SStatus 0 SControl 300)
[    6.149419] ata6: SATA link down (SStatus 0 SControl 300)
[    6.464502] ata7: SATA link down (SStatus 0 SControl 300)
[    6.776899] ata8: SATA link down (SStatus 0 SControl 300)
[    7.093588] ata9: SATA link down (SStatus 0 SControl 300)
[    7.406591] ata10: SATA link down (SStatus 0 SControl 300)
[    7.721831] ata11: SATA link down (SStatus 0 SControl 300)
[    8.039878] ata12: SATA link down (SStatus 0 SControl 300)
[    8.351878] ata13: SATA link down (SStatus 0 SControl 300)
[    8.665741] ata14: SATA link down (SStatus 0 SControl 300)
[    8.987584] ata15: SATA link down (SStatus 0 SControl 300)
[    9.305549] ata16: SATA link down (SStatus 0 SControl 300)
[    9.622808] ata17: SATA link down (SStatus 0 SControl 300)
[    9.941831] ata18: SATA link down (SStatus 0 SControl 300)
[   10.254488] ata19: SATA link down (SStatus 0 SControl 300)
[   10.566998] ata20: SATA link down (SStatus 0 SControl 300)
[   10.884057] ata21: SATA link down (SStatus 0 SControl 300)
[   11.203942] ata22: SATA link down (SStatus 0 SControl 300)
[   11.522208] ata23: SATA link down (SStatus 0 SControl 300)
[   11.840818] ata24: SATA link down (SStatus 0 SControl 300)
[   12.158742] ata25: SATA link down (SStatus 0 SControl 300)
[   12.470482] ata26: SATA link down (SStatus 0 SControl 300)
[   12.786377] ata27: SATA link down (SStatus 0 SControl 300)
[   13.103725] ata28: SATA link down (SStatus 0 SControl 300)
[   13.413825] ata29: SATA link down (SStatus 0 SControl 300)
[   13.726812] ata30: SATA link down (SStatus 0 SControl 300)
[   13.758489] scsi 0:0:0:0: Attached scsi generic sg0 type 0
[   13.769143] sd 0:0:0:0: [sda] 88080384 512-byte logical blocks: (45.1 GB/42.0 GiB)
[   13.772202] sd 0:0:0:0: [sda] Write Protect is off
[   13.773804] sd 0:0:0:0: [sda] Mode Sense: 00 3a 00 00
[   13.773844] sd 0:0:0:0: [sda] Write cache: enabled, read cache: enabled, doesn't support DPO or FUA
[   13.777518] sd 0:0:0:0: [sda] Preferred minimum I/O size 512 bytes
[   13.782608]  sda: sda1 sda2
[   13.784140] sd 0:0:0:0: [sda] Attached SCSI disk
[   14.136937] PM: Image not found (code -22)
[   15.164129] SGI XFS with ACLs, security attributes, scrub, quota, fatal assert, debug enabled
[   15.173328] XFS (dm-0): Mounting V5 Filesystem 840e802d-9391-4dcc-93a3-7adcc452ee2f
[   15.203926] XFS (dm-0): Ending clean mount
[   15.517594] systemd[1]: memfd_create() called without MFD_EXEC or MFD_NOEXEC_SEAL set
[   15.531925] systemd-journald[299]: Received SIGTERM from PID 1 (systemd).
[   15.675278] audit: type=1404 audit(1699620380.569:2): enforcing=1 old_enforcing=0 auid=4294967295 ses=4294967295 enabled=1 old-enabled=1 lsm=selinux res=1
[   15.725906] SELinux:  Class user_namespace not defined in policy.
[   15.727850] SELinux: the above unknown classes and permissions will be allowed
[   15.732326] SELinux:  policy capability network_peer_controls=1
[   15.734031] SELinux:  policy capability open_perms=1
[   15.737117] SELinux:  policy capability extended_socket_class=1
[   15.739122] SELinux:  policy capability always_check_network=0
[   15.741088] SELinux:  policy capability cgroup_seclabel=1
[   15.742914] SELinux:  policy capability nnp_nosuid_transition=1
[   15.744929] SELinux:  policy capability genfs_seclabel_symlinks=1
[   15.747309] SELinux:  policy capability ioctl_skip_cloexec=0
[   15.781989] audit: type=1403 audit(1699620380.676:3): auid=4294967295 ses=4294967295 lsm=selinux res=1
[   15.786285] systemd[1]: Successfully loaded SELinux policy in 111.524ms.
[   15.839252] systemd[1]: Relabelled /dev, /dev/shm, /run, /sys/fs/cgroup in 32.474ms.
[   15.848652] systemd[1]: systemd 252-14.el9_2.3.0.1 running in system mode (+PAM +AUDIT +SELINUX -APPARMOR +IMA +SMACK +SECCOMP +GCRYPT +GNUTLS +OPENSSL +ACL +BLKID +CURL +ELFUTILS -FIDO2 +IDN2 -IDN -IPTC +KMOD +LIBCRYPTSETUP +LIBFDISK +PCRE2 -PWQUALITY +P11KIT -QRENCODE +TPM2 +BZIP2 +LZ4 +XZ +ZLIB +ZSTD -BPF_FRAMEWORK +XKBCOMMON +UTMP +SYSVINIT default-hierarchy=unified)
[   15.857114] systemd[1]: Detected virtualization oracle.
[   15.859182] systemd[1]: Detected architecture x86-64.
[   15.877908] systemd[1]: Invalid DMI field header.
[   15.934297] systemd-rc-local-generator[724]: /etc/rc.d/rc.local is not marked executable, skipping.
[   16.187807] systemd[1]: initrd-switch-root.service: Deactivated successfully.
[   16.190307] systemd[1]: Stopped Switch Root.
[   16.194992] systemd[1]: systemd-journald.service: Scheduled restart job, restart counter is at 1.
[   16.197682] systemd[1]: Created slice Slice /system/getty.
[   16.203385] systemd[1]: Created slice Slice /system/modprobe.
[   16.206429] systemd[1]: Created slice Slice /system/sshd-keygen.
[   16.210707] systemd[1]: Created slice User and Session Slice.
[   16.214508] systemd[1]: Started Dispatch Password Requests to Console Directory Watch.
[   16.218095] systemd[1]: Started Forward Password Requests to Wall Directory Watch.
[   16.223251] systemd[1]: Set up automount Arbitrary Executable File Formats File System Automount Point.
[   16.227566] systemd[1]: Reached target Local Encrypted Volumes.
[   16.231415] systemd[1]: Stopped target Switch Root.
[   16.234156] systemd[1]: Stopped target Initrd File Systems.
[   16.237720] systemd[1]: Stopped target Initrd Root File System.
[   16.240762] systemd[1]: Reached target Local Integrity Protected Volumes.
[   16.244409] systemd[1]: Reached target Path Units.
[   16.247719] systemd[1]: Reached target Remote File Systems.
[   16.250305] systemd[1]: Reached target Slice Units.
[   16.253294] systemd[1]: Reached target Local Verity Protected Volumes.
[   16.256653] systemd[1]: Listening on Device-mapper event daemon FIFOs.
[   16.263871] systemd[1]: Listening on LVM2 poll daemon socket.
[   16.269084] systemd[1]: Listening on Process Core Dump Socket.
[   16.272588] systemd[1]: Listening on initctl Compatibility Named Pipe.
[   16.279433] systemd[1]: Listening on udev Control Socket.
[   16.283443] systemd[1]: Listening on udev Kernel Socket.
[   16.306258] systemd[1]: Activating swap /dev/mapper/rl-swap...
[   16.312907] systemd[1]: Mounting Huge Pages File System...
[   16.319675] Adding 2097148k swap on /dev/mapper/rl-swap.  Priority:-2 extents:1 across:2097148k 
[   16.319868] systemd[1]: Mounting POSIX Message Queue File System...
[   16.329753] systemd[1]: Mounting Kernel Debug File System...
[   16.334717] systemd[1]: Mounting Kernel Trace File System...
[   16.342406] systemd[1]: Starting Create List of Static Device Nodes...
[   16.348648] systemd[1]: Starting Monitoring of LVM2 mirrors, snapshots etc. using dmeventd or progress polling...
[   16.355909] systemd[1]: Starting Load Kernel Module configfs...
[   16.361729] systemd[1]: Starting Load Kernel Module drm...
[   16.368021] systemd[1]: Starting Load Kernel Module fuse...
[   16.376555] systemd[1]: Starting Read and set NIS domainname from /etc/sysconfig/network...
[   16.382813] systemd[1]: systemd-fsck-root.service: Deactivated successfully.
[   16.387104] systemd[1]: Stopped File System Check on Root Device.
[   16.393535] systemd[1]: Stopped Journal Service.
[   16.439346] systemd[1]: Starting Journal Service...
[   16.444248] systemd[1]: Starting Load Kernel Modules...
[   16.450877] systemd[1]: Starting Generate network units from Kernel command line...
[   16.458284] systemd[1]: Starting Remount Root and Kernel File Systems...
[   16.465501] systemd[1]: Repartition Root Disk was skipped because no trigger condition checks were met.
[   16.471174] systemd[1]: Starting Coldplug All udev Devices...
[   16.486202] systemd[1]: Activated swap /dev/mapper/rl-swap.
[   16.495286] ACPI: bus type drm_connector registered
[   16.495897] systemd[1]: Started Journal Service.
[   16.607002] systemd-journald[745]: Received client request to flush runtime journal.
[   16.871508] piix4_smbus 0000:00:07.0: SMBus Host Controller at 0x4100, revision 0
[   16.897961] e1000: Intel(R) PRO/1000 Network Driver
[   16.900449] e1000: Copyright (c) 1999-2006 Intel Corporation.
[   16.937026] input: PC Speaker as /devices/platform/pcspkr/input/input6
[   17.081312] XFS (sda1): Mounting V5 Filesystem 3a315ef6-c6bb-48a4-8386-833bb212ba52
[   17.086982] vmwgfx 0000:00:02.0: vgaarb: deactivate vga console
[   17.122610] XFS (sda1): Ending clean mount
[   17.138687] RAPL PMU: API unit is 2^-32 Joules, 0 fixed counters, 10737418240 ms ovfl timer
[   17.274338] Console: switching to colour dummy device 80x25
[   17.276261] vmwgfx 0000:00:02.0: [drm] FIFO at 0x00000000f0000000 size is 2048 kiB
[   17.276528] vmwgfx 0000:00:02.0: [drm] VRAM at 0x00000000e0000000 size is 16384 kiB
[   17.276716] vmwgfx 0000:00:02.0: [drm] Running on SVGA version 2.
[   17.276783] vmwgfx 0000:00:02.0: [drm] Capabilities: rect copy, cursor, cursor bypass, cursor bypass 2, alpha cursor, extended fifo, pitchlock, irq mask, gmr, traces, gmr2, screen object 2, command buffers, 
[   17.276785] vmwgfx 0000:00:02.0: [drm] *ERROR* vmwgfx seems to be running on an unsupported hypervisor.
[   17.276787] vmwgfx 0000:00:02.0: [drm] *ERROR* This configuration is likely broken.
[   17.276787] vmwgfx 0000:00:02.0: [drm] *ERROR* Please switch to a supported graphics device to avoid problems.
[   17.276788] vmwgfx 0000:00:02.0: [drm] DMA map mode: Caching DMA mappings.
[   17.277237] vmwgfx 0000:00:02.0: [drm] Legacy memory limits: VRAM = 16384 kB, FIFO = 2048 kB, surface = 507904 kB
[   17.277239] vmwgfx 0000:00:02.0: [drm] MOB limits: max mob size = 0 kB, max mob pages = 0
[   17.277241] vmwgfx 0000:00:02.0: [drm] Max GMR ids is 8192
[   17.277242] vmwgfx 0000:00:02.0: [drm] Max number of GMR pages is 1048576
[   17.277243] vmwgfx 0000:00:02.0: [drm] Maximum display memory size is 16384 kiB
[   17.284897] vmwgfx 0000:00:02.0: [drm] Screen Object display unit initialized
[   17.289531] vmwgfx 0000:00:02.0: [drm] Fifo max 0x00200000 min 0x00001000 cap 0x00000355
[   17.291489] vmwgfx 0000:00:02.0: [drm] Using command buffers with DMA pool.
[   17.291975] vmwgfx 0000:00:02.0: [drm] Available shader model: Legacy.
[   17.294775] [drm] Initialized vmwgfx 2.20.0 20211206 for 0000:00:02.0 on minor 0
[   17.296488] fbcon: vmwgfxdrmfb (fb0) is primary device
[   17.297045] Console: switching to colour frame buffer device 160x50
[   17.304632] vmwgfx 0000:00:02.0: [drm] fb0: vmwgfxdrmfb frame buffer device
[   17.466770] snd_intel8x0 0000:00:05.0: intel8x0_measure_ac97_clock: measured 51464 usecs (2400 samples)
[   17.466798] snd_intel8x0 0000:00:05.0: clocking to 49406
[   17.616725] e1000 0000:00:03.0 eth0: (PCI:33MHz:32-bit) 08:00:27:36:62:6e
[   17.616790] e1000 0000:00:03.0 eth0: Intel(R) PRO/1000 Network Connection
[   18.221141] e1000 0000:00:08.0 eth1: (PCI:33MHz:32-bit) 08:00:27:3d:4f:4f
[   18.221420] e1000 0000:00:08.0 eth1: Intel(R) PRO/1000 Network Connection
[   18.235922] e1000 0000:00:03.0 enp0s3: renamed from eth0
[   18.331521] e1000 0000:00:08.0 enp0s8: renamed from eth1
[   20.801869] e1000: enp0s8 NIC Link is Up 1000 Mbps Full Duplex, Flow Control: RX
[   20.802719] e1000: enp0s3 NIC Link is Up 1000 Mbps Full Duplex, Flow Control: RX
[   22.305936] block dm-0: the capability attribute has been deprecated.
[   23.020802] PEFILE: Unsigned PE binary

[   73.811734] usb 1-1: new full-speed USB device number 2 using ohci-pci
[   74.062882] usb 1-1: New USB device found, idVendor=413c, idProduct=250e, bcdDevice= 1.24
[   74.062918] usb 1-1: New USB device strings: Mfr=1, Product=2, SerialNumber=0
[   74.062935] usb 1-1: Product: Dell Laser Mouse MS3220
[   74.062948] usb 1-1: Manufacturer: Dell Computer Corp
[   74.077595] input: Dell Computer Corp Dell Laser Mouse MS3220 as /devices/pci0000:00/0000:00:06.0/usb1/1-1/1-1:1.0/0003:413C:250E.0001/input/input7
[   74.081506] hid-generic 0003:413C:250E.0001: input,hidraw0: USB HID v1.11 Mouse [Dell Computer Corp Dell Laser Mouse MS3220] on usb-0000:00:06.0-1/input0
[   74.089943] hid-generic 0003:413C:250E.0002: hiddev96,hidraw1: USB HID v1.11 Device [Dell Computer Corp Dell Laser Mouse MS3220] on usb-0000:00:06.0-1/input1
[   74.100548] hid-generic 0003:413C:250E.0003: hiddev97,hidraw2: USB HID v1.11 Device [Dell Computer Corp Dell Laser Mouse MS3220] on usb-0000:00:06.0-1/input2
[   77.554468] usb 1-1: USB disconnect, device number 2

[   82.213024] usb 1-1: new low-speed USB device number 3 using ohci-pci
[   82.447603] usb 1-1: New USB device found, idVendor=413c, idProduct=2113, bcdDevice= 1.10
[   82.447629] usb 1-1: New USB device strings: Mfr=0, Product=2, SerialNumber=0
[   82.447641] usb 1-1: Product: Dell KB216 Wired Keyboard
[   82.464095] input: Dell KB216 Wired Keyboard as /devices/pci0000:00/0000:00:06.0/usb1/1-1/1-1:1.0/0003:413C:2113.0004/input/input8
[   82.517874] hid-generic 0003:413C:2113.0004: input,hidraw0: USB HID v1.11 Keyboard [Dell KB216 Wired Keyboard] on usb-0000:00:06.0-1/input0
[   82.532246] input: Dell KB216 Wired Keyboard Consumer Control as /devices/pci0000:00/0000:00:06.0/usb1/1-1/1-1:1.1/0003:413C:2113.0005/input/input9
[   82.586492] input: Dell KB216 Wired Keyboard System Control as /devices/pci0000:00/0000:00:06.0/usb1/1-1/1-1:1.1/0003:413C:2113.0005/input/input10
[   82.594697] hid-generic 0003:413C:2113.0005: input,hidraw1: USB HID v1.11 Device [Dell KB216 Wired Keyboard] on usb-0000:00:06.0-1/input1
[   82.615137] keyboard_hello: loading out-of-tree module taints kernel.
[   82.615163] keyboard_hello: module verification failed: signature and/or required key missing - tainting kernel
[   82.617307] keyboard-hello: Keyboard connected !
[   91.210230] usb 1-1: USB disconnect, device number 3
